Archive member included to satisfy reference by file (symbol)

D:/gcc_ARM/arm-none-eabi/lib/thumb/v6-m\libc_nano.a(lib_a-malloc.o)
                              ./output/cli.o (malloc)
D:/gcc_ARM/arm-none-eabi/lib/thumb/v6-m\libc_nano.a(lib_a-memset.o)
                              ./output/main.o (memset)
D:/gcc_ARM/arm-none-eabi/lib/thumb/v6-m\libc_nano.a(lib_a-nano-freer.o)
                              D:/gcc_ARM/arm-none-eabi/lib/thumb/v6-m\libc_nano.a(lib_a-malloc.o) (_free_r)
D:/gcc_ARM/arm-none-eabi/lib/thumb/v6-m\libc_nano.a(lib_a-nano-mallocr.o)
                              D:/gcc_ARM/arm-none-eabi/lib/thumb/v6-m\libc_nano.a(lib_a-malloc.o) (_malloc_r)
D:/gcc_ARM/arm-none-eabi/lib/thumb/v6-m\libc_nano.a(lib_a-sbrkr.o)
                              D:/gcc_ARM/arm-none-eabi/lib/thumb/v6-m\libc_nano.a(lib_a-nano-mallocr.o) (_sbrk_r)
D:/gcc_ARM/arm-none-eabi/lib/thumb/v6-m\libc_nano.a(lib_a-strcmp.o)
                              ./output/main.o (strcmp)
D:/gcc_ARM/arm-none-eabi/lib/thumb/v6-m\libc_nano.a(lib_a-strlen.o)
                              ./output/main.o (strlen)
D:/gcc_ARM/arm-none-eabi/lib/thumb/v6-m\libc_nano.a(lib_a-strtok.o)
                              ./output/cli.o (strtok)
D:/gcc_ARM/arm-none-eabi/lib/thumb/v6-m\libc_nano.a(lib_a-strtok_r.o)
                              D:/gcc_ARM/arm-none-eabi/lib/thumb/v6-m\libc_nano.a(lib_a-strtok.o) (__strtok_r)
D:/gcc_ARM/arm-none-eabi/lib/thumb/v6-m\libc_nano.a(lib_a-impure.o)
                              D:/gcc_ARM/arm-none-eabi/lib/thumb/v6-m\libc_nano.a(lib_a-malloc.o) (_impure_ptr)
D:/gcc_ARM/arm-none-eabi/lib/thumb/v6-m\libc_nano.a(lib_a-mlock.o)
                              D:/gcc_ARM/arm-none-eabi/lib/thumb/v6-m\libc_nano.a(lib_a-nano-freer.o) (__malloc_lock)
D:/gcc_ARM/arm-none-eabi/lib/thumb/v6-m\libc_nano.a(lib_a-reent.o)
                              D:/gcc_ARM/arm-none-eabi/lib/thumb/v6-m\libc_nano.a(lib_a-sbrkr.o) (errno)
D:/gcc_ARM/arm-none-eabi/lib/thumb/v6-m\libnosys.a(sbrk.o)
                              D:/gcc_ARM/arm-none-eabi/lib/thumb/v6-m\libc_nano.a(lib_a-sbrkr.o) (_sbrk)

Allocating common symbols
Common symbol       size              file

errno               0x4               D:/gcc_ARM/arm-none-eabi/lib/thumb/v6-m\libc_nano.a(lib_a-reent.o)
command             0x64              ./output/main.o
num_char            0x1               ./output/main.o

Memory Configuration

Name             Origin             Length             Attributes
BOOT             0x00000000         0x00008000         xr
FLASH            0x08000000         0x00008000         xr
RAM              0x20000000         0x00001000         xrw
*default*        0x00000000         0xffffffff

Linker script and memory map


.text           0x08000000     0x16cc
 *(.vectors)
 .vectors       0x08000000       0xc0 ./output/startup_ARMCM0.o
                0x08000000                __Vectors
                0x080000c0                __Vectors_End = .
                0x000000c0                __Vectors_Size = (__Vectors_End - __Vectors)
                0x080000c0                __end__ = .
 *(.text*)
 .text          0x080000c0      0x29c ./output/main.o
                0x080000c0                delay
                0x08000100                led_on
                0x08000160                led_off
                0x080001c0                led_func
                0x0800022c                test_func
                0x08000250                main
 .text          0x0800035c      0x220 ./output/clock.o
                0x0800035c                system_init
                0x0800050c                enabled_clock
 .text          0x0800057c      0x40a ./output/gpio.o
                0x0800057c                set_mode_pin
                0x080007a6                write_pin
                0x0800082c                read_pin
                0x08000876                toggle_pin
                0x080008fe                init_pin
 *fill*         0x08000986        0x2 
 .text          0x08000988      0x274 ./output/interrupt.o
                0x08000988                Reserved_IRQHandler
                0x0800098e                NMI_Handler
                0x08000994                HardFault_Handler
                0x0800099a                SVC_Handler
                0x080009a0                PendSV_Handler
                0x080009a6                SysTick_Handler
                0x080009ac                EXTI0_1_IRQHandler
                0x08000a08                EXTI2_3_IRQHandler
                0x08000a30                USART1_IRQHandler
                0x08000a94                interrupt_init
 .text          0x08000bfc      0x118 ./output/systick.o
                0x08000bfc                systick_init
                0x08000c38                start_systick
                0x08000c78                get_state_systick
                0x08000ca0                delay_ms_systick
                0x08000cd4                start_systick_test
 .text          0x08000d14      0x144 ./output/usart.o
                0x08000d14                usart_init
                0x08000dd0                usart_send_byte
                0x08000e1c                usart_send_string
 .text          0x08000e58      0x2b8 ./output/cli.o
                0x08000e58                help
                0x08000f04                init_cli
                0x08000f6c                add_cli
                0x08000ff8                parse_cli
 .text          0x08001110       0x28 ./output/startup_ARMCM0.o
                0x08001110                Reset_Handler
                0x08001134                Default_Handler
 .text          0x08001138        0x0 D:/gcc_ARM/arm-none-eabi/lib/thumb/v6-m\libc_nano.a(lib_a-malloc.o)
 .text.malloc   0x08001138       0x14 D:/gcc_ARM/arm-none-eabi/lib/thumb/v6-m\libc_nano.a(lib_a-malloc.o)
                0x08001138                malloc
 .text.free     0x0800114c       0x14 D:/gcc_ARM/arm-none-eabi/lib/thumb/v6-m\libc_nano.a(lib_a-malloc.o)
                0x0800114c                free
 .text          0x08001160        0x0 D:/gcc_ARM/arm-none-eabi/lib/thumb/v6-m\libc_nano.a(lib_a-memset.o)
 .text.memset   0x08001160       0x10 D:/gcc_ARM/arm-none-eabi/lib/thumb/v6-m\libc_nano.a(lib_a-memset.o)
                0x08001160                memset
 .text          0x08001170        0x0 D:/gcc_ARM/arm-none-eabi/lib/thumb/v6-m\libc_nano.a(lib_a-nano-freer.o)
 .text._free_r  0x08001170       0x94 D:/gcc_ARM/arm-none-eabi/lib/thumb/v6-m\libc_nano.a(lib_a-nano-freer.o)
                0x08001170                _free_r
 .text          0x08001204        0x0 D:/gcc_ARM/arm-none-eabi/lib/thumb/v6-m\libc_nano.a(lib_a-nano-mallocr.o)
 .text._malloc_r
                0x08001204       0xbc D:/gcc_ARM/arm-none-eabi/lib/thumb/v6-m\libc_nano.a(lib_a-nano-mallocr.o)
                0x08001204                _malloc_r
 .text          0x080012c0        0x0 D:/gcc_ARM/arm-none-eabi/lib/thumb/v6-m\libc_nano.a(lib_a-sbrkr.o)
 .text._sbrk_r  0x080012c0       0x24 D:/gcc_ARM/arm-none-eabi/lib/thumb/v6-m\libc_nano.a(lib_a-sbrkr.o)
                0x080012c0                _sbrk_r
 .text          0x080012e4       0x14 D:/gcc_ARM/arm-none-eabi/lib/thumb/v6-m\libc_nano.a(lib_a-strcmp.o)
                0x080012e4                strcmp
 .text          0x080012f8        0xe D:/gcc_ARM/arm-none-eabi/lib/thumb/v6-m\libc_nano.a(lib_a-strlen.o)
                0x080012f8                strlen
 .text          0x08001306        0x0 D:/gcc_ARM/arm-none-eabi/lib/thumb/v6-m\libc_nano.a(lib_a-strtok.o)
 *fill*         0x08001306        0x2 
 .text.strtok   0x08001308       0x50 D:/gcc_ARM/arm-none-eabi/lib/thumb/v6-m\libc_nano.a(lib_a-strtok.o)
                0x08001308                strtok
 .text          0x08001358        0x0 D:/gcc_ARM/arm-none-eabi/lib/thumb/v6-m\libc_nano.a(lib_a-strtok_r.o)
 .text.__strtok_r
                0x08001358       0x5a D:/gcc_ARM/arm-none-eabi/lib/thumb/v6-m\libc_nano.a(lib_a-strtok_r.o)
                0x08001358                __strtok_r
 .text.strtok_r
                0x080013b2        0xa D:/gcc_ARM/arm-none-eabi/lib/thumb/v6-m\libc_nano.a(lib_a-strtok_r.o)
                0x080013b2                strtok_r
 .text          0x080013bc        0x0 D:/gcc_ARM/arm-none-eabi/lib/thumb/v6-m\libc_nano.a(lib_a-impure.o)
 .text          0x080013bc        0x0 D:/gcc_ARM/arm-none-eabi/lib/thumb/v6-m\libc_nano.a(lib_a-mlock.o)
 .text.__malloc_lock
                0x080013bc        0x2 D:/gcc_ARM/arm-none-eabi/lib/thumb/v6-m\libc_nano.a(lib_a-mlock.o)
                0x080013bc                __malloc_lock
 .text.__malloc_unlock
                0x080013be        0x2 D:/gcc_ARM/arm-none-eabi/lib/thumb/v6-m\libc_nano.a(lib_a-mlock.o)
                0x080013be                __malloc_unlock
 .text          0x080013c0        0x0 D:/gcc_ARM/arm-none-eabi/lib/thumb/v6-m\libc_nano.a(lib_a-reent.o)
 .text.cleanup_glue
                0x080013c0       0x1a D:/gcc_ARM/arm-none-eabi/lib/thumb/v6-m\libc_nano.a(lib_a-reent.o)
                0x080013c0                cleanup_glue
 *fill*         0x080013da        0x2 
 .text._reclaim_reent
                0x080013dc       0xcc D:/gcc_ARM/arm-none-eabi/lib/thumb/v6-m\libc_nano.a(lib_a-reent.o)
                0x080013dc                _reclaim_reent
 .text          0x080014a8        0x0 D:/gcc_ARM/arm-none-eabi/lib/thumb/v6-m\libnosys.a(sbrk.o)
 .text._sbrk    0x080014a8       0x1c D:/gcc_ARM/arm-none-eabi/lib/thumb/v6-m\libnosys.a(sbrk.o)
                0x080014a8                _sbrk
 *(.init)
 *(.fini)
 *crtbegin.o(.ctors)
 *crtbegin?.o(.ctors)
 *(EXCLUDE_FILE(*crtend.o *crtend?.o) .ctors)
 *(SORT_BY_NAME(.ctors.*))
 *(.ctors)
 *crtbegin.o(.dtors)
 *crtbegin?.o(.dtors)
 *(EXCLUDE_FILE(*crtend.o *crtend?.o) .dtors)
 *(SORT_BY_NAME(.dtors.*))
 *(.dtors)
 *(.rodata*)
 .rodata        0x080014c4      0x17b ./output/main.o
                0x080014c4                init_list_pins
 *fill*         0x0800163f        0x1 
 .rodata        0x08001640       0x86 ./output/cli.o
 *fill*         0x080016c6        0x2 
 .rodata._global_impure_ptr
                0x080016c8        0x4 D:/gcc_ARM/arm-none-eabi/lib/thumb/v6-m\libc_nano.a(lib_a-impure.o)
                0x080016c8                _global_impure_ptr
 *(.eh_frame*)

.glue_7         0x080016cc        0x0
 .glue_7        0x080016cc        0x0 linker stubs

.glue_7t        0x080016cc        0x0
 .glue_7t       0x080016cc        0x0 linker stubs

.vfp11_veneer   0x080016cc        0x0
 .vfp11_veneer  0x080016cc        0x0 linker stubs

.v4_bx          0x080016cc        0x0
 .v4_bx         0x080016cc        0x0 linker stubs

.iplt           0x080016cc        0x0
 .iplt          0x080016cc        0x0 ./output/main.o

.rel.dyn        0x080016cc        0x0
 .rel.iplt      0x080016cc        0x0 ./output/main.o

.ARM.extab
 *(.ARM.extab* .gnu.linkonce.armextab.*)
                0x080016cc                __exidx_start = .

.ARM.exidx
 *(.ARM.exidx* .gnu.linkonce.armexidx.*)
                0x080016cc                __exidx_end = .
                0x080016cc                __etext = .

.data           0x20000000       0x8c load address 0x080016cc
                0x20000000                __data_start__ = .
 *(vtable)
 *(.data*)
 .data          0x20000000       0x28 ./output/main.o
                0x20000000                list_commands
 .data          0x20000028        0x0 ./output/clock.o
 .data          0x20000028        0x0 ./output/gpio.o
 .data          0x20000028        0x0 ./output/interrupt.o
 .data          0x20000028        0x0 ./output/systick.o
 .data          0x20000028        0x0 ./output/usart.o
 .data          0x20000028        0x0 ./output/cli.o
 .data          0x20000028        0x0 ./output/startup_ARMCM0.o
 .data          0x20000028        0x0 D:/gcc_ARM/arm-none-eabi/lib/thumb/v6-m\libc_nano.a(lib_a-malloc.o)
 .data          0x20000028        0x0 D:/gcc_ARM/arm-none-eabi/lib/thumb/v6-m\libc_nano.a(lib_a-memset.o)
 .data          0x20000028        0x0 D:/gcc_ARM/arm-none-eabi/lib/thumb/v6-m\libc_nano.a(lib_a-nano-freer.o)
 .data          0x20000028        0x0 D:/gcc_ARM/arm-none-eabi/lib/thumb/v6-m\libc_nano.a(lib_a-nano-mallocr.o)
 .data          0x20000028        0x0 D:/gcc_ARM/arm-none-eabi/lib/thumb/v6-m\libc_nano.a(lib_a-sbrkr.o)
 .data          0x20000028        0x0 D:/gcc_ARM/arm-none-eabi/lib/thumb/v6-m\libc_nano.a(lib_a-strcmp.o)
 .data          0x20000028        0x0 D:/gcc_ARM/arm-none-eabi/lib/thumb/v6-m\libc_nano.a(lib_a-strlen.o)
 .data          0x20000028        0x0 D:/gcc_ARM/arm-none-eabi/lib/thumb/v6-m\libc_nano.a(lib_a-strtok.o)
 .data          0x20000028        0x0 D:/gcc_ARM/arm-none-eabi/lib/thumb/v6-m\libc_nano.a(lib_a-strtok_r.o)
 .data          0x20000028        0x0 D:/gcc_ARM/arm-none-eabi/lib/thumb/v6-m\libc_nano.a(lib_a-impure.o)
 .data._impure_ptr
                0x20000028        0x4 D:/gcc_ARM/arm-none-eabi/lib/thumb/v6-m\libc_nano.a(lib_a-impure.o)
                0x20000028                _impure_ptr
 .data.impure_data
                0x2000002c       0x60 D:/gcc_ARM/arm-none-eabi/lib/thumb/v6-m\libc_nano.a(lib_a-impure.o)
 .data          0x2000008c        0x0 D:/gcc_ARM/arm-none-eabi/lib/thumb/v6-m\libc_nano.a(lib_a-mlock.o)
 .data          0x2000008c        0x0 D:/gcc_ARM/arm-none-eabi/lib/thumb/v6-m\libc_nano.a(lib_a-reent.o)
 .data          0x2000008c        0x0 D:/gcc_ARM/arm-none-eabi/lib/thumb/v6-m\libnosys.a(sbrk.o)
                0x2000008c                . = ALIGN (0x4)
                [!provide]                PROVIDE (__preinit_array_start = .)
 *(.preinit_array)
                [!provide]                PROVIDE (__preinit_array_end = .)
                0x2000008c                . = ALIGN (0x4)
                [!provide]                PROVIDE (__init_array_start = .)
 *(SORT_BY_NAME(.init_array.*))
 *(.init_array)
                [!provide]                PROVIDE (__init_array_end = .)
                0x2000008c                . = ALIGN (0x4)
                [!provide]                PROVIDE (__fini_array_start = .)
 *(SORT_BY_NAME(.fini_array.*))
 *(.fini_array)
                [!provide]                PROVIDE (__fini_array_end = .)
 *(.jcr*)
                0x2000008c                . = ALIGN (0x4)
                0x2000008c                __data_end__ = .

.igot.plt       0x2000008c        0x0 load address 0x08001758
 .igot.plt      0x2000008c        0x0 ./output/main.o

.bss            0x2000008c       0x88 load address 0x08001758
                0x2000008c                . = ALIGN (0x4)
                0x2000008c                __bss_start__ = .
 *(.bss*)
 .bss           0x2000008c        0x0 ./output/main.o
 .bss           0x2000008c        0x0 ./output/clock.o
 .bss           0x2000008c        0x0 ./output/gpio.o
 .bss           0x2000008c        0x5 ./output/interrupt.o
                0x2000008c                led_state
                0x20000090                rx_data
 .bss           0x20000091        0x0 ./output/systick.o
 .bss           0x20000091        0x0 ./output/usart.o
 *fill*         0x20000091        0x3 
 .bss           0x20000094        0x8 ./output/cli.o
 .bss           0x2000009c        0x0 ./output/startup_ARMCM0.o
 .bss           0x2000009c        0x0 D:/gcc_ARM/arm-none-eabi/lib/thumb/v6-m\libc_nano.a(lib_a-malloc.o)
 .bss           0x2000009c        0x0 D:/gcc_ARM/arm-none-eabi/lib/thumb/v6-m\libc_nano.a(lib_a-memset.o)
 .bss           0x2000009c        0x0 D:/gcc_ARM/arm-none-eabi/lib/thumb/v6-m\libc_nano.a(lib_a-nano-freer.o)
 .bss           0x2000009c        0x0 D:/gcc_ARM/arm-none-eabi/lib/thumb/v6-m\libc_nano.a(lib_a-nano-mallocr.o)
 .bss.__malloc_free_list
                0x2000009c        0x4 D:/gcc_ARM/arm-none-eabi/lib/thumb/v6-m\libc_nano.a(lib_a-nano-mallocr.o)
                0x2000009c                __malloc_free_list
 .bss.__malloc_sbrk_start
                0x200000a0        0x4 D:/gcc_ARM/arm-none-eabi/lib/thumb/v6-m\libc_nano.a(lib_a-nano-mallocr.o)
                0x200000a0                __malloc_sbrk_start
 .bss           0x200000a4        0x0 D:/gcc_ARM/arm-none-eabi/lib/thumb/v6-m\libc_nano.a(lib_a-sbrkr.o)
 .bss           0x200000a4        0x0 D:/gcc_ARM/arm-none-eabi/lib/thumb/v6-m\libc_nano.a(lib_a-strcmp.o)
 .bss           0x200000a4        0x0 D:/gcc_ARM/arm-none-eabi/lib/thumb/v6-m\libc_nano.a(lib_a-strlen.o)
 .bss           0x200000a4        0x0 D:/gcc_ARM/arm-none-eabi/lib/thumb/v6-m\libc_nano.a(lib_a-strtok.o)
 .bss           0x200000a4        0x0 D:/gcc_ARM/arm-none-eabi/lib/thumb/v6-m\libc_nano.a(lib_a-strtok_r.o)
 .bss           0x200000a4        0x0 D:/gcc_ARM/arm-none-eabi/lib/thumb/v6-m\libc_nano.a(lib_a-impure.o)
 .bss           0x200000a4        0x0 D:/gcc_ARM/arm-none-eabi/lib/thumb/v6-m\libc_nano.a(lib_a-mlock.o)
 .bss           0x200000a4        0x0 D:/gcc_ARM/arm-none-eabi/lib/thumb/v6-m\libc_nano.a(lib_a-reent.o)
 .bss           0x200000a4        0x0 D:/gcc_ARM/arm-none-eabi/lib/thumb/v6-m\libnosys.a(sbrk.o)
 .bss.heap_end.4102
                0x200000a4        0x4 D:/gcc_ARM/arm-none-eabi/lib/thumb/v6-m\libnosys.a(sbrk.o)
 *(COMMON)
 COMMON         0x200000a8       0x65 ./output/main.o
                0x200000a8                command
                0x2000010c                num_char
 *fill*         0x2000010d        0x3 
 COMMON         0x20000110        0x4 D:/gcc_ARM/arm-none-eabi/lib/thumb/v6-m\libc_nano.a(lib_a-reent.o)
                0x20000110                errno
                0x20000114                . = ALIGN (0x4)
                0x20000114                __bss_end__ = .

.heap           0x20000118      0x800
                0x20000118                __HeapBase = .
                0x20000118                __end__ = .
                0x20000118                end = __end__
 *(.heap*)
 .heap          0x20000118      0x800 ./output/startup_ARMCM0.o
                0x20000918                __HeapLimit = .

.stack_dummy    0x20000118      0x300
 *(.stack*)
 .stack         0x20000118      0x300 ./output/startup_ARMCM0.o
                0x20001000                __StackTop = (ORIGIN (RAM) + LENGTH (RAM))
                0x20000d00                __StackLimit = (__StackTop - SIZEOF (.stack_dummy))
                [!provide]                PROVIDE (__stack = __StackTop)
                0x00000001                ASSERT ((__StackLimit >= __HeapLimit), region RAM overflowed with stack)
LOAD ./output/main.o
LOAD ./output/clock.o
LOAD ./output/gpio.o
LOAD ./output/interrupt.o
LOAD ./output/systick.o
LOAD ./output/usart.o
LOAD ./output/cli.o
LOAD ./output/startup_ARMCM0.o
LOAD D:/gcc_ARM/arm-none-eabi/lib/thumb/v6-m\libc_nano.a
LOAD D:/gcc_ARM/arm-none-eabi/lib/thumb/v6-m\libnosys.a
OUTPUT(./output/stm32f0_cli_demo.elf elf32-littlearm)

.debug_info     0x00000000     0x14e1
 .debug_info    0x00000000      0x32e ./output/main.o
 .debug_info    0x0000032e      0x106 ./output/clock.o
 .debug_info    0x00000434      0x272 ./output/gpio.o
 .debug_info    0x000006a6      0x189 ./output/interrupt.o
 .debug_info    0x0000082f      0x120 ./output/systick.o
 .debug_info    0x0000094f       0xf7 ./output/usart.o
 .debug_info    0x00000a46      0xa9b ./output/cli.o

.debug_abbrev   0x00000000      0x73f
 .debug_abbrev  0x00000000      0x180 ./output/main.o
 .debug_abbrev  0x00000180       0x8e ./output/clock.o
 .debug_abbrev  0x0000020e      0x11a ./output/gpio.o
 .debug_abbrev  0x00000328       0xbc ./output/interrupt.o
 .debug_abbrev  0x000003e4       0xb0 ./output/systick.o
 .debug_abbrev  0x00000494       0xa1 ./output/usart.o
 .debug_abbrev  0x00000535      0x20a ./output/cli.o

.debug_aranges  0x00000000       0xe0
 .debug_aranges
                0x00000000       0x20 ./output/main.o
 .debug_aranges
                0x00000020       0x20 ./output/clock.o
 .debug_aranges
                0x00000040       0x20 ./output/gpio.o
 .debug_aranges
                0x00000060       0x20 ./output/interrupt.o
 .debug_aranges
                0x00000080       0x20 ./output/systick.o
 .debug_aranges
                0x000000a0       0x20 ./output/usart.o
 .debug_aranges
                0x000000c0       0x20 ./output/cli.o

.debug_ranges   0x00000000       0x18
 .debug_ranges  0x00000000       0x18 ./output/main.o

.debug_line     0x00000000      0x5b3
 .debug_line    0x00000000      0x103 ./output/main.o
 .debug_line    0x00000103       0xd7 ./output/clock.o
 .debug_line    0x000001da       0xcb ./output/gpio.o
 .debug_line    0x000002a5       0xac ./output/interrupt.o
 .debug_line    0x00000351       0x6a ./output/systick.o
 .debug_line    0x000003bb       0x66 ./output/usart.o
 .debug_line    0x00000421      0x192 ./output/cli.o

.debug_str      0x00000000      0x91d
 .debug_str     0x00000000      0x1d5 ./output/main.o
                                0x1fb (size before relaxing)
 .debug_str     0x000001d5       0x77 ./output/clock.o
                                0x166 (size before relaxing)
 .debug_str     0x0000024c       0x88 ./output/gpio.o
                                0x1b5 (size before relaxing)
 .debug_str     0x000002d4       0xd5 ./output/interrupt.o
                                0x1cb (size before relaxing)
 .debug_str     0x000003a9       0x66 ./output/systick.o
                                0x155 (size before relaxing)
 .debug_str     0x0000040f       0x44 ./output/usart.o
                                0x149 (size before relaxing)
 .debug_str     0x00000453      0x4ca ./output/cli.o
                                0x657 (size before relaxing)

.comment        0x00000000       0x7f
 .comment       0x00000000       0x7f ./output/main.o
                                 0x80 (size before relaxing)
 .comment       0x0000007f       0x80 ./output/clock.o
 .comment       0x0000007f       0x80 ./output/gpio.o
 .comment       0x0000007f       0x80 ./output/interrupt.o
 .comment       0x0000007f       0x80 ./output/systick.o
 .comment       0x0000007f       0x80 ./output/usart.o
 .comment       0x0000007f       0x80 ./output/cli.o

.ARM.attributes
                0x00000000       0x2f
 .ARM.attributes
                0x00000000       0x31 ./output/main.o
 .ARM.attributes
                0x00000031       0x31 ./output/clock.o
 .ARM.attributes
                0x00000062       0x31 ./output/gpio.o
 .ARM.attributes
                0x00000093       0x31 ./output/interrupt.o
 .ARM.attributes
                0x000000c4       0x31 ./output/systick.o
 .ARM.attributes
                0x000000f5       0x31 ./output/usart.o
 .ARM.attributes
                0x00000126       0x31 ./output/cli.o
 .ARM.attributes
                0x00000157       0x1b ./output/startup_ARMCM0.o
 .ARM.attributes
                0x00000172       0x2c D:/gcc_ARM/arm-none-eabi/lib/thumb/v6-m\libc_nano.a(lib_a-malloc.o)
 .ARM.attributes
                0x0000019e       0x2c D:/gcc_ARM/arm-none-eabi/lib/thumb/v6-m\libc_nano.a(lib_a-memset.o)
 .ARM.attributes
                0x000001ca       0x2c D:/gcc_ARM/arm-none-eabi/lib/thumb/v6-m\libc_nano.a(lib_a-nano-freer.o)
 .ARM.attributes
                0x000001f6       0x2c D:/gcc_ARM/arm-none-eabi/lib/thumb/v6-m\libc_nano.a(lib_a-nano-mallocr.o)
 .ARM.attributes
                0x00000222       0x2c D:/gcc_ARM/arm-none-eabi/lib/thumb/v6-m\libc_nano.a(lib_a-sbrkr.o)
 .ARM.attributes
                0x0000024e       0x1c D:/gcc_ARM/arm-none-eabi/lib/thumb/v6-m\libc_nano.a(lib_a-strcmp.o)
 .ARM.attributes
                0x0000026a       0x1c D:/gcc_ARM/arm-none-eabi/lib/thumb/v6-m\libc_nano.a(lib_a-strlen.o)
 .ARM.attributes
                0x00000286       0x2c D:/gcc_ARM/arm-none-eabi/lib/thumb/v6-m\libc_nano.a(lib_a-strtok.o)
 .ARM.attributes
                0x000002b2       0x2c D:/gcc_ARM/arm-none-eabi/lib/thumb/v6-m\libc_nano.a(lib_a-strtok_r.o)
 .ARM.attributes
                0x000002de       0x2c D:/gcc_ARM/arm-none-eabi/lib/thumb/v6-m\libc_nano.a(lib_a-impure.o)
 .ARM.attributes
                0x0000030a       0x2c D:/gcc_ARM/arm-none-eabi/lib/thumb/v6-m\libc_nano.a(lib_a-mlock.o)
 .ARM.attributes
                0x00000336       0x2c D:/gcc_ARM/arm-none-eabi/lib/thumb/v6-m\libc_nano.a(lib_a-reent.o)
 .ARM.attributes
                0x00000362       0x2c D:/gcc_ARM/arm-none-eabi/lib/thumb/v6-m\libnosys.a(sbrk.o)

.debug_frame    0x00000000      0x6d0
 .debug_frame   0x00000000       0xd0 ./output/main.o
 .debug_frame   0x000000d0       0x50 ./output/clock.o
 .debug_frame   0x00000120       0xb4 ./output/gpio.o
 .debug_frame   0x000001d4      0x138 ./output/interrupt.o
 .debug_frame   0x0000030c       0xb0 ./output/systick.o
 .debug_frame   0x000003bc       0x70 ./output/usart.o
 .debug_frame   0x0000042c       0x90 ./output/cli.o
 .debug_frame   0x000004bc       0x40 D:/gcc_ARM/arm-none-eabi/lib/thumb/v6-m\libc_nano.a(lib_a-malloc.o)
 .debug_frame   0x000004fc       0x20 D:/gcc_ARM/arm-none-eabi/lib/thumb/v6-m\libc_nano.a(lib_a-memset.o)
 .debug_frame   0x0000051c       0x2c D:/gcc_ARM/arm-none-eabi/lib/thumb/v6-m\libc_nano.a(lib_a-nano-freer.o)
 .debug_frame   0x00000548       0x2c D:/gcc_ARM/arm-none-eabi/lib/thumb/v6-m\libc_nano.a(lib_a-nano-mallocr.o)
 .debug_frame   0x00000574       0x2c D:/gcc_ARM/arm-none-eabi/lib/thumb/v6-m\libc_nano.a(lib_a-sbrkr.o)
 .debug_frame   0x000005a0       0x20 D:/gcc_ARM/arm-none-eabi/lib/thumb/v6-m\libc_nano.a(lib_a-strcmp.o)
 .debug_frame   0x000005c0       0x30 D:/gcc_ARM/arm-none-eabi/lib/thumb/v6-m\libc_nano.a(lib_a-strtok.o)
 .debug_frame   0x000005f0       0x48 D:/gcc_ARM/arm-none-eabi/lib/thumb/v6-m\libc_nano.a(lib_a-strtok_r.o)
 .debug_frame   0x00000638       0x30 D:/gcc_ARM/arm-none-eabi/lib/thumb/v6-m\libc_nano.a(lib_a-mlock.o)
 .debug_frame   0x00000668       0x48 D:/gcc_ARM/arm-none-eabi/lib/thumb/v6-m\libc_nano.a(lib_a-reent.o)
 .debug_frame   0x000006b0       0x20 D:/gcc_ARM/arm-none-eabi/lib/thumb/v6-m\libnosys.a(sbrk.o)
