SEGGER_RTT.c:275:13:_DoInit	16	static
SEGGER_RTT.c:333:17:_WriteBlocking	40	static
SEGGER_RTT.c:398:13:_WriteNoCheck	40	static
SEGGER_RTT.c:466:13:_PostTerminalSwitch	24	static
SEGGER_RTT.c:488:17:_GetAvailWriteSpace	32	static
SEGGER_RTT.c:534:10:SEGGER_RTT_ReadUpBufferNoLock	48	static
SEGGER_RTT.c:628:10:SEGGER_RTT_ReadNoLock	48	static
SEGGER_RTT.c:727:10:SEGGER_RTT_ReadUpBuffer	32	static
SEGGER_RTT.c:759:10:SEGGER_RTT_Read	32	static
SEGGER_RTT.c:798:6:SEGGER_RTT_WriteWithOverwriteNoLock	40	static
SEGGER_RTT.c:988:10:SEGGER_RTT_WriteDownBufferNoLock	40	static
SEGGER_RTT.c:1064:10:SEGGER_RTT_WriteNoLock	40	static
SEGGER_RTT.c:1141:10:SEGGER_RTT_WriteDownBuffer	32	static
SEGGER_RTT.c:1177:10:SEGGER_RTT_Write	32	static
SEGGER_RTT.c:1214:10:SEGGER_RTT_WriteString	24	static
SEGGER_RTT.c:1244:10:SEGGER_RTT_PutCharSkipNoLock	32	static
SEGGER_RTT.c:1292:10:SEGGER_RTT_PutCharSkip	32	static
SEGGER_RTT.c:1349:10:SEGGER_RTT_PutChar	32	static
SEGGER_RTT.c:1411:5:SEGGER_RTT_GetKey	16	static
SEGGER_RTT.c:1439:5:SEGGER_RTT_WaitKey	16	static
SEGGER_RTT.c:1462:5:SEGGER_RTT_HasKey	16	static
SEGGER_RTT.c:1488:10:SEGGER_RTT_HasData	24	static
SEGGER_RTT.c:1509:10:SEGGER_RTT_HasDataUp	24	static
SEGGER_RTT.c:1537:5:SEGGER_RTT_AllocDownBuffer	32	static
SEGGER_RTT.c:1583:5:SEGGER_RTT_AllocUpBuffer	32	static
SEGGER_RTT.c:1635:5:SEGGER_RTT_ConfigUpBuffer	32	static
SEGGER_RTT.c:1682:5:SEGGER_RTT_ConfigDownBuffer	32	static
SEGGER_RTT.c:1721:5:SEGGER_RTT_SetNameUpBuffer	24	static
SEGGER_RTT.c:1752:5:SEGGER_RTT_SetNameDownBuffer	24	static
SEGGER_RTT.c:1783:5:SEGGER_RTT_SetFlagsUpBuffer	24	static
SEGGER_RTT.c:1814:5:SEGGER_RTT_SetFlagsDownBuffer	24	static
SEGGER_RTT.c:1838:6:SEGGER_RTT_Init	8	static
SEGGER_RTT.c:1856:5:SEGGER_RTT_SetTerminal	40	static
SEGGER_RTT.c:1906:5:SEGGER_RTT_TerminalOut	40	static
SEGGER_RTT.c:1994:10:SEGGER_RTT_GetAvailWriteSpace	16	static
SEGGER_RTT.c:2012:10:SEGGER_RTT_GetBytesInBuffer	32	static
