Archive member included because of file (symbol)

c:/program files/gnu tools arm embedded/4.7 2013q3/bin/../lib/gcc/arm-none-eabi/4.7.4/armv6-m\libgcc.a(_udivsi3.o)
                              ..\obj\stm32f0xx_rcc.o (__aeabi_uidiv)
c:/program files/gnu tools arm embedded/4.7 2013q3/bin/../lib/gcc/arm-none-eabi/4.7.4/armv6-m\libgcc.a(_dvmd_tls.o)
                              c:/program files/gnu tools arm embedded/4.7 2013q3/bin/../lib/gcc/arm-none-eabi/4.7.4/armv6-m\libgcc.a(_udivsi3.o) (__aeabi_idiv0)
c:/program files/gnu tools arm embedded/4.7 2013q3/bin/../lib/gcc/arm-none-eabi/4.7.4/../../../../arm-none-eabi/lib/armv6-m\libg.a(lib_a-strlen.o)
                              ..\obj\main.o (strlen)

Allocating common symbols
Common symbol       size              file

receivedByte        0x1               ..\obj\main.o
I2C_InitStructure   0x1c              ..\obj\main.o
GPIO_InitStructure  0x8               ..\obj\main.o

Discarded input sections

 .text          0x00000000        0x0 ..\obj\stm32f0xx_rcc.o
 .data          0x00000000       0x10 ..\obj\stm32f0xx_rcc.o
 .bss           0x00000000        0x0 ..\obj\stm32f0xx_rcc.o
 .text.RCC_DeInit
                0x00000000       0x88 ..\obj\stm32f0xx_rcc.o
 .text.RCC_HSEConfig
                0x00000000       0x24 ..\obj\stm32f0xx_rcc.o
 .text.RCC_WaitForHSEStartUp
                0x00000000       0x60 ..\obj\stm32f0xx_rcc.o
 .text.RCC_AdjustHSICalibrationValue
                0x00000000       0x3c ..\obj\stm32f0xx_rcc.o
 .text.RCC_HSICmd
                0x00000000       0x38 ..\obj\stm32f0xx_rcc.o
 .text.RCC_AdjustHSI14CalibrationValue
                0x00000000       0x3c ..\obj\stm32f0xx_rcc.o
 .text.RCC_HSI14Cmd
                0x00000000       0x38 ..\obj\stm32f0xx_rcc.o
 .text.RCC_HSI14ADCRequestCmd
                0x00000000       0x38 ..\obj\stm32f0xx_rcc.o
 .text.RCC_LSEConfig
                0x00000000       0x38 ..\obj\stm32f0xx_rcc.o
 .text.RCC_LSEDriveConfig
                0x00000000       0x2c ..\obj\stm32f0xx_rcc.o
 .text.RCC_LSICmd
                0x00000000       0x38 ..\obj\stm32f0xx_rcc.o
 .text.RCC_PLLConfig
                0x00000000       0x34 ..\obj\stm32f0xx_rcc.o
 .text.RCC_PLLCmd
                0x00000000       0x40 ..\obj\stm32f0xx_rcc.o
 .text.RCC_PREDIV1Config
                0x00000000       0x34 ..\obj\stm32f0xx_rcc.o
 .text.RCC_ClockSecuritySystemCmd
                0x00000000       0x40 ..\obj\stm32f0xx_rcc.o
 .text.RCC_MCOConfig
                0x00000000       0x20 ..\obj\stm32f0xx_rcc.o
 .text.RCC_SYSCLKConfig
                0x00000000       0x34 ..\obj\stm32f0xx_rcc.o
 .text.RCC_GetSYSCLKSource
                0x00000000       0x1c ..\obj\stm32f0xx_rcc.o
 .text.RCC_HCLKConfig
                0x00000000       0x34 ..\obj\stm32f0xx_rcc.o
 .text.RCC_PCLKConfig
                0x00000000       0x38 ..\obj\stm32f0xx_rcc.o
 .text.RCC_ADCCLKConfig
                0x00000000       0x50 ..\obj\stm32f0xx_rcc.o
 .text.RCC_CECCLKConfig
                0x00000000       0x2c ..\obj\stm32f0xx_rcc.o
 .text.RCC_I2CCLKConfig
                0x00000000       0x2c ..\obj\stm32f0xx_rcc.o
 .text.RCC_USARTCLKConfig
                0x00000000       0x2c ..\obj\stm32f0xx_rcc.o
 .text.RCC_GetClocksFreq
                0x00000000      0x1cc ..\obj\stm32f0xx_rcc.o
 .text.RCC_RTCCLKConfig
                0x00000000       0x20 ..\obj\stm32f0xx_rcc.o
 .text.RCC_RTCCLKCmd
                0x00000000       0x40 ..\obj\stm32f0xx_rcc.o
 .text.RCC_BackupResetCmd
                0x00000000       0x40 ..\obj\stm32f0xx_rcc.o
 .text.RCC_APB2PeriphClockCmd
                0x00000000       0x3c ..\obj\stm32f0xx_rcc.o
 .text.RCC_AHBPeriphResetCmd
                0x00000000       0x3c ..\obj\stm32f0xx_rcc.o
 .text.RCC_APB2PeriphResetCmd
                0x00000000       0x3c ..\obj\stm32f0xx_rcc.o
 .text.RCC_APB1PeriphResetCmd
                0x00000000       0x3c ..\obj\stm32f0xx_rcc.o
 .text.RCC_ITConfig
                0x00000000       0x50 ..\obj\stm32f0xx_rcc.o
 .text.RCC_GetFlagStatus
                0x00000000       0x90 ..\obj\stm32f0xx_rcc.o
 .text.RCC_ClearFlag
                0x00000000       0x1c ..\obj\stm32f0xx_rcc.o
 .text.RCC_GetITStatus
                0x00000000       0x44 ..\obj\stm32f0xx_rcc.o
 .text.RCC_ClearITPendingBit
                0x00000000       0x20 ..\obj\stm32f0xx_rcc.o
 .text          0x00000000        0x0 ..\obj\main.o
 .data          0x00000000        0x0 ..\obj\main.o
 .bss           0x00000000        0x0 ..\obj\main.o
 .text          0x00000000       0x14 ..\obj\startup_stm32f0xx.o
 .data          0x00000000        0x0 ..\obj\startup_stm32f0xx.o
 .bss           0x00000000        0x0 ..\obj\startup_stm32f0xx.o
 .text          0x00000000        0x0 ..\obj\stm32f0xx_i2c.o
 .data          0x00000000        0x0 ..\obj\stm32f0xx_i2c.o
 .bss           0x00000000        0x0 ..\obj\stm32f0xx_i2c.o
 .text.I2C_DeInit
                0x00000000       0x4c ..\obj\stm32f0xx_i2c.o
 .text.I2C_StructInit
                0x00000000       0x3c ..\obj\stm32f0xx_i2c.o
 .text.I2C_SoftwareResetCmd
                0x00000000       0x30 ..\obj\stm32f0xx_i2c.o
 .text.I2C_ITConfig
                0x00000000       0x38 ..\obj\stm32f0xx_i2c.o
 .text.I2C_StretchClockCmd
                0x00000000       0x3c ..\obj\stm32f0xx_i2c.o
 .text.I2C_StopModeCmd
                0x00000000       0x3c ..\obj\stm32f0xx_i2c.o
 .text.I2C_DualAddressCmd
                0x00000000       0x3c ..\obj\stm32f0xx_i2c.o
 .text.I2C_OwnAddress2Config
                0x00000000       0x50 ..\obj\stm32f0xx_i2c.o
 .text.I2C_GeneralCallCmd
                0x00000000       0x3c ..\obj\stm32f0xx_i2c.o
 .text.I2C_SlaveByteControlCmd
                0x00000000       0x3c ..\obj\stm32f0xx_i2c.o
 .text.I2C_10BitAddressingModeCmd
                0x00000000       0x3c ..\obj\stm32f0xx_i2c.o
 .text.I2C_AutoEndCmd
                0x00000000       0x3c ..\obj\stm32f0xx_i2c.o
 .text.I2C_ReloadCmd
                0x00000000       0x3c ..\obj\stm32f0xx_i2c.o
 .text.I2C_MasterRequestConfig
                0x00000000       0x3c ..\obj\stm32f0xx_i2c.o
 .text.I2C_10BitAddressHeaderCmd
                0x00000000       0x3c ..\obj\stm32f0xx_i2c.o
 .text.I2C_AcknowledgeConfig
                0x00000000       0x3c ..\obj\stm32f0xx_i2c.o
 .text.I2C_GetAddressMatched
                0x00000000       0x20 ..\obj\stm32f0xx_i2c.o
 .text.I2C_GetTransferDirection
                0x00000000       0x48 ..\obj\stm32f0xx_i2c.o
 .text.I2C_TransferHandling
                0x00000000       0x60 ..\obj\stm32f0xx_i2c.o
 .text.I2C_SMBusAlertCmd
                0x00000000       0x3c ..\obj\stm32f0xx_i2c.o
 .text.I2C_ClockTimeoutCmd
                0x00000000       0x3c ..\obj\stm32f0xx_i2c.o
 .text.I2C_ExtendedClockTimeoutCmd
                0x00000000       0x38 ..\obj\stm32f0xx_i2c.o
 .text.I2C_IdleClockTimeoutCmd
                0x00000000       0x3c ..\obj\stm32f0xx_i2c.o
 .text.I2C_TimeoutAConfig
                0x00000000       0x3c ..\obj\stm32f0xx_i2c.o
 .text.I2C_TimeoutBConfig
                0x00000000       0x44 ..\obj\stm32f0xx_i2c.o
 .text.I2C_CalculatePEC
                0x00000000       0x3c ..\obj\stm32f0xx_i2c.o
 .text.I2C_PECRequestCmd
                0x00000000       0x3c ..\obj\stm32f0xx_i2c.o
 .text.I2C_GetPEC
                0x00000000       0x18 ..\obj\stm32f0xx_i2c.o
 .text.I2C_ReadRegister
                0x00000000       0x2c ..\obj\stm32f0xx_i2c.o
 .text.I2C_ReceiveData
                0x00000000       0x18 ..\obj\stm32f0xx_i2c.o
 .text.I2C_DMACmd
                0x00000000       0x38 ..\obj\stm32f0xx_i2c.o
 .text.I2C_ClearFlag
                0x00000000       0x18 ..\obj\stm32f0xx_i2c.o
 .text.I2C_GetITStatus
                0x00000000       0x88 ..\obj\stm32f0xx_i2c.o
 .text.I2C_ClearITPendingBit
                0x00000000       0x18 ..\obj\stm32f0xx_i2c.o
 .text          0x00000000        0x0 ..\obj\system_stm32f0xx_temp.o
 .data          0x00000000       0x14 ..\obj\system_stm32f0xx_temp.o
 .bss           0x00000000        0x0 ..\obj\system_stm32f0xx_temp.o
 .text.SystemCoreClockUpdate1
                0x00000000       0xd0 ..\obj\system_stm32f0xx_temp.o
 .text          0x00000000        0x0 ..\obj\stm32f0xx_gpio.o
 .data          0x00000000        0x0 ..\obj\stm32f0xx_gpio.o
 .bss           0x00000000        0x0 ..\obj\stm32f0xx_gpio.o
 .text.GPIO_DeInit
                0x00000000       0xc8 ..\obj\stm32f0xx_gpio.o
 .text.GPIO_StructInit
                0x00000000       0x30 ..\obj\stm32f0xx_gpio.o
 .text.GPIO_PinLockConfig
                0x00000000       0x44 ..\obj\stm32f0xx_gpio.o
 .text.GPIO_ReadInputDataBit
                0x00000000       0x48 ..\obj\stm32f0xx_gpio.o
 .text.GPIO_ReadInputData
                0x00000000       0x18 ..\obj\stm32f0xx_gpio.o
 .text.GPIO_ReadOutputDataBit
                0x00000000       0x48 ..\obj\stm32f0xx_gpio.o
 .text.GPIO_ReadOutputData
                0x00000000       0x18 ..\obj\stm32f0xx_gpio.o
 .text.GPIO_SetBits
                0x00000000       0x1c ..\obj\stm32f0xx_gpio.o
 .text.GPIO_ResetBits
                0x00000000       0x1c ..\obj\stm32f0xx_gpio.o
 .text.GPIO_WriteBit
                0x00000000       0x30 ..\obj\stm32f0xx_gpio.o
 .text.GPIO_Write
                0x00000000       0x1c ..\obj\stm32f0xx_gpio.o
 .text          0x00000000        0x0 ..\obj\stm32f0xx_misc.o
 .data          0x00000000        0x0 ..\obj\stm32f0xx_misc.o
 .bss           0x00000000        0x0 ..\obj\stm32f0xx_misc.o
 .text.NVIC_Init
                0x00000000       0xac ..\obj\stm32f0xx_misc.o
 .text.NVIC_SystemLPConfig
                0x00000000       0x44 ..\obj\stm32f0xx_misc.o
 .text.SysTick_CLKSourceConfig
                0x00000000       0x34 ..\obj\stm32f0xx_misc.o
 .debug_info    0x00000000      0x39d ..\obj\stm32f0xx_misc.o
 .debug_abbrev  0x00000000      0x127 ..\obj\stm32f0xx_misc.o
 .debug_loc     0x00000000       0xa8 ..\obj\stm32f0xx_misc.o
 .debug_aranges
                0x00000000       0x30 ..\obj\stm32f0xx_misc.o
 .debug_ranges  0x00000000       0x20 ..\obj\stm32f0xx_misc.o
 .debug_line    0x00000000      0x1ea ..\obj\stm32f0xx_misc.o
 .debug_str     0x00000000      0x2a5 ..\obj\stm32f0xx_misc.o
 .comment       0x00000000       0x71 ..\obj\stm32f0xx_misc.o
 .ARM.attributes
                0x00000000       0x31 ..\obj\stm32f0xx_misc.o
 .debug_frame   0x00000000       0x70 ..\obj\stm32f0xx_misc.o
 .text          0x00000000       0x9c c:/program files/gnu tools arm embedded/4.7 2013q3/bin/../lib/gcc/arm-none-eabi/4.7.4/armv6-m\libgcc.a(_udivsi3.o)
 .data          0x00000000        0x0 c:/program files/gnu tools arm embedded/4.7 2013q3/bin/../lib/gcc/arm-none-eabi/4.7.4/armv6-m\libgcc.a(_udivsi3.o)
 .bss           0x00000000        0x0 c:/program files/gnu tools arm embedded/4.7 2013q3/bin/../lib/gcc/arm-none-eabi/4.7.4/armv6-m\libgcc.a(_udivsi3.o)
 .debug_frame   0x00000000       0x20 c:/program files/gnu tools arm embedded/4.7 2013q3/bin/../lib/gcc/arm-none-eabi/4.7.4/armv6-m\libgcc.a(_udivsi3.o)
 .ARM.attributes
                0x00000000       0x1e c:/program files/gnu tools arm embedded/4.7 2013q3/bin/../lib/gcc/arm-none-eabi/4.7.4/armv6-m\libgcc.a(_udivsi3.o)
 .text          0x00000000        0x4 c:/program files/gnu tools arm embedded/4.7 2013q3/bin/../lib/gcc/arm-none-eabi/4.7.4/armv6-m\libgcc.a(_dvmd_tls.o)
 .data          0x00000000        0x0 c:/program files/gnu tools arm embedded/4.7 2013q3/bin/../lib/gcc/arm-none-eabi/4.7.4/armv6-m\libgcc.a(_dvmd_tls.o)
 .bss           0x00000000        0x0 c:/program files/gnu tools arm embedded/4.7 2013q3/bin/../lib/gcc/arm-none-eabi/4.7.4/armv6-m\libgcc.a(_dvmd_tls.o)
 .ARM.attributes
                0x00000000       0x1e c:/program files/gnu tools arm embedded/4.7 2013q3/bin/../lib/gcc/arm-none-eabi/4.7.4/armv6-m\libgcc.a(_dvmd_tls.o)
 .text          0x00000000        0x0 c:/program files/gnu tools arm embedded/4.7 2013q3/bin/../lib/gcc/arm-none-eabi/4.7.4/../../../../arm-none-eabi/lib/armv6-m\libg.a(lib_a-strlen.o)
 .data          0x00000000        0x0 c:/program files/gnu tools arm embedded/4.7 2013q3/bin/../lib/gcc/arm-none-eabi/4.7.4/../../../../arm-none-eabi/lib/armv6-m\libg.a(lib_a-strlen.o)
 .bss           0x00000000        0x0 c:/program files/gnu tools arm embedded/4.7 2013q3/bin/../lib/gcc/arm-none-eabi/4.7.4/../../../../arm-none-eabi/lib/armv6-m\libg.a(lib_a-strlen.o)

Memory Configuration

Name             Origin             Length             Attributes
rom              0x08000000         0x00008000         xr
ram              0x20000000         0x00001000         xrw
*default*        0x00000000         0xffffffff

Linker script and memory map

                0x20001000                _eram = 0x20001000

.text           0x08000000      0x9a8
 *(.isr_vector)
 .isr_vector    0x08000000       0xc4 ..\obj\startup_stm32f0xx.o
                0x08000000                g_pfnVectors
 *(.text*)
 .text.RCC_AHBPeriphClockCmd
                0x080000c4       0x3c ..\obj\stm32f0xx_rcc.o
                0x080000c4                RCC_AHBPeriphClockCmd
 .text.RCC_APB1PeriphClockCmd
                0x08000100       0x3c ..\obj\stm32f0xx_rcc.o
                0x08000100                RCC_APB1PeriphClockCmd
 .text.Delay    0x0800013c       0x24 ..\obj\main.o
                0x0800013c                Delay
 .text.InitLED  0x08000160       0x48 ..\obj\main.o
                0x08000160                InitLED
 .text.I2C_Configuration
                0x080001a8       0xc0 ..\obj\main.o
                0x080001a8                I2C_Configuration
 .text.main     0x08000268       0xfc ..\obj\main.o
                0x08000268                main
 .text.Reset_Handler
                0x08000364       0x4c ..\obj\startup_stm32f0xx.o
                0x08000364                Reset_Handler
 .text.Default_Handler
                0x080003b0        0x2 ..\obj\startup_stm32f0xx.o
                0x080003b0                TIM1_CC_IRQHandler
                0x080003b0                HardFault_Handler
                0x080003b0                ADC1_COMP_IRQHandler
                0x080003b0                SysTick_Handler
                0x080003b0                PVD_IRQHandler
                0x080003b0                PendSV_Handler
                0x080003b0                NMI_Handler
                0x080003b0                I2C1_IRQHandler
                0x080003b0                SPI1_IRQHandler
                0x080003b0                TIM6_DAC_IRQHandler
                0x080003b0                EXTI2_3_IRQHandler
                0x080003b0                I2C2_IRQHandler
                0x080003b0                TIM17_IRQHandler
                0x080003b0                RTC_IRQHandler
                0x080003b0                TIM16_IRQHandler
                0x080003b0                TIM3_IRQHandler
                0x080003b0                EXTI4_15_IRQHandler
                0x080003b0                RCC_IRQHandler
                0x080003b0                DMA1_Channel1_IRQHandler
                0x080003b0                Default_Handler
                0x080003b0                CEC_IRQHandler
                0x080003b0                TIM14_IRQHandler
                0x080003b0                DMA1_Channel4_5_IRQHandler
                0x080003b0                TIM15_IRQHandler
                0x080003b0                EXTI0_1_IRQHandler
                0x080003b0                SPI2_IRQHandler
                0x080003b0                SVC_Handler
                0x080003b0                TS_IRQHandler
                0x080003b0                WWDG_IRQHandler
                0x080003b0                TIM2_IRQHandler
                0x080003b0                DMA1_Channel2_3_IRQHandler
                0x080003b0                USART2_IRQHandler
                0x080003b0                FLASH_IRQHandler
                0x080003b0                USART1_IRQHandler
                0x080003b0                TIM1_BRK_UP_TRG_COM_IRQHandler
 *fill*         0x080003b2        0x2 00
 .text.I2C_Init
                0x080003b4       0xd0 ..\obj\stm32f0xx_i2c.o
                0x080003b4                I2C_Init
 .text.I2C_Cmd  0x08000484       0x3c ..\obj\stm32f0xx_i2c.o
                0x08000484                I2C_Cmd
 .text.I2C_SlaveAddressConfig
                0x080004c0       0x3c ..\obj\stm32f0xx_i2c.o
                0x080004c0                I2C_SlaveAddressConfig
 .text.I2C_NumberOfBytesConfig
                0x080004fc       0x44 ..\obj\stm32f0xx_i2c.o
                0x080004fc                I2C_NumberOfBytesConfig
 .text.I2C_GenerateSTART
                0x08000540       0x3c ..\obj\stm32f0xx_i2c.o
                0x08000540                I2C_GenerateSTART
 .text.I2C_GenerateSTOP
                0x0800057c       0x3c ..\obj\stm32f0xx_i2c.o
                0x0800057c                I2C_GenerateSTOP
 .text.I2C_SendData
                0x080005b8       0x1c ..\obj\stm32f0xx_i2c.o
                0x080005b8                I2C_SendData
 .text.I2C_GetFlagStatus
                0x080005d4       0x4c ..\obj\stm32f0xx_i2c.o
                0x080005d4                I2C_GetFlagStatus
 .text.SystemInit1
                0x08000620       0x8c ..\obj\system_stm32f0xx_temp.o
                0x08000620                SystemInit
                0x08000620                SystemInit1
 .text.SetSysClock1
                0x080006ac       0xe0 ..\obj\system_stm32f0xx_temp.o
                0x080006ac                SetSysClock
 .text.GPIO_Init
                0x0800078c      0x138 ..\obj\stm32f0xx_gpio.o
                0x0800078c                GPIO_Init
 .text.GPIO_PinAFConfig
                0x080008c4       0x9c ..\obj\stm32f0xx_gpio.o
                0x080008c4                GPIO_PinAFConfig
 .text.strlen   0x08000960       0x10 c:/program files/gnu tools arm embedded/4.7 2013q3/bin/../lib/gcc/arm-none-eabi/4.7.4/../../../../arm-none-eabi/lib/armv6-m\libg.a(lib_a-strlen.o)
                0x08000960                strlen
 *(.init)
 *(.fini)
 *crtbegin.o(.ctors)
 *crtbegin?.o(.ctors)
 *(EXCLUDE_FILE(*crtend.o *crtend?.o) .ctors)
 *(SORT(.ctors.*))
 *(.ctors)
 *crtbegin.o(.dtors)
 *crtbegin?.o(.dtors)
 *(EXCLUDE_FILE(*crtend.o *crtend?.o) .dtors)
 *(SORT(.dtors.*))
 *(.dtors)
 *(.rodata*)
 .rodata        0x08000970       0x38 ..\obj\main.o
 *(.eh_fram e*)

.glue_7         0x080009a8        0x0
 .glue_7        0x00000000        0x0 linker stubs

.glue_7t        0x080009a8        0x0
 .glue_7t       0x00000000        0x0 linker stubs

.vfp11_veneer   0x080009a8        0x0
 .vfp11_veneer  0x00000000        0x0 linker stubs

.v4_bx          0x080009a8        0x0
 .v4_bx         0x00000000        0x0 linker stubs

.iplt           0x080009a8        0x0
 .iplt          0x00000000        0x0 ..\obj\stm32f0xx_rcc.o

.rel.dyn        0x080009a8        0x0
 .rel.iplt      0x00000000        0x0 ..\obj\stm32f0xx_rcc.o

.ARM.extab
 *(.ARM.extab* .gnu.linkonce.armextab.*)
                0x080009a8                __exidx_start = .

.ARM.exidx
 *(.ARM.exidx* .gnu.linkonce.armexidx.*)
                0x080009a8                __exidx_end = .
                0x080009a8                __etext = .
                0x080009a8                _sidata = __etext

.data           0x20000000        0x0 load address 0x080009a8
                0x20000000                __data_start__ = .
                0x20000000                _sdata = __data_start__
 *(vtable)
 *(.data*)
                0x20000000                . = ALIGN (0x4)
                0x20000000                PROVIDE (__preinit_array_start, .)
 *(.preinit_array)
                0x20000000                PROVIDE (__preinit_array_end, .)
                0x20000000                . = ALIGN (0x4)
                0x20000000                PROVIDE (__init_array_start, .)
 *(SORT(.init_array.*))
 *(.init_array)
                0x20000000                PROVIDE (__init_array_end, .)
                0x20000000                . = ALIGN (0x4)
                0x20000000                PROVIDE (__fini_array_start, .)
 *(SORT(.fini_array.*))
 *(.fini_array)
                0x20000000                PROVIDE (__fini_array_end, .)
 *(.jcr*)
                0x20000000                . = ALIGN (0x4)
                0x20000000                __data_end__ = .
                0x20000000                _edata = __data_end__

.igot.plt       0x20000000        0x0
 .igot.plt      0x00000000        0x0 ..\obj\stm32f0xx_rcc.o

.bss            0x20000000       0x28
                0x20000000                . = ALIGN (0x4)
                0x20000000                __bss_start__ = .
                0x20000000                _sbss = __bss_start__
 *(.bss*)
 *(COMMON)
 COMMON         0x20000000       0x28 ..\obj\main.o
                0x20000000                receivedByte
                0x20000004                I2C_InitStructure
                0x20000020                GPIO_InitStructure
                0x20000028                . = ALIGN (0x4)
                0x20000028                __bss_end__ = .
                0x20000028                _ebss = __bss_end__

.heap           0x20000028        0x0
                0x20000028                __end__ = .
                0x20000028                _end = __end__
                0x20000028                end = __end__
 *(.heap*)
                0x20000028                __HeapLimit = .

.co_stack       0x20000028        0x0
                0x20000028                . = ALIGN (0x8)
 *(.co_stack .co_stack.*)
                0x20001000                __StackTop = (ORIGIN (ram) + 0x1000)
                0x20001000                __StackLimit = (__StackTop - SIZEOF (.co_stack))
                0x20001000                PROVIDE (__stack, __StackTop)
                0x00000001                ASSERT ((__StackLimit >= __HeapLimit), region ram  overflowed with stack)
LOAD ..\obj\stm32f0xx_rcc.o
LOAD ..\obj\main.o
LOAD ..\obj\startup_stm32f0xx.o
LOAD ..\obj\stm32f0xx_i2c.o
LOAD ..\obj\system_stm32f0xx_temp.o
LOAD ..\obj\stm32f0xx_gpio.o
LOAD ..\obj\stm32f0xx_misc.o
START GROUP
LOAD c:/program files/gnu tools arm embedded/4.7 2013q3/bin/../lib/gcc/arm-none-eabi/4.7.4/armv6-m\libgcc.a
LOAD c:/program files/gnu tools arm embedded/4.7 2013q3/bin/../lib/gcc/arm-none-eabi/4.7.4/../../../../arm-none-eabi/lib/armv6-m\libg.a
LOAD c:/program files/gnu tools arm embedded/4.7 2013q3/bin/../lib/gcc/arm-none-eabi/4.7.4/../../../../arm-none-eabi/lib/armv6-m\libc.a
END GROUP
OUTPUT(I2C.elf elf32-littlearm)

.debug_info     0x00000000     0x25b5
 .debug_info    0x00000000      0xa6a ..\obj\stm32f0xx_rcc.o
 .debug_info    0x00000a6a      0x4f5 ..\obj\main.o
 .debug_info    0x00000f5f       0xa1 ..\obj\startup_stm32f0xx.o
 .debug_info    0x00001000      0xc8c ..\obj\stm32f0xx_i2c.o
 .debug_info    0x00001c8c      0x310 ..\obj\system_stm32f0xx_temp.o
 .debug_info    0x00001f9c      0x619 ..\obj\stm32f0xx_gpio.o

.debug_abbrev   0x00000000      0x7eb
 .debug_abbrev  0x00000000      0x1ee ..\obj\stm32f0xx_rcc.o
 .debug_abbrev  0x000001ee      0x191 ..\obj\main.o
 .debug_abbrev  0x0000037f       0x12 ..\obj\startup_stm32f0xx.o
 .debug_abbrev  0x00000391      0x187 ..\obj\stm32f0xx_i2c.o
 .debug_abbrev  0x00000518      0x136 ..\obj\system_stm32f0xx_temp.o
 .debug_abbrev  0x0000064e      0x19d ..\obj\stm32f0xx_gpio.o

.debug_loc      0x00000000     0x15d0
 .debug_loc     0x00000000      0x864 ..\obj\stm32f0xx_rcc.o
 .debug_loc     0x00000864       0xc8 ..\obj\main.o
 .debug_loc     0x0000092c      0x930 ..\obj\stm32f0xx_i2c.o
 .debug_loc     0x0000125c       0x9c ..\obj\system_stm32f0xx_temp.o
 .debug_loc     0x000012f8      0x2d8 ..\obj\stm32f0xx_gpio.o

.debug_aranges  0x00000000      0x3c8
 .debug_aranges
                0x00000000      0x150 ..\obj\stm32f0xx_rcc.o
 .debug_aranges
                0x00000150       0x38 ..\obj\main.o
 .debug_aranges
                0x00000188       0x28 ..\obj\startup_stm32f0xx.o
 .debug_aranges
                0x000001b0      0x168 ..\obj\stm32f0xx_i2c.o
 .debug_aranges
                0x00000318       0x30 ..\obj\system_stm32f0xx_temp.o
 .debug_aranges
                0x00000348       0x80 ..\obj\stm32f0xx_gpio.o

.debug_ranges   0x00000000      0x370
 .debug_ranges  0x00000000      0x140 ..\obj\stm32f0xx_rcc.o
 .debug_ranges  0x00000140       0x28 ..\obj\main.o
 .debug_ranges  0x00000168       0x20 ..\obj\startup_stm32f0xx.o
 .debug_ranges  0x00000188      0x158 ..\obj\stm32f0xx_i2c.o
 .debug_ranges  0x000002e0       0x20 ..\obj\system_stm32f0xx_temp.o
 .debug_ranges  0x00000300       0x70 ..\obj\stm32f0xx_gpio.o

.debug_line     0x00000000     0x1084
 .debug_line    0x00000000      0x4c4 ..\obj\stm32f0xx_rcc.o
 .debug_line    0x000004c4      0x210 ..\obj\main.o
 .debug_line    0x000006d4       0xac ..\obj\startup_stm32f0xx.o
 .debug_line    0x00000780      0x4ed ..\obj\stm32f0xx_i2c.o
 .debug_line    0x00000c6d      0x178 ..\obj\system_stm32f0xx_temp.o
 .debug_line    0x00000de5      0x29f ..\obj\stm32f0xx_gpio.o

.debug_str      0x00000000      0xf72
 .debug_str     0x00000000      0x64a ..\obj\stm32f0xx_rcc.o
                                0x6c9 (size before relaxing)
 .debug_str     0x0000064a      0x310 ..\obj\main.o
                                0x41a (size before relaxing)
 .debug_str     0x0000095a      0x3e1 ..\obj\stm32f0xx_i2c.o
                                0x5de (size before relaxing)
 .debug_str     0x00000d3b       0xab ..\obj\system_stm32f0xx_temp.o
                                0x240 (size before relaxing)
 .debug_str     0x00000de6      0x18c ..\obj\stm32f0xx_gpio.o
                                0x430 (size before relaxing)

.comment        0x00000000       0x70
 .comment       0x00000000       0x70 ..\obj\stm32f0xx_rcc.o
                                 0x71 (size before relaxing)
 .comment       0x00000000       0x71 ..\obj\main.o
 .comment       0x00000000       0x71 ..\obj\stm32f0xx_i2c.o
 .comment       0x00000000       0x71 ..\obj\system_stm32f0xx_temp.o
 .comment       0x00000000       0x71 ..\obj\stm32f0xx_gpio.o

.ARM.attributes
                0x00000000       0x2f
 .ARM.attributes
                0x00000000       0x31 ..\obj\stm32f0xx_rcc.o
 .ARM.attributes
                0x00000031       0x31 ..\obj\main.o
 .ARM.attributes
                0x00000062       0x21 ..\obj\startup_stm32f0xx.o
 .ARM.attributes
                0x00000083       0x31 ..\obj\stm32f0xx_i2c.o
 .ARM.attributes
                0x000000b4       0x31 ..\obj\system_stm32f0xx_temp.o
 .ARM.attributes
                0x000000e5       0x31 ..\obj\stm32f0xx_gpio.o
 .ARM.attributes
                0x00000116       0x2c c:/program files/gnu tools arm embedded/4.7 2013q3/bin/../lib/gcc/arm-none-eabi/4.7.4/../../../../arm-none-eabi/lib/armv6-m\libg.a(lib_a-strlen.o)

.debug_frame    0x00000000      0xcf8
 .debug_frame   0x00000000      0x4e4 ..\obj\stm32f0xx_rcc.o
 .debug_frame   0x000004e4       0x88 ..\obj\main.o
 .debug_frame   0x0000056c      0x550 ..\obj\stm32f0xx_i2c.o
 .debug_frame   0x00000abc       0x6c ..\obj\system_stm32f0xx_temp.o
 .debug_frame   0x00000b28      0x1b0 ..\obj\stm32f0xx_gpio.o
 .debug_frame   0x00000cd8       0x20 c:/program files/gnu tools arm embedded/4.7 2013q3/bin/../lib/gcc/arm-none-eabi/4.7.4/../../../../arm-none-eabi/lib/armv6-m\libg.a(lib_a-strlen.o)
