Archive member included because of file (symbol)

c:/program files (x86)/gnu tools arm embedded/4.6 2012q2/bin/../lib/gcc/arm-none-eabi/4.6.2/armv7e-m\libgcc.a(_arm_addsubdf3.o)
                              ..\obj\httpd_cgi_ssi.o (__aeabi_ui2d)
c:/program files (x86)/gnu tools arm embedded/4.6 2012q2/bin/../lib/gcc/arm-none-eabi/4.6.2/armv7e-m\libgcc.a(_arm_muldivdf3.o)
                              ..\obj\httpd_cgi_ssi.o (__aeabi_dmul)
c:/program files (x86)/gnu tools arm embedded/4.6 2012q2/bin/../lib/gcc/arm-none-eabi/4.6.2/armv7e-m\libgcc.a(_arm_fixunsdfsi.o)
                              ..\obj\httpd_cgi_ssi.o (__aeabi_d2uiz)
c:/program files (x86)/gnu tools arm embedded/4.6 2012q2/bin/../lib/gcc/arm-none-eabi/4.6.2/../../../../arm-none-eabi/lib/armv7e-m\libg.a(lib_a-impure.o)
                              ..\obj\printf.o (_impure_ptr)
c:/program files (x86)/gnu tools arm embedded/4.6 2012q2/bin/../lib/gcc/arm-none-eabi/4.6.2/../../../../arm-none-eabi/lib/armv7e-m\libg.a(lib_a-memcmp.o)
                              ..\obj\autoip.o (memcmp)
c:/program files (x86)/gnu tools arm embedded/4.6 2012q2/bin/../lib/gcc/arm-none-eabi/4.6.2/../../../../arm-none-eabi/lib/armv7e-m\libg.a(lib_a-memcpy.o)
                              ..\obj\tcp.o (memcpy)
c:/program files (x86)/gnu tools arm embedded/4.6 2012q2/bin/../lib/gcc/arm-none-eabi/4.6.2/../../../../arm-none-eabi/lib/armv7e-m\libg.a(lib_a-memset.o)
                              ..\obj\mem.o (memset)
c:/program files (x86)/gnu tools arm embedded/4.6 2012q2/bin/../lib/gcc/arm-none-eabi/4.6.2/../../../../arm-none-eabi/lib/armv7e-m\libg.a(lib_a-putchar.o)
                              ..\obj\tcp.o (putchar)
c:/program files (x86)/gnu tools arm embedded/4.6 2012q2/bin/../lib/gcc/arm-none-eabi/4.6.2/../../../../arm-none-eabi/lib/armv7e-m\libg.a(lib_a-strchr.o)
                              ..\obj\httpd.o (strchr)
c:/program files (x86)/gnu tools arm embedded/4.6 2012q2/bin/../lib/gcc/arm-none-eabi/4.6.2/../../../../arm-none-eabi/lib/armv7e-m\libg.a(lib_a-strcmp.o)
                              ..\obj\fs.o (strcmp)
c:/program files (x86)/gnu tools arm embedded/4.6 2012q2/bin/../lib/gcc/arm-none-eabi/4.6.2/../../../../arm-none-eabi/lib/armv7e-m\libg.a(lib_a-strlen.o)
                              ..\obj\httpd.o (strlen)
c:/program files (x86)/gnu tools arm embedded/4.6 2012q2/bin/../lib/gcc/arm-none-eabi/4.6.2/../../../../arm-none-eabi/lib/armv7e-m\libg.a(lib_a-strncmp.o)
                              ..\obj\httpd.o (strncmp)
c:/program files (x86)/gnu tools arm embedded/4.6 2012q2/bin/../lib/gcc/arm-none-eabi/4.6.2/../../../../arm-none-eabi/lib/armv7e-m\libg.a(lib_a-strstr.o)
                              ..\obj\httpd.o (strstr)
c:/program files (x86)/gnu tools arm embedded/4.6 2012q2/bin/../lib/gcc/arm-none-eabi/4.6.2/../../../../arm-none-eabi/lib/armv7e-m\libg.a(lib_a-memchr.o)
                              c:/program files (x86)/gnu tools arm embedded/4.6 2012q2/bin/../lib/gcc/arm-none-eabi/4.6.2/../../../../arm-none-eabi/lib/armv7e-m\libg.a(lib_a-strstr.o) (memchr)
c:/program files (x86)/gnu tools arm embedded/4.6 2012q2/bin/../lib/gcc/arm-none-eabi/4.6.2/../../../../arm-none-eabi/lib/armv7e-m\libg.a(lib_a-putc.o)
                              c:/program files (x86)/gnu tools arm embedded/4.6 2012q2/bin/../lib/gcc/arm-none-eabi/4.6.2/../../../../arm-none-eabi/lib/armv7e-m\libg.a(lib_a-putchar.o) (_putc_r)
c:/program files (x86)/gnu tools arm embedded/4.6 2012q2/bin/../lib/gcc/arm-none-eabi/4.6.2/../../../../arm-none-eabi/lib/armv7e-m\libg.a(lib_a-wbuf.o)
                              c:/program files (x86)/gnu tools arm embedded/4.6 2012q2/bin/../lib/gcc/arm-none-eabi/4.6.2/../../../../arm-none-eabi/lib/armv7e-m\libg.a(lib_a-putc.o) (__swbuf_r)
c:/program files (x86)/gnu tools arm embedded/4.6 2012q2/bin/../lib/gcc/arm-none-eabi/4.6.2/../../../../arm-none-eabi/lib/armv7e-m\libg.a(lib_a-wsetup.o)
                              c:/program files (x86)/gnu tools arm embedded/4.6 2012q2/bin/../lib/gcc/arm-none-eabi/4.6.2/../../../../arm-none-eabi/lib/armv7e-m\libg.a(lib_a-wbuf.o) (__swsetup_r)
c:/program files (x86)/gnu tools arm embedded/4.6 2012q2/bin/../lib/gcc/arm-none-eabi/4.6.2/../../../../arm-none-eabi/lib/armv7e-m\libg.a(lib_a-fflush.o)
                              c:/program files (x86)/gnu tools arm embedded/4.6 2012q2/bin/../lib/gcc/arm-none-eabi/4.6.2/../../../../arm-none-eabi/lib/armv7e-m\libg.a(lib_a-wbuf.o) (_fflush_r)
c:/program files (x86)/gnu tools arm embedded/4.6 2012q2/bin/../lib/gcc/arm-none-eabi/4.6.2/../../../../arm-none-eabi/lib/armv7e-m\libg.a(lib_a-findfp.o)
                              c:/program files (x86)/gnu tools arm embedded/4.6 2012q2/bin/../lib/gcc/arm-none-eabi/4.6.2/../../../../arm-none-eabi/lib/armv7e-m\libg.a(lib_a-putc.o) (__sinit)
c:/program files (x86)/gnu tools arm embedded/4.6 2012q2/bin/../lib/gcc/arm-none-eabi/4.6.2/../../../../arm-none-eabi/lib/armv7e-m\libg.a(lib_a-freer.o)
[...]
Memory Configuration

Name             Origin             Length             Attributes
rom              0x08000000         0x00100000         xr
ram              0x20000000         0x00020000         xrw
ram1             0x10000000         0x00010000         xrw
*default*        0x00000000         0xffffffff

Linker script and memory map

                0x20020000                _eram = 0x20020000

.text           0x08000000    0x24fec
 *(.isr_vector .isr_vector.*)
 .isr_vector    0x08000000      0x188 ..\obj\startup_stm32f4xx.o
                0x08000000                g_pfnVectors
 *(.text .text.* .gnu.linkonce.t.*)
 .text.SYSCFG_EXTILineConfig
                0x08000188       0xb4 ..\obj\stm32f4xx_syscfg.o
                0x08000188                SYSCFG_EXTILineConfig
 .text.SYSCFG_ETH_MediaInterfaceConfig
                0x0800023c       0x20 ..\obj\stm32f4xx_syscfg.o
                0x0800023c                SYSCFG_ETH_MediaInterfaceConfig
 .text.plug_holes
                0x0800025c       0xfc ..\obj\mem.o
 .text.mem_init
                0x08000358       0xbc ..\obj\mem.o
                0x08000358                mem_init
 .text.mem_free
                0x08000414       0x94 ..\obj\mem.o
                0x08000414                mem_free
 .text.mem_realloc
                0x080004a8      0x1e4 ..\obj\mem.o
                0x080004a8                mem_realloc
 .text.mem_malloc
                0x0800068c      0x1c8 ..\obj\mem.o
                0x0800068c                mem_malloc
 .text.tcp_tmr  0x08000854       0x3c ..\obj\tcp.o
                0x08000854                tcp_tmr
 .text.tcp_close
                0x08000890      0x1dc ..\obj\tcp.o
                0x08000890                tcp_close
 .text.tcp_abandon
                0x08000a6c       0xf8 ..\obj\tcp.o
                0x08000a6c                tcp_abandon
 .text.tcp_bind
                0x08000b64      0x1bc ..\obj\tcp.o
                0x08000b64                tcp_bind
 .text.tcp_accept_null
                0x08000d20       0x20 ..\obj\tcp.o
 .text.tcp_listen_with_backlog
                0x08000d40      0x15c ..\obj\tcp.o
                0x08000d40                tcp_listen_with_backlog
 .text.tcp_update_rcv_ann_wnd
                0x08000e9c       0x88 ..\obj\tcp.o
                0x08000e9c                tcp_update_rcv_ann_wnd
 .text.tcp_recved
                0x08000f24       0x84 ..\obj\tcp.o
                0x08000f24                tcp_recved
 .text.tcp_new_port
                0x08000fa8       0xe8 ..\obj\tcp.o
 .text.tcp_slowtmr
                0x08001090      0x554 ..\obj\tcp.o
                0x08001090                tcp_slowtmr
 .text.tcp_fasttmr
                0x080015e4       0xd4 ..\obj\tcp.o
                0x080015e4                tcp_fasttmr
 .text.tcp_segs_free
                0x080016b8       0x3c ..\obj\tcp.o
                0x080016b8                tcp_segs_free
 .text.tcp_seg_free
                0x080016f4       0x48 ..\obj\tcp.o
                0x080016f4                tcp_seg_free
 .text.tcp_setprio
                0x0800173c       0x1c ..\obj\tcp.o
                0x0800173c                tcp_setprio
 .text.tcp_recv_null
                0x08001758       0x4c ..\obj\tcp.o
                0x08001758                tcp_recv_null
 .text.tcp_kill_prio
                0x080017a4       0xa4 ..\obj\tcp.o
 .text.tcp_kill_timewait
                0x08001848       0x80 ..\obj\tcp.o
 .text.tcp_alloc
                0x080018c8      0x15c ..\obj\tcp.o
                0x080018c8                tcp_alloc
 .text.tcp_new  0x08001a24       0x14 ..\obj\tcp.o
                0x08001a24                tcp_new
 .text.tcp_arg  0x08001a38       0x1c ..\obj\tcp.o
                0x08001a38                tcp_arg
 .text.tcp_recv
                0x08001a54       0x1c ..\obj\tcp.o
                0x08001a54                tcp_recv
 .text.tcp_sent
                0x08001a70       0x1c ..\obj\tcp.o
                0x08001a70                tcp_sent
 .text.tcp_err  0x08001a8c       0x1c ..\obj\tcp.o
                0x08001a8c                tcp_err
 .text.tcp_accept
                0x08001aa8       0x1c ..\obj\tcp.o
                0x08001aa8                tcp_accept
 .text.tcp_poll
                0x08001ac4       0x28 ..\obj\tcp.o
                0x08001ac4                tcp_poll
 .text.tcp_pcb_purge
                0x08001aec       0xa8 ..\obj\tcp.o
                0x08001aec                tcp_pcb_purge
 .text.tcp_pcb_remove
                0x08001b94       0xd8 ..\obj\tcp.o
                0x08001b94                tcp_pcb_remove
 .text.tcp_next_iss
                0x08001c6c       0x38 ..\obj\tcp.o
                0x08001c6c                tcp_next_iss
 .text.tcp_eff_send_mss
                0x08001ca4       0x48 ..\obj\tcp.o
                0x08001ca4                tcp_eff_send_mss
 .text.tcp_debug_print
                0x08001cec      0x1fc ..\obj\tcp.o
                0x08001cec                tcp_debug_print
 .text.tcp_debug_print_state
                0x08001ee8       0x30 ..\obj\tcp.o
                0x08001ee8                tcp_debug_print_state
 .text.tcp_debug_print_flags
                0x08001f18       0xcc ..\obj\tcp.o
                0x08001f18                tcp_debug_print_flags
 .text.tcp_pcbs_sane
                0x08001fe4       0x4c ..\obj\tcp.o
                0x08001fe4                tcp_pcbs_sane
 .text.tcp_input
                0x08002030      0x83c ..\obj\tcp_in.o
                0x08002030                tcp_input
 .text.tcp_listen_input
                0x0800286c      0x264 ..\obj\tcp_in.o
 .text.tcp_timewait_input
                0x08002ad0      0x128 ..\obj\tcp_in.o
 .text.tcp_process
                0x08002bf8      0xa58 ..\obj\tcp_in.o
 .text.tcp_receive
                0x08003650      0xd30 ..\obj\tcp_in.o
 .text.tcp_parseopt
                0x08004380      0x178 ..\obj\tcp_in.o
 .text.USART_Init
                0x080044f8      0x1ac ..\obj\stm32f4xx_usart.o
                0x080044f8                USART_Init
 .text.USART_Cmd
                0x080046a4       0x40 ..\obj\stm32f4xx_usart.o
                0x080046a4                USART_Cmd
 .text.USART_SendData
                0x080046e4       0x28 ..\obj\stm32f4xx_usart.o
                0x080046e4                USART_SendData
 .text.USART_ITConfig
                0x0800470c       0xa4 ..\obj\stm32f4xx_usart.o
                0x0800470c                USART_ITConfig
 .text.USART_GetFlagStatus
                0x080047b0       0x40 ..\obj\stm32f4xx_usart.o
                0x080047b0                USART_GetFlagStatus
 .text.memp_init
                0x080047f0       0xbc ..\obj\memp.o
                0x080047f0                memp_init
 .text.memp_malloc
                0x080048ac       0x68 ..\obj\memp.o
                0x080048ac                memp_malloc
 .text.memp_free
                0x08004914       0x48 ..\obj\memp.o
                0x08004914                memp_free
 .text.autoip_handle_arp_conflict
                0x0800495c       0x6c ..\obj\autoip.o
 .text.autoip_create_addr
                0x080049c8       0xb8 ..\obj\autoip.o
 .text.autoip_arp_announce
                0x08004a80       0x50 ..\obj\autoip.o
 .text.autoip_start
                0x08004ad0      0x188 ..\obj\autoip.o
                0x08004ad0                autoip_start
 .text.autoip_start_probing
                0x08004c58       0x9c ..\obj\autoip.o
 .text.autoip_arp_reply
                0x08004cf4      0x138 ..\obj\autoip.o
                0x08004cf4                autoip_arp_reply
 .text.ip_reass_free_complete_datagram
                0x08004e2c       0xd0 ..\obj\ip_frag.o
 .text.ip_reass_remove_oldest_datagram
                0x08004efc       0xc8 ..\obj\ip_frag.o
 .text.ip_reass_enqueue_new_datagram
                0x08004fc4       0xac ..\obj\ip_frag.o
 .text.ip_reass_dequeue_datagram
                0x08005070       0x44 ..\obj\ip_frag.o
 .text.ip_reass_chain_frag_into_datagram_and_validate
                0x080050b4      0x23c ..\obj\ip_frag.o
 .text.ip_reass
                0x080052f0      0x348 ..\obj\ip_frag.o
                0x080052f0                ip_reass
 .text.ip_frag  0x08005638      0x204 ..\obj\ip_frag.o
                0x08005638                ip_frag
 .text.fs_malloc
                0x0800583c       0x8c ..\obj\fs.o
 .text.fs_free  0x080058c8       0x6c ..\obj\fs.o
 .text.fs_open  0x08005934       0x88 ..\obj\fs.o
                0x08005934                fs_open
 .text.fs_close
                0x080059bc       0x18 ..\obj\fs.o
                0x080059bc                fs_close
 .text.fs_read  0x080059d4       0x68 ..\obj\fs.o
                0x080059d4                fs_read
 .text.fs_bytes_left
                0x08005a3c       0x20 ..\obj\fs.o
                0x08005a3c                fs_bytes_left
 .text.Default_Reset_Handler
                0x08005a5c       0x6c ..\obj\startup_stm32f4xx.o
                0x08005a5c                Default_Reset_Handler
                0x08005a5c                Reset_Handler
 .text.Default_Handler
                0x08005ac8        0x8 ..\obj\startup_stm32f4xx.o
                0x08005ac8                RTC_Alarm_IRQHandler
                0x08005ac8                HASH_RNG_IRQHandler
                0x08005ac8                EXTI2_IRQHandler
                0x08005ac8                TIM8_CC_IRQHandler
                0x08005ac8                TIM1_CC_IRQHandler
                0x08005ac8                DMA2_Stream5_IRQHandler
                0x08005ac8                DMA1_Stream5_IRQHandler
                0x08005ac8                PVD_IRQHandler
                0x08005ac8                SDIO_IRQHandler
                0x08005ac8                TAMP_STAMP_IRQHandler
                0x08005ac8                CAN2_RX1_IRQHandler
                0x08005ac8                EXTI3_IRQHandler
                0x08005ac8                TIM8_TRG_COM_TIM14_IRQHandler
                0x08005ac8                TIM1_UP_TIM10_IRQHandler
                0x08005ac8                TIM8_UP_TIM13_IRQHandler
                0x08005ac8                I2C3_ER_IRQHandler
                0x08005ac8                EXTI0_IRQHandler
                0x08005ac8                I2C2_EV_IRQHandler
                0x08005ac8                DMA1_Stream2_IRQHandler
                0x08005ac8                CAN1_RX0_IRQHandler
                0x08005ac8                FPU_IRQHandler
                0x08005ac8                OTG_HS_WKUP_IRQHandler
                0x08005ac8                CAN2_SCE_IRQHandler
                0x08005ac8                DMA2_Stream2_IRQHandler
                0x08005ac8                SPI1_IRQHandler
                0x08005ac8                TIM6_DAC_IRQHandler
                0x08005ac8                TIM1_BRK_TIM9_IRQHandler
                0x08005ac8                DCMI_IRQHandler
                0x08005ac8                CAN2_RX0_IRQHandler
                0x08005ac8                DMA2_Stream3_IRQHandler
                0x08005ac8                USART6_IRQHandler
                0x08005ac8                USART3_IRQHandler
                0x08005ac8                CRYP_IRQHandler
                0x08005ac8                CAN1_RX1_IRQHandler
                0x08005ac8                UART5_IRQHandler
                0x08005ac8                DMA2_Stream0_IRQHandler
                0x08005ac8                TIM4_IRQHandler
                0x08005ac8                I2C1_EV_IRQHandler
                0x08005ac8                DMA1_Stream6_IRQHandler
                0x08005ac8                DMA1_Stream1_IRQHandler
                0x08005ac8                UART4_IRQHandler
                0x08005ac8                TIM3_IRQHandler
                0x08005ac8                RCC_IRQHandler
                0x08005ac8                TIM8_BRK_TIM12_IRQHandler
                0x08005ac8                ADC_IRQHandler
                0x08005ac8                DMA1_Stream7_IRQHandler
                0x08005ac8                TIM7_IRQHandler
                0x08005ac8                CAN2_TX_IRQHandler
                0x08005ac8                TIM5_IRQHandler
                0x08005ac8                DMA2_Stream7_IRQHandler
                0x08005ac8                I2C3_EV_IRQHandler
                0x08005ac8                EXTI9_5_IRQHandler
                0x08005ac8                RTC_WKUP_IRQHandler
                0x08005ac8                ETH_WKUP_IRQHandler
                0x08005ac8                SPI2_IRQHandler
                0x08005ac8                OTG_HS_EP1_IN_IRQHandler
                0x08005ac8                DMA1_Stream0_IRQHandler
                0x08005ac8                CAN1_TX_IRQHandler
                0x08005ac8                EXTI4_IRQHandler
                0x08005ac8                FSMC_IRQHandler
                0x08005ac8                ETH_IRQHandler
                0x08005ac8                OTG_HS_EP1_OUT_IRQHandler
                0x08005ac8                WWDG_IRQHandler
                0x08005ac8                TIM2_IRQHandler
                0x08005ac8                OTG_FS_WKUP_IRQHandler
                0x08005ac8                TIM1_TRG_COM_TIM11_IRQHandler
                0x08005ac8                OTG_HS_IRQHandler
                0x08005ac8                EXTI1_IRQHandler
                0x08005ac8                USART2_IRQHandler
                0x08005ac8                I2C2_ER_IRQHandler
                0x08005ac8                DMA2_Stream1_IRQHandler
                0x08005ac8                CAN1_SCE_IRQHandler
                0x08005ac8                FLASH_IRQHandler
                0x08005ac8                DMA2_Stream4_IRQHandler
                0x08005ac8                USART1_IRQHandler
                0x08005ac8                OTG_FS_IRQHandler
                0x08005ac8                SPI3_IRQHandler
                0x08005ac8                DMA1_Stream4_IRQHandler
                0x08005ac8                I2C1_ER_IRQHandler
                0x08005ac8                DMA2_Stream6_IRQHandler
                0x08005ac8                DMA1_Stream3_IRQHandler
 .text.STM_EVAL_LEDInit
                0x08005ad0       0x6c ..\obj\stm32f4_discovery.o
                0x08005ad0                STM_EVAL_LEDInit
 .text.STM_EVAL_LEDOn
                0x08005b3c       0x34 ..\obj\stm32f4_discovery.o
                0x08005b3c                STM_EVAL_LEDOn
 .text.STM_EVAL_LEDOff
                0x08005b70       0x34 ..\obj\stm32f4_discovery.o
                0x08005b70                STM_EVAL_LEDOff
 .text.STM_EVAL_LEDToggle
                0x08005ba4       0x48 ..\obj\stm32f4_discovery.o
                0x08005ba4                STM_EVAL_LEDToggle
 .text.STM_EVAL_COMInit
                0x08005bec       0xfc ..\obj\stm32f4_discovery.o
                0x08005bec                STM_EVAL_COMInit
 .text.ETH_Delay
                0x08005ce8       0x2c ..\obj\stm32f4x7_eth.o
 .text.ETH_DeInit
                0x08005d14       0x20 ..\obj\stm32f4x7_eth.o
                0x08005d14                ETH_DeInit
 .text.ETH_StructInit
                0x08005d34      0x1a8 ..\obj\stm32f4x7_eth.o
                0x08005d34                ETH_StructInit
 .text.ETH_Init
                0x08005edc      0x474 ..\obj\stm32f4x7_eth.o
                0x08005edc                ETH_Init
 .text.ETH_Start
                0x08006350       0x2c ..\obj\stm32f4x7_eth.o
                0x08006350                ETH_Start
 .text.ETH_MACTransmissionCmd
                0x0800637c       0x4c ..\obj\stm32f4x7_eth.o
                0x0800637c                ETH_MACTransmissionCmd
 .text.ETH_MACReceptionCmd
                0x080063c8       0x4c ..\obj\stm32f4x7_eth.o
                0x080063c8                ETH_MACReceptionCmd
 .text.ETH_MACAddressConfig
                0x08006414       0x7c ..\obj\stm32f4x7_eth.o
                0x08006414                ETH_MACAddressConfig
 .text.ETH_Get_Received_Frame
                0x08006490       0xb4 ..\obj\stm32f4x7_eth.o
                0x08006490                ETH_Get_Received_Frame
 .text.ETH_Prepare_Transmit_Descriptors
                0x08006544      0x1f8 ..\obj\stm32f4x7_eth.o
                0x08006544                ETH_Prepare_Transmit_Descriptors
 .text.ETH_DMARxDescChainInit
                0x0800673c       0xc0 ..\obj\stm32f4x7_eth.o
                0x0800673c                ETH_DMARxDescChainInit
 .text.ETH_CheckFrameReceived
                0x080067fc      0x14c ..\obj\stm32f4x7_eth.o
                0x080067fc                ETH_CheckFrameReceived
 .text.ETH_DMATxDescChainInit
                0x08006948       0xa4 ..\obj\stm32f4x7_eth.o
                0x08006948                ETH_DMATxDescChainInit
 .text.ETH_DMATxDescChecksumInsertionConfig
                0x080069ec       0x24 ..\obj\stm32f4x7_eth.o
                0x080069ec                ETH_DMATxDescChecksumInsertionConfig
 .text.ETH_SoftwareReset
                0x08006a10       0x2c ..\obj\stm32f4x7_eth.o
                0x08006a10                ETH_SoftwareReset
 .text.ETH_GetSoftwareResetStatus
                0x08006a3c       0x40 ..\obj\stm32f4x7_eth.o
                0x08006a3c                ETH_GetSoftwareResetStatus
 .text.ETH_FlushTransmitFIFO
                0x08006a7c       0x34 ..\obj\stm32f4x7_eth.o
                0x08006a7c                ETH_FlushTransmitFIFO
 .text.ETH_DMATransmissionCmd
                0x08006ab0       0x6c ..\obj\stm32f4x7_eth.o
                0x08006ab0                ETH_DMATransmissionCmd
 .text.ETH_DMAReceptionCmd
                0x08006b1c       0x6c ..\obj\stm32f4x7_eth.o
                0x08006b1c                ETH_DMAReceptionCmd
 .text.ETH_ReadPHYRegister
                0x08006b88       0xc8 ..\obj\stm32f4x7_eth.o
                0x08006b88                ETH_ReadPHYRegister
 .text.ETH_WritePHYRegister
                0x08006c50       0xd0 ..\obj\stm32f4x7_eth.o
                0x08006c50                ETH_WritePHYRegister
 .text.ip_addr_isbroadcast
                0x08006d20       0x8c ..\obj\ip_addr.o
                0x08006d20                ip_addr_isbroadcast
 .text.lwip_standard_chksum
                0x08006dac       0xb8 ..\obj\inet_chksum.o
 .text.inet_chksum
                0x08006e64       0x28 ..\obj\inet_chksum.o
                0x08006e64                inet_chksum
 .text.inet_chksum_pbuf
                0x08006e8c       0xbc ..\obj\inet_chksum.o
                0x08006e8c                inet_chksum_pbuf
 .text.main     0x08006f48       0x50 ..\obj\main.o
                0x08006f48                main
 .text.Time_Update
                0x08006f98       0x24 ..\obj\main.o
                0x08006f98                Time_Update
 .text.LCD_LED_Init
                0x08006fbc       0x28 ..\obj\main.o
                0x08006fbc                LCD_LED_Init
 .text.RCC_GetClocksFreq
                0x08006fe4      0x1d0 ..\obj\stm32f4xx_rcc.o
                0x08006fe4                RCC_GetClocksFreq
 .text.RCC_AHB1PeriphClockCmd
                0x080071b4       0x58 ..\obj\stm32f4xx_rcc.o
                0x080071b4                RCC_AHB1PeriphClockCmd
 .text.RCC_APB1PeriphClockCmd
                0x0800720c       0x58 ..\obj\stm32f4xx_rcc.o
                0x0800720c                RCC_APB1PeriphClockCmd
 .text.RCC_APB2PeriphClockCmd
                0x08007264       0x58 ..\obj\stm32f4xx_rcc.o
                0x08007264                RCC_APB2PeriphClockCmd
 .text.RCC_AHB1PeriphResetCmd
                0x080072bc       0x58 ..\obj\stm32f4xx_rcc.o
                0x080072bc                RCC_AHB1PeriphResetCmd
 .text.LwIP_Init
                0x08007314       0x74 ..\obj\netconf.o
                0x08007314                LwIP_Init
 .text.LwIP_Pkt_Handle
                0x08007388       0x14 ..\obj\netconf.o
                0x08007388                LwIP_Pkt_Handle
 .text.LwIP_Periodic_Handle
                0x0800739c       0xcc ..\obj\netconf.o
                0x0800739c                LwIP_Periodic_Handle
 .text.LwIP_DHCP_Process_Handle
                0x08007468      0x110 ..\obj\netconf.o
                0x08007468                LwIP_DHCP_Process_Handle
 .text.NMI_Handler
                0x08007578        0xc ..\obj\stm32f4xx_it.o
                0x08007578                NMI_Handler
 .text.HardFault_Handler
                0x08007584        0x8 ..\obj\stm32f4xx_it.o
                0x08007584                HardFault_Handler
 .text.MemManage_Handler
                0x0800758c        0x8 ..\obj\stm32f4xx_it.o
                0x0800758c                MemManage_Handler
 .text.BusFault_Handler
                0x08007594        0x8 ..\obj\stm32f4xx_it.o
                0x08007594                BusFault_Handler
 .text.UsageFault_Handler
                0x0800759c        0x8 ..\obj\stm32f4xx_it.o
                0x0800759c                UsageFault_Handler
 .text.SVC_Handler
                0x080075a4        0xc ..\obj\stm32f4xx_it.o
                0x080075a4                SVC_Handler
 .text.DebugMon_Handler
                0x080075b0        0xc ..\obj\stm32f4xx_it.o
                0x080075b0                DebugMon_Handler
 .text.PendSV_Handler
                0x080075bc        0xc ..\obj\stm32f4xx_it.o
                0x080075bc                PendSV_Handler
 .text.SysTick_Handler
                0x080075c8        0xc ..\obj\stm32f4xx_it.o
                0x080075c8                SysTick_Handler
 .text.EXTI15_10_IRQHandler
                0x080075d4       0x24 ..\obj\stm32f4xx_it.o
                0x080075d4                EXTI15_10_IRQHandler
 .text.ADC_Init
                0x080075f8       0xb8 ..\obj\stm32f4xx_adc.o
                0x080075f8                ADC_Init
 .text.ADC_StructInit
                0x080076b0       0x4c ..\obj\stm32f4xx_adc.o
                0x080076b0                ADC_StructInit
 .text.ADC_CommonInit
                0x080076fc       0x5c ..\obj\stm32f4xx_adc.o
                0x080076fc                ADC_CommonInit
 .text.ADC_Cmd  0x08007758       0x38 ..\obj\stm32f4xx_adc.o
                0x08007758                ADC_Cmd
 .text.ADC_RegularChannelConfig
                0x08007790      0x1bc ..\obj\stm32f4xx_adc.o
                0x08007790                ADC_RegularChannelConfig
 .text.ADC_SoftwareStartConv
                0x0800794c       0x20 ..\obj\stm32f4xx_adc.o
                0x0800794c                ADC_SoftwareStartConv
 .text.ADC_GetConversionValue
                0x0800796c       0x1c ..\obj\stm32f4xx_adc.o
                0x0800796c                ADC_GetConversionValue
 .text.NVIC_SetPriority
                0x08007988       0x5c ..\obj\stm32f4x7_eth_bsp.o
 .text.SysTick_Config
                0x080079e4       0x64 ..\obj\stm32f4x7_eth_bsp.o
 .text.ETH_BSP_Config
                0x08007a48       0x4c ..\obj\stm32f4x7_eth_bsp.o
                0x08007a48                ETH_BSP_Config
 .text.ETH_MACDMA_Config
                0x08007a94       0xe0 ..\obj\stm32f4x7_eth_bsp.o
 .text.ETH_GPIO_Config
                0x08007b74      0x238 ..\obj\stm32f4x7_eth_bsp.o
 .text.Eth_Link_PHYITConfig
                0x08007dac       0x8c ..\obj\stm32f4x7_eth_bsp.o
                0x08007dac                Eth_Link_PHYITConfig
 .text.Eth_Link_EXTIConfig
                0x08007e38       0xa4 ..\obj\stm32f4x7_eth_bsp.o
                0x08007e38                Eth_Link_EXTIConfig
 .text.Eth_Link_ITHandler
                0x08007edc       0x44 ..\obj\stm32f4x7_eth_bsp.o
                0x08007edc                Eth_Link_ITHandler
 .text.PrintChar
                0x08007f20       0x3c ..\obj\printf.o
                0x08007f20                PrintChar
 .text.PutChar  0x08007f5c       0x24 ..\obj\printf.o
                0x08007f5c                PutChar
 .text.PutString
                0x08007f80       0x48 ..\obj\printf.o
                0x08007f80                PutString
 .text.PutUnsignedInt
                0x08007fc8       0xbc ..\obj\printf.o
                0x08007fc8                PutUnsignedInt
 .text.PutSignedInt
                0x08008084      0x130 ..\obj\printf.o
                0x08008084                PutSignedInt
 .text.PutHexa  0x080081b4       0xe8 ..\obj\printf.o
                0x080081b4                PutHexa
 .text.vsnprintf
                0x0800829c      0x2b0 ..\obj\printf.o
                0x0800829c                vsnprintf
 .text.vsprintf
                0x0800854c       0x28 ..\obj\printf.o
                0x0800854c                vsprintf
 .text.vfprintf
                0x08008574       0x6c ..\obj\printf.o
                0x08008574                vfprintf
 .text.vprintf  0x080085e0       0x2c ..\obj\printf.o
                0x080085e0                vprintf
 .text.printf   0x0800860c       0x2c ..\obj\printf.o
                0x0800860c                printf
 .text.puts     0x08008638       0x28 ..\obj\printf.o
                0x08008638                puts
 .text.fputc    0x08008660       0x4c ..\obj\printf.o
                0x08008660                fputc
 .text.fputs    0x080086ac       0x50 ..\obj\printf.o
                0x080086ac                fputs
 .text.low_level_init
                0x080086fc       0xdc ..\obj\ethernetif.o
 .text.low_level_output
                0x080087d8       0x6c ..\obj\ethernetif.o
 .text.low_level_input
                0x08008844      0x134 ..\obj\ethernetif.o
 .text.ethernetif_input
                0x08008978       0x5c ..\obj\ethernetif.o
                0x08008978                ethernetif_input
 .text.ethernetif_init
                0x080089d4       0x4c ..\obj\ethernetif.o
                0x080089d4                ethernetif_init
 .text.free_etharp_q
                0x08008a20       0x38 ..\obj\etharp.o
 .text.etharp_tmr
                0x08008a58      0x1fc ..\obj\etharp.o
                0x08008a58                etharp_tmr
 .text.find_entry
                0x08008c54      0x490 ..\obj\etharp.o
 .text.etharp_send_ip
                0x080090e4       0x78 ..\obj\etharp.o
 .text.update_arp_entry
                0x0800915c      0x270 ..\obj\etharp.o
 .text.etharp_ip_input
                0x080093cc       0x64 ..\obj\etharp.o
                0x080093cc                etharp_ip_input
 .text.etharp_arp_input
                0x08009430      0x30c ..\obj\etharp.o
                0x08009430                etharp_arp_input
 .text.etharp_output
                0x0800973c      0x120 ..\obj\etharp.o
                0x0800973c                etharp_output
 .text.etharp_query
                0x0800985c      0x33c ..\obj\etharp.o
                0x0800985c                etharp_query
 .text.etharp_raw
                0x08009b98      0x190 ..\obj\etharp.o
                0x08009b98                etharp_raw
 .text.etharp_request
                0x08009d28       0x5c ..\obj\etharp.o
                0x08009d28                etharp_request
 .text.ethernet_input
                0x08009d84      0x124 ..\obj\etharp.o
                0x08009d84                ethernet_input
 .text.strnstr  0x08009ea8       0x78 ..\obj\httpd.o
 .text.http_state_alloc
                0x08009f20       0x38 ..\obj\httpd.o
 .text.http_state_free
                0x08009f58       0x50 ..\obj\httpd.o
 .text.http_write
                0x08009fa8       0x78 ..\obj\httpd.o
 .text.http_close_conn
                0x0800a020       0x74 ..\obj\httpd.o
 .text.extract_uri_parameters
                0x0800a094       0xf0 ..\obj\httpd.o
 .text.get_tag_insert
                0x0800a184      0x15c ..\obj\httpd.o
 .text.http_send_data
                0x0800a2e0      0x7c4 ..\obj\httpd.o
 .text.http_get_404_file
                0x0800aaa4       0x7c ..\obj\httpd.o
 .text.http_parse_request
                0x0800ab20      0x1c8 ..\obj\httpd.o
 .text.http_find_file
                0x0800ace8      0x21c ..\obj\httpd.o
 .text.http_init_file
                0x0800af04       0xec ..\obj\httpd.o
 .text.http_err
                0x0800aff0       0x24 ..\obj\httpd.o
 .text.http_sent
                0x0800b014       0x40 ..\obj\httpd.o
 .text.http_poll
                0x0800b054       0x78 ..\obj\httpd.o
 .text.http_recv
                0x0800b0cc       0xd4 ..\obj\httpd.o
 .text.http_accept
                0x0800b1a0       0x84 ..\obj\httpd.o
 .text.httpd_init_addr
                0x0800b224       0x58 ..\obj\httpd.o
 .text.httpd_init
                0x0800b27c       0x1c ..\obj\httpd.o
                0x0800b27c                httpd_init
 .text.http_set_ssi_handler
                0x0800b298       0x3c ..\obj\httpd.o
                0x0800b298                http_set_ssi_handler
 .text.http_set_cgi_handlers
                0x0800b2d4       0x2c ..\obj\httpd.o
                0x0800b2d4                http_set_cgi_handlers
 .text.ADC_Configuration
                0x0800b300       0xd4 ..\obj\httpd_cgi_ssi.o
 *fill*         0x0800b3d4        0x4 00
 .text.ADC_Handler
                0x0800b3d8      0x1d8 ..\obj\httpd_cgi_ssi.o
                0x0800b3d8                ADC_Handler
 .text.LEDS_CGI_Handler
                0x0800b5b0      0x12c ..\obj\httpd_cgi_ssi.o
                0x0800b5b0                LEDS_CGI_Handler
 .text.httpd_ssi_init
                0x0800b6dc       0x24 ..\obj\httpd_cgi_ssi.o
                0x0800b6dc                httpd_ssi_init
 .text.httpd_cgi_init
                0x0800b700       0x30 ..\obj\httpd_cgi_ssi.o
                0x0800b700                httpd_cgi_init
 .text.pbuf_alloc
                0x0800b730      0x294 ..\obj\pbuf.o
                0x0800b730                pbuf_alloc
 .text.pbuf_realloc
                0x0800b9c4       0xd0 ..\obj\pbuf.o
                0x0800b9c4                pbuf_realloc
 .text.pbuf_header
                0x0800ba94      0x120 ..\obj\pbuf.o
                0x0800ba94                pbuf_header
 .text.pbuf_free
                0x0800bbb4       0xe8 ..\obj\pbuf.o
                0x0800bbb4                pbuf_free
 .text.pbuf_clen
                0x0800bc9c       0x34 ..\obj\pbuf.o
                0x0800bc9c                pbuf_clen
 .text.pbuf_ref
                0x0800bcd0       0x28 ..\obj\pbuf.o
                0x0800bcd0                pbuf_ref
 .text.pbuf_cat
                0x0800bcf8       0x5c ..\obj\pbuf.o
                0x0800bcf8                pbuf_cat
 .text.pbuf_chain
                0x0800bd54       0x30 ..\obj\pbuf.o
                0x0800bd54                pbuf_chain
 .text.pbuf_copy
                0x0800bd84      0x12c ..\obj\pbuf.o
                0x0800bd84                pbuf_copy
 .text.pbuf_copy_partial
                0x0800beb0       0xd4 ..\obj\pbuf.o
                0x0800beb0                pbuf_copy_partial
 .text.htons    0x0800bf84       0x30 ..\obj\inet.o
                0x0800bf84                htons
 .text.ntohs    0x0800bfb4       0x20 ..\obj\inet.o
                0x0800bfb4                ntohs
 .text.htonl    0x0800bfd4       0x3c ..\obj\inet.o
                0x0800bfd4                htonl
 .text.ntohl    0x0800c010       0x1c ..\obj\inet.o
                0x0800c010                ntohl
 .text.netif_add
                0x0800c02c      0x2a0 ..\obj\netif.o
                0x0800c02c                netif_add
 .text.netif_set_addr
                0x0800c2cc       0x30 ..\obj\netif.o
                0x0800c2cc                netif_set_addr
 .text.netif_set_ipaddr
                0x0800c2fc      0x150 ..\obj\netif.o
                0x0800c2fc                netif_set_ipaddr
 .text.netif_set_gw
                0x0800c44c       0xa8 ..\obj\netif.o
                0x0800c44c                netif_set_gw
 .text.netif_set_netmask
                0x0800c4f4       0xa8 ..\obj\netif.o
                0x0800c4f4                netif_set_netmask
 .text.netif_set_default
                0x0800c59c       0x54 ..\obj\netif.o
                0x0800c59c                netif_set_default
 .text.netif_set_up
                0x0800c5f0       0x4c ..\obj\netif.o
                0x0800c5f0                netif_set_up
 .text.netif_set_down
                0x0800c63c       0x34 ..\obj\netif.o
                0x0800c63c                netif_set_down
 .text.netif_is_up
                0x0800c670       0x20 ..\obj\netif.o
                0x0800c670                netif_is_up
 .text.GPIO_Init
                0x0800c690      0x154 ..\obj\stm32f4xx_gpio.o
                0x0800c690                GPIO_Init
 .text.GPIO_PinAFConfig
                0x0800c7e4       0xac ..\obj\stm32f4xx_gpio.o
                0x0800c7e4                GPIO_PinAFConfig
 .text.SystemInit
                0x0800c890       0xb0 ..\obj\system_stm32f4xx.o
                0x0800c890                SystemInit
 .text.SetSysClock
                0x0800c940      0x188 ..\obj\system_stm32f4xx.o
 .text._sbrk    0x0800cac8       0x5c ..\obj\syscalls.o
                0x0800cac8                _sbrk
 .text._close   0x0800cb24       0x18 ..\obj\syscalls.o
                0x0800cb24                _close
 .text._fstat   0x0800cb3c       0x24 ..\obj\syscalls.o
                0x0800cb3c                _fstat
 .text._isatty  0x0800cb60       0x18 ..\obj\syscalls.o
                0x0800cb60                _isatty
 .text._lseek   0x0800cb78       0x1c ..\obj\syscalls.o
                0x0800cb78                _lseek
 .text._read    0x0800cb94       0x1c ..\obj\syscalls.o
                0x0800cb94                _read
 .text._write   0x0800cbb0       0x1c ..\obj\syscalls.o
                0x0800cbb0                _write
 .text.udp_input
                0x0800cbcc      0x4dc ..\obj\udp.o
                0x0800cbcc                udp_input
 .text.udp_sendto_if
                0x0800d0a8      0x1c8 ..\obj\udp.o
                0x0800d0a8                udp_sendto_if
 .text.udp_bind
                0x0800d270      0x200 ..\obj\udp.o
                0x0800d270                udp_bind
 .text.udp_connect
                0x0800d470      0x118 ..\obj\udp.o
                0x0800d470                udp_connect
 .text.udp_recv
                0x0800d588       0x24 ..\obj\udp.o
                0x0800d588                udp_recv
 .text.udp_remove
                0x0800d5ac       0x78 ..\obj\udp.o
                0x0800d5ac                udp_remove
 .text.udp_new  0x0800d624       0x40 ..\obj\udp.o
                0x0800d624                udp_new
 .text.udp_debug_print
                0x0800d664       0x9c ..\obj\udp.o
                0x0800d664                udp_debug_print
 .text.ip_route
                0x0800d700       0x98 ..\obj\ip.o
                0x0800d700                ip_route
 .text.ip_input
                0x0800d798      0x484 ..\obj\ip.o
                0x0800d798                ip_input
 .text.ip_output_if
                0x0800dc1c      0x208 ..\obj\ip.o
                0x0800dc1c                ip_output_if
 .text.ip_output
                0x0800de24       0x60 ..\obj\ip.o
                0x0800de24                ip_output
 .text.ip_debug_print
                0x0800de84      0x260 ..\obj\ip.o
                0x0800de84                ip_debug_print
 .text.EXTI_Init
                0x0800e0e4      0x144 ..\obj\stm32f4xx_exti.o
                0x0800e0e4                EXTI_Init
 .text.EXTI_GetITStatus
                0x0800e228       0x5c ..\obj\stm32f4xx_exti.o
                0x0800e228                EXTI_GetITStatus
 .text.EXTI_ClearITPendingBit
                0x0800e284       0x20 ..\obj\stm32f4xx_exti.o
                0x0800e284                EXTI_ClearITPendingBit
 .text.icmp_input
                0x0800e2a4      0x2c0 ..\obj\icmp.o
                0x0800e2a4                icmp_input
 .text.icmp_dest_unreach
                0x0800e564       0x24 ..\obj\icmp.o
                0x0800e564                icmp_dest_unreach
 .text.icmp_time_exceeded
                0x0800e588       0x24 ..\obj\icmp.o
                0x0800e588                icmp_time_exceeded
 .text.icmp_send_response
                0x0800e5ac      0x23c ..\obj\icmp.o
 .text.NVIC_PriorityGroupConfig
                0x0800e7e8       0x28 ..\obj\misc.o
                0x0800e7e8                NVIC_PriorityGroupConfig
 .text.NVIC_Init
                0x0800e810       0xe4 ..\obj\misc.o
                0x0800e810                NVIC_Init
 .text.SysTick_CLKSourceConfig
                0x0800e8f4       0x4c ..\obj\misc.o
                0x0800e8f4                SysTick_CLKSourceConfig
 .text.dhcp_handle_nak
                0x0800e940       0x7c ..\obj\dhcp.o
 .text.dhcp_check
                0x0800e9bc       0xb0 ..\obj\dhcp.o
 .text.dhcp_handle_offer
                0x0800ea6c       0xb0 ..\obj\dhcp.o
 .text.dhcp_select
                0x0800eb1c      0x1c8 ..\obj\dhcp.o
 .text.dhcp_coarse_tmr
                0x0800ece4       0x9c ..\obj\dhcp.o
                0x0800ece4                dhcp_coarse_tmr
 .text.dhcp_fine_tmr
                0x0800ed80       0x74 ..\obj\dhcp.o
                0x0800ed80                dhcp_fine_tmr
 .text.dhcp_timeout
                0x0800edf4      0x128 ..\obj\dhcp.o
 .text.dhcp_t1_timeout
                0x0800ef1c       0x4c ..\obj\dhcp.o
 .text.dhcp_t2_timeout
                0x0800ef68       0x4c ..\obj\dhcp.o
 .text.dhcp_handle_ack
                0x0800efb4      0x1e4 ..\obj\dhcp.o
 .text.dhcp_start
                0x0800f198      0x1c0 ..\obj\dhcp.o
                0x0800f198                dhcp_start
 .text.dhcp_arp_reply
                0x0800f358       0x68 ..\obj\dhcp.o
                0x0800f358                dhcp_arp_reply
 .text.dhcp_decline
                0x0800f3c0      0x12c ..\obj\dhcp.o
 .text.dhcp_discover
                0x0800f4ec      0x1b0 ..\obj\dhcp.o
 .text.dhcp_bind
                0x0800f69c      0x240 ..\obj\dhcp.o
 .text.dhcp_renew
                0x0800f8dc      0x140 ..\obj\dhcp.o
                0x0800f8dc                dhcp_renew
 .text.dhcp_rebind
                0x0800fa1c      0x140 ..\obj\dhcp.o
 .text.dhcp_reboot
                0x0800fb5c      0x160 ..\obj\dhcp.o
 .text.dhcp_release
                0x0800fcbc      0x19c ..\obj\dhcp.o
                0x0800fcbc                dhcp_release
 .text.dhcp_stop
                0x0800fe58       0x78 ..\obj\dhcp.o
                0x0800fe58                dhcp_stop
 .text.dhcp_set_state
                0x0800fed0       0x30 ..\obj\dhcp.o
 .text.dhcp_option
                0x0800ff00       0x54 ..\obj\dhcp.o
 .text.dhcp_option_byte
                0x0800ff54       0x34 ..\obj\dhcp.o
 .text.dhcp_option_short
                0x0800ff88       0x58 ..\obj\dhcp.o
 .text.dhcp_option_long
                0x0800ffe0       0xa0 ..\obj\dhcp.o
 .text.dhcp_unfold_reply
                0x08010080      0x11c ..\obj\dhcp.o
 .text.dhcp_free_reply
                0x0801019c       0x58 ..\obj\dhcp.o
 .text.dhcp_recv
                0x080101f4      0x2c0 ..\obj\dhcp.o
 .text.dhcp_create_request
                0x080104b4      0x270 ..\obj\dhcp.o
 .text.dhcp_delete_request
                0x08010724       0x44 ..\obj\dhcp.o
 .text.dhcp_option_trailer
                0x08010768       0x6c ..\obj\dhcp.o
 .text.dhcp_get_option_ptr
                0x080107d4      0x1c8 ..\obj\dhcp.o
 .text.dhcp_get_option_byte
                0x0801099c       0x28 ..\obj\dhcp.o
 .text.dhcp_get_option_long
                0x080109c4       0x74 ..\obj\dhcp.o
 .text.DebugComPort_Init
                0x08010a38       0x40 ..\obj\serial_debug.o
                0x08010a38                DebugComPort_Init
 .text.tcp_output_set_header
                0x08010a78      0x100 ..\obj\tcp_out.o
 .text.tcp_send_ctrl
                0x08010b78       0x34 ..\obj\tcp_out.o
                0x08010b78                tcp_send_ctrl
 .text.tcp_write
                0x08010bac       0x8c ..\obj\tcp_out.o
                0x08010bac                tcp_write
 .text.tcp_enqueue
                0x08010c38      0x748 ..\obj\tcp_out.o
                0x08010c38                tcp_enqueue
 .text.tcp_send_empty_ack
                0x08011380       0xb8 ..\obj\tcp_out.o
                0x08011380                tcp_send_empty_ack
 .text.tcp_output
                0x08011438      0x3ec ..\obj\tcp_out.o
                0x08011438                tcp_output
 .text.tcp_output_segment
                0x08011824      0x1a8 ..\obj\tcp_out.o
 .text.tcp_rst  0x080119cc      0x128 ..\obj\tcp_out.o
                0x080119cc                tcp_rst
 .text.tcp_rexmit_rto
                0x08011af4       0x6c ..\obj\tcp_out.o
                0x08011af4                tcp_rexmit_rto
 .text.tcp_rexmit
                0x08011b60       0x90 ..\obj\tcp_out.o
                0x08011b60                tcp_rexmit
 .text.tcp_rexmit_fast
                0x08011bf0      0x104 ..\obj\tcp_out.o
                0x08011bf0                tcp_rexmit_fast
 .text.tcp_keepalive
                0x08011cf4      0x118 ..\obj\tcp_out.o
                0x08011cf4                tcp_keepalive
 .text.tcp_zero_window_probe
                0x08011e0c      0x1a8 ..\obj\tcp_out.o
                0x08011e0c                tcp_zero_window_probe
 .text.raw_input
                0x08011fb4       0xc8 ..\obj\raw.o
                0x08011fb4                raw_input
 .text          0x0801207c      0x370 c:/program files (x86)/gnu tools arm embedded/4.6 2012q2/bin/../lib/gcc/arm-none-eabi/4.6.2/armv7e-m\libgcc.a(_arm_addsubdf3.o)
                0x0801207c                __aeabi_drsub
                0x08012084                __aeabi_dsub
                0x08012084                __subdf3
                0x08012088                __aeabi_dadd
                0x08012088                __adddf3
                0x08012300                __floatunsidf
                0x08012300                __aeabi_ui2d
                0x08012320                __floatsidf
                0x08012320                __aeabi_i2d
                0x08012344                __aeabi_f2d
                0x08012344                __extendsfdf2
                0x08012380                __floatundidf
                0x08012380                __aeabi_ul2d
                0x08012390                __floatdidf
                0x08012390                __aeabi_l2d
 .text          0x080123ec      0x424 c:/program files (x86)/gnu tools arm embedded/4.6 2012q2/bin/../lib/gcc/arm-none-eabi/4.6.2/armv7e-m\libgcc.a(_arm_muldivdf3.o)
                0x080123ec                __aeabi_dmul
                0x080123ec                __muldf3
                0x08012640                __divdf3
                0x08012640                __aeabi_ddiv
 .text          0x08012810       0x40 c:/program files (x86)/gnu tools arm embedded/4.6 2012q2/bin/../lib/gcc/arm-none-eabi/4.6.2/armv7e-m\libgcc.a(_arm_fixunsdfsi.o)
                0x08012810                __aeabi_d2uiz
                0x08012810                __fixunsdfsi
 .text.memcmp   0x08012850       0x60 c:/program files (x86)/gnu tools arm embedded/4.6 2012q2/bin/../lib/gcc/arm-none-eabi/4.6.2/../../../../arm-none-eabi/lib/armv7e-m\libg.a(lib_a-memcmp.o)
                0x08012850                memcmp
 .text.memcpy   0x080128b0       0x84 c:/program files (x86)/gnu tools arm embedded/4.6 2012q2/bin/../lib/gcc/arm-none-eabi/4.6.2/../../../../arm-none-eabi/lib/armv7e-m\libg.a(lib_a-memcpy.o)
                0x080128b0                memcpy
 .text.memset   0x08012934       0x90 c:/program files (x86)/gnu tools arm embedded/4.6 2012q2/bin/../lib/gcc/arm-none-eabi/4.6.2/../../../../arm-none-eabi/lib/armv7e-m\libg.a(lib_a-memset.o)
                0x08012934                memset
 .text.putchar  0x080129c4       0x14 c:/program files (x86)/gnu tools arm embedded/4.6 2012q2/bin/../lib/gcc/arm-none-eabi/4.6.2/../../../../arm-none-eabi/lib/armv7e-m\libg.a(lib_a-putchar.o)
                0x080129c4                putchar
 .text.strchr   0x080129d8       0xf0 c:/program files (x86)/gnu tools arm embedded/4.6 2012q2/bin/../lib/gcc/arm-none-eabi/4.6.2/../../../../arm-none-eabi/lib/armv7e-m\libg.a(lib_a-strchr.o)
                0x080129d8                strchr
 .text.strcmp   0x08012ac8       0x80 c:/program files (x86)/gnu tools arm embedded/4.6 2012q2/bin/../lib/gcc/arm-none-eabi/4.6.2/../../../../arm-none-eabi/lib/armv7e-m\libg.a(lib_a-strcmp.o)
                0x08012ac8                strcmp
 .text.strcmp_unaligned
                0x08012b48      0x15c c:/program files (x86)/gnu tools arm embedded/4.6 2012q2/bin/../lib/gcc/arm-none-eabi/4.6.2/../../../../arm-none-eabi/lib/armv7e-m\libg.a(lib_a-strcmp.o)
 .text.strlen   0x08012ca4       0x60 c:/program files (x86)/gnu tools arm embedded/4.6 2012q2/bin/../lib/gcc/arm-none-eabi/4.6.2/../../../../arm-none-eabi/lib/armv7e-m\libg.a(lib_a-strlen.o)
                0x08012ca4                strlen
 .text.strncmp  0x08012d04       0xa4 c:/program files (x86)/gnu tools arm embedded/4.6 2012q2/bin/../lib/gcc/arm-none-eabi/4.6.2/../../../../arm-none-eabi/lib/armv7e-m\libg.a(lib_a-strncmp.o)
                0x08012d04                strncmp
 .text.critical_factorization
                0x08012da8       0xbc c:/program files (x86)/gnu tools arm embedded/4.6 2012q2/bin/../lib/gcc/arm-none-eabi/4.6.2/../../../../arm-none-eabi/lib/armv7e-m\libg.a(lib_a-strstr.o)
 .text.two_way_long_needle
                0x08012e64      0x1e8 c:/program files (x86)/gnu tools arm embedded/4.6 2012q2/bin/../lib/gcc/arm-none-eabi/4.6.2/../../../../arm-none-eabi/lib/armv7e-m\libg.a(lib_a-strstr.o)
 .text.strstr   0x0801304c      0x210 c:/program files (x86)/gnu tools arm embedded/4.6 2012q2/bin/../lib/gcc/arm-none-eabi/4.6.2/../../../../arm-none-eabi/lib/armv7e-m\libg.a(lib_a-strstr.o)
                0x0801304c                strstr
 .text.memchr   0x0801325c       0x84 c:/program files (x86)/gnu tools arm embedded/4.6 2012q2/bin/../lib/gcc/arm-none-eabi/4.6.2/../../../../arm-none-eabi/lib/armv7e-m\libg.a(lib_a-memchr.o)
                0x0801325c                memchr
 .text._putc_r  0x080132e0       0x60 c:/program files (x86)/gnu tools arm embedded/4.6 2012q2/bin/../lib/gcc/arm-none-eabi/4.6.2/../../../../arm-none-eabi/lib/armv7e-m\libg.a(lib_a-putc.o)
                0x080132e0                _putc_r
 .text.__swbuf_r
                0x08013340       0xc0 c:/program files (x86)/gnu tools arm embedded/4.6 2012q2/bin/../lib/gcc/arm-none-eabi/4.6.2/../../../../arm-none-eabi/lib/armv7e-m\libg.a(lib_a-wbuf.o)
                0x08013340                __swbuf_r
 .text.__swsetup_r
                0x08013400       0xbc c:/program files (x86)/gnu tools arm embedded/4.6 2012q2/bin/../lib/gcc/arm-none-eabi/4.6.2/../../../../arm-none-eabi/lib/armv7e-m\libg.a(lib_a-wsetup.o)
                0x08013400                __swsetup_r
 .text._fflush_r
                0x080134bc      0x16c c:/program files (x86)/gnu tools arm embedded/4.6 2012q2/bin/../lib/gcc/arm-none-eabi/4.6.2/../../../../arm-none-eabi/lib/armv7e-m\libg.a(lib_a-fflush.o)
                0x080134bc                _fflush_r
 .text._cleanup_r
                0x08013628        0xc c:/program files (x86)/gnu tools arm embedded/4.6 2012q2/bin/../lib/gcc/arm-none-eabi/4.6.2/../../../../arm-none-eabi/lib/armv7e-m\libg.a(lib_a-findfp.o)
                0x08013628                _cleanup_r
 .text.std.isra.0
                0x08013634       0x50 c:/program files (x86)/gnu tools arm embedded/4.6 2012q2/bin/../lib/gcc/arm-none-eabi/4.6.2/../../../../arm-none-eabi/lib/armv7e-m\libg.a(lib_a-findfp.o)
 .text.__sinit  0x08013684       0x48 c:/program files (x86)/gnu tools arm embedded/4.6 2012q2/bin/../lib/gcc/arm-none-eabi/4.6.2/../../../../arm-none-eabi/lib/armv7e-m\libg.a(lib_a-findfp.o)
                0x08013684                __sinit
 .text.__sfp_lock_acquire
                0x080136cc        0x4 c:/program files (x86)/gnu tools arm embedded/4.6 2012q2/bin/../lib/gcc/arm-none-eabi/4.6.2/../../../../arm-none-eabi/lib/armv7e-m\libg.a(lib_a-findfp.o)
                0x080136cc                __sfp_lock_acquire
 .text.__sfp_lock_release
                0x080136d0        0x4 c:/program files (x86)/gnu tools arm embedded/4.6 2012q2/bin/../lib/gcc/arm-none-eabi/4.6.2/../../../../arm-none-eabi/lib/armv7e-m\libg.a(lib_a-findfp.o)
                0x080136d0                __sfp_lock_release
 .text._malloc_trim_r
                0x080136d4       0xa0 c:/program files (x86)/gnu tools arm embedded/4.6 2012q2/bin/../lib/gcc/arm-none-eabi/4.6.2/../../../../arm-none-eabi/lib/armv7e-m\libg.a(lib_a-freer.o)
                0x080136d4                _malloc_trim_r
 .text._free_r  0x08013774      0x190 c:/program files (x86)/gnu tools arm embedded/4.6 2012q2/bin/../lib/gcc/arm-none-eabi/4.6.2/../../../../arm-none-eabi/lib/armv7e-m\libg.a(lib_a-freer.o)
                0x08013774                _free_r
 .text._fwalk   0x08013904       0x54 c:/program files (x86)/gnu tools arm embedded/4.6 2012q2/bin/../lib/gcc/arm-none-eabi/4.6.2/../../../../arm-none-eabi/lib/armv7e-m\libg.a(lib_a-fwalk.o)
                0x08013904                _fwalk
 .text.__smakebuf_r
                0x08013958       0xe0 c:/program files (x86)/gnu tools arm embedded/4.6 2012q2/bin/../lib/gcc/arm-none-eabi/4.6.2/../../../../arm-none-eabi/lib/armv7e-m\libg.a(lib_a-makebuf.o)
                0x08013958                __smakebuf_r
 .text._malloc_r
                0x08013a38      0x540 c:/program files (x86)/gnu tools arm embedded/4.6 2012q2/bin/../lib/gcc/arm-none-eabi/4.6.2/../../../../arm-none-eabi/lib/armv7e-m\libg.a(lib_a-mallocr.o)
                0x08013a38                _malloc_r
 .text.__malloc_lock
                0x08013f78        0x4 c:/program files (x86)/gnu tools arm embedded/4.6 2012q2/bin/../lib/gcc/arm-none-eabi/4.6.2/../../../../arm-none-eabi/lib/armv7e-m\libg.a(lib_a-mlock.o)
                0x08013f78                __malloc_lock
 .text.__malloc_unlock
                0x08013f7c        0x4 c:/program files (x86)/gnu tools arm embedded/4.6 2012q2/bin/../lib/gcc/arm-none-eabi/4.6.2/../../../../arm-none-eabi/lib/armv7e-m\libg.a(lib_a-mlock.o)
                0x08013f7c                __malloc_unlock
 .text._sbrk_r  0x08013f80       0x24 c:/program files (x86)/gnu tools arm embedded/4.6 2012q2/bin/../lib/gcc/arm-none-eabi/4.6.2/../../../../arm-none-eabi/lib/armv7e-m\libg.a(lib_a-sbrkr.o)
                0x08013f80                _sbrk_r
 .text.__sread  0x08013fa4       0x24 c:/program files (x86)/gnu tools arm embedded/4.6 2012q2/bin/../lib/gcc/arm-none-eabi/4.6.2/../../../../arm-none-eabi/lib/armv7e-m\libg.a(lib_a-stdio.o)
                0x08013fa4                __sread
 .text.__swrite
                0x08013fc8       0x3c c:/program files (x86)/gnu tools arm embedded/4.6 2012q2/bin/../lib/gcc/arm-none-eabi/4.6.2/../../../../arm-none-eabi/lib/armv7e-m\libg.a(lib_a-stdio.o)
                0x08013fc8                __swrite
 .text.__sseek  0x08014004       0x24 c:/program files (x86)/gnu tools arm embedded/4.6 2012q2/bin/../lib/gcc/arm-none-eabi/4.6.2/../../../../arm-none-eabi/lib/armv7e-m\libg.a(lib_a-stdio.o)
                0x08014004                __sseek
 .text.__sclose
                0x08014028        0x8 c:/program files (x86)/gnu tools arm embedded/4.6 2012q2/bin/../lib/gcc/arm-none-eabi/4.6.2/../../../../arm-none-eabi/lib/armv7e-m\libg.a(lib_a-stdio.o)
                0x08014028                __sclose
 .text._write_r
                0x08014030       0x28 c:/program files (x86)/gnu tools arm embedded/4.6 2012q2/bin/../lib/gcc/arm-none-eabi/4.6.2/../../../../arm-none-eabi/lib/armv7e-m\libg.a(lib_a-writer.o)
                0x08014030                _write_r
 .text._close_r
                0x08014058       0x24 c:/program files (x86)/gnu tools arm embedded/4.6 2012q2/bin/../lib/gcc/arm-none-eabi/4.6.2/../../../../arm-none-eabi/lib/armv7e-m\libg.a(lib_a-closer.o)
                0x08014058                _close_r
 .text._fclose_r
                0x0801407c       0x90 c:/program files (x86)/gnu tools arm embedded/4.6 2012q2/bin/../lib/gcc/arm-none-eabi/4.6.2/../../../../arm-none-eabi/lib/armv7e-m\libg.a(lib_a-fclose.o)
                0x0801407c                _fclose_r
 .text.fclose   0x0801410c       0x10 c:/program files (x86)/gnu tools arm embedded/4.6 2012q2/bin/../lib/gcc/arm-none-eabi/4.6.2/../../../../arm-none-eabi/lib/armv7e-m\libg.a(lib_a-fclose.o)
                0x0801410c                fclose
 .text._fstat_r
                0x0801411c       0x28 c:/program files (x86)/gnu tools arm embedded/4.6 2012q2/bin/../lib/gcc/arm-none-eabi/4.6.2/../../../../arm-none-eabi/lib/armv7e-m\libg.a(lib_a-fstatr.o)
                0x0801411c                _fstat_r
 .text._isatty_r
                0x08014144       0x24 c:/program files (x86)/gnu tools arm embedded/4.6 2012q2/bin/../lib/gcc/arm-none-eabi/4.6.2/../../../../arm-none-eabi/lib/armv7e-m\libg.a(lib_a-isattyr.o)
                0x08014144                _isatty_r
 .text._lseek_r
                0x08014168       0x28 c:/program files (x86)/gnu tools arm embedded/4.6 2012q2/bin/../lib/gcc/arm-none-eabi/4.6.2/../../../../arm-none-eabi/lib/armv7e-m\libg.a(lib_a-lseekr.o)
                0x08014168                _lseek_r
 .text._read_r  0x08014190       0x28 c:/program files (x86)/gnu tools arm embedded/4.6 2012q2/bin/../lib/gcc/arm-none-eabi/4.6.2/../../../../arm-none-eabi/lib/armv7e-m\libg.a(lib_a-readr.o)
                0x08014190                _read_r
 *(.glue_7t)
 .glue_7t       0x00000000        0x0 linker stubs
 *(.glue_7)
 .glue_7        0x00000000        0x0 linker stubs
 *(.rodata .rodata* .gnu.linkonce.r.*)
 .rodata        0x080141b8       0x84 ..\obj\mem.o
 .rodata        0x0801423c      0x690 ..\obj\tcp.o
                0x080142b4                tcp_backoff
                0x080142c4                tcp_persist_backoff
 .rodata        0x080148cc      0x6f4 ..\obj\tcp_in.o
 .rodata        0x08014fc0       0xb4 ..\obj\memp.o
 .rodata        0x08015074      0x2c0 ..\obj\autoip.o
 .rodata        0x08015334      0x1bc ..\obj\ip_frag.o
 .rodata        0x080154f0     0xcc8c ..\obj\fs.o
                0x080154f0                file__STM32F4x7_files_ST_gif
                0x08022104                file__STM32F4x7_files_logo_jpg
                0x08022118                file__STM32F4x7_files_stm32_jpg
                0x0802212c                file__STM32F4x7LED_html
                0x08022140                file__404_html
                0x08022154                file__index_html
                0x08022168                file__STM32F4x7ADC_shtml
 .rodata        0x0802217c       0x54 ..\obj\stm32f4_discovery.o
                0x0802217c                GPIO_PIN
                0x08022184                GPIO_CLK
                0x08022194                BUTTON_PIN
                0x08022198                BUTTON_CLK
                0x0802219c                BUTTON_EXTI_LINE
                0x080221a0                BUTTON_PORT_SOURCE
                0x080221a4                BUTTON_PIN_SOURCE
                0x080221a8                BUTTON_IRQn
                0x080221ac                COM_USART_CLK
                0x080221b0                COM_TX_PORT_CLK
                0x080221b4                COM_RX_PORT_CLK
                0x080221b8                COM_TX_PIN
                0x080221bc                COM_RX_PIN
                0x080221c0                COM_TX_PIN_SOURCE
                0x080221c4                COM_RX_PIN_SOURCE
                0x080221c8                COM_TX_AF
                0x080221cc                COM_RX_AF
 .rodata        0x080221d0        0x8 ..\obj\ip_addr.o
                0x080221d0                ip_addr_any
                0x080221d4                ip_addr_broadcast
 .rodata        0x080221d8       0x20 ..\obj\main.o
 .rodata        0x080221f8       0x24 ..\obj\printf.o
 .rodata        0x0802221c       0x24 ..\obj\ethernetif.o
 .rodata        0x08022240      0x744 ..\obj\etharp.o
                0x08022240                ethbroadcast
                0x08022248                ethzero
 .rodata        0x08022984       0xf4 ..\obj\httpd.o
                0x080229c4                g_psDefaultFilenames
                0x08022a14                g_pcTagLeadIn
                0x08022a1c                g_pcTagLeadOut
 .rodata        0x08022a78       0x44 ..\obj\httpd_cgi_ssi.o
                0x08022a8c                LEDS_CGI
 .rodata        0x08022abc      0x238 ..\obj\pbuf.o
 .rodata        0x08022cf4      0x1d4 ..\obj\netif.o
 .rodata        0x08022ec8      0x400 ..\obj\udp.o
 .rodata        0x080232c8      0x464 ..\obj\ip.o
 .rodata        0x0802372c      0x1d8 ..\obj\icmp.o
 .rodata        0x08023904      0xfe4 ..\obj\dhcp.o
 .rodata        0x080248e8      0x700 ..\obj\tcp_out.o
 .rodata.str1.4
                0x08024fe8        0x4 c:/program files (x86)/gnu tools arm embedded/4.6 2012q2/bin/../lib/gcc/arm-none-eabi/4.6.2/../../../../arm-none-eabi/lib/armv7e-m\libg.a(lib_a-impure.o)

.vfp11_veneer   0x08024fec        0x0
 .vfp11_veneer  0x00000000        0x0 linker stubs

.v4_bx          0x08024fec        0x0
 .v4_bx         0x00000000        0x0 linker stubs

.ARM.extab
 *(.ARM.extab* .gnu.linkonce.armextab.*)
                0x08024fec                __exidx_start = .

.ARM.exidx
 *(.ARM.exidx* .gnu.linkonce.armexidx.*)
                0x08024fec                __exidx_end = .
                0x08024fec                . = ALIGN (0x4)
                0x08024fec                _etext = .
                0x08024fec                _sidata = .

.data           0x20000000      0x8ec load address 0x08024fec
                0x20000000                _sdata = .
 *(.data .data.*)
 .data          0x20000000       0x34 ..\obj\tcp.o
                0x20000000                tcp_state_str
 .data          0x20000034       0x24 ..\obj\memp.o
 .data          0x20000058       0x20 ..\obj\stm32f4_discovery.o
                0x20000058                GPIO_PORT
                0x20000068                BUTTON_PORT
                0x2000006c                COM_USART
                0x20000070                COM_TX_PORT
                0x20000074                COM_RX_PORT
 .data          0x20000078       0x10 ..\obj\stm32f4xx_rcc.o
 .data          0x20000088       0x10 ..\obj\httpd.o
                0x20000088                g_pcSSIExtensions
 .data          0x20000098       0x10 ..\obj\httpd_cgi_ssi.o
                0x20000098                ADC_not_configured
                0x2000009c                TAGCHAR
                0x200000a0                TAGCHAR2
                0x200000a4                TAGS
 .data          0x200000a8        0x4 ..\obj\dhcp.o
 *fill*         0x200000ac        0x4 00
 .data.impure_data
                0x200000b0      0x428 c:/program files (x86)/gnu tools arm embedded/4.6 2012q2/bin/../lib/gcc/arm-none-eabi/4.6.2/../../../../arm-none-eabi/lib/armv7e-m\libg.a(lib_a-impure.o)
 .data._impure_ptr
                0x200004d8        0x4 c:/program files (x86)/gnu tools arm embedded/4.6 2012q2/bin/../lib/gcc/arm-none-eabi/4.6.2/../../../../arm-none-eabi/lib/armv7e-m\libg.a(lib_a-impure.o)
                0x200004d8                _impure_ptr
 .data.__malloc_av_
                0x200004dc      0x408 c:/program files (x86)/gnu tools arm embedded/4.6 2012q2/bin/../lib/gcc/arm-none-eabi/4.6.2/../../../../arm-none-eabi/lib/armv7e-m\libg.a(lib_a-mallocr.o)
                0x200004dc                __malloc_av_
 .data.__malloc_trim_threshold
                0x200008e4        0x4 c:/program files (x86)/gnu tools arm embedded/4.6 2012q2/bin/../lib/gcc/arm-none-eabi/4.6.2/../../../../arm-none-eabi/lib/armv7e-m\libg.a(lib_a-mallocr.o)
                0x200008e4                __malloc_trim_threshold
 .data.__malloc_sbrk_base
                0x200008e8        0x4 c:/program files (x86)/gnu tools arm embedded/4.6 2012q2/bin/../lib/gcc/arm-none-eabi/4.6.2/../../../../arm-none-eabi/lib/armv7e-m\libg.a(lib_a-mallocr.o)
                0x200008e8                __malloc_sbrk_base
                0x200008ec                . = ALIGN (0x4)
                0x200008ec                _edata = .

.bss            0x200008ec     0x7dd0 load address 0x080258d8
                0x200008ec                _sbss = .
 *(.bss .bss.*)
 .bss           0x200008ec     0x2824 ..\obj\mem.o
 .bss           0x20003110        0x1 ..\obj\tcp.o
 *fill*         0x20003111        0x3 00
 .bss           0x20003114       0x30 ..\obj\tcp_in.o
 .bss           0x20003144     0x2438 ..\obj\memp.o
 .bss           0x2000557c      0x5e8 ..\obj\ip_frag.o
 .bss           0x20005b64        0x4 ..\obj\main.o
                0x20005b64                LocalTime
 .bss           0x20005b68       0x18 ..\obj\netconf.o
                0x20005b68                TCPTimer
                0x20005b6c                ARPTimer
                0x20005b70                IPaddress
                0x20005b74                DHCPfineTimer
                0x20005b78                DHCPcoarseTimer
                0x20005b7c                DHCP_state
 .bss           0x20005b80        0x8 ..\obj\stm32f4x7_eth_bsp.o
                0x20005b80                EthInitStatus
                0x20005b84                EthLinkStatus
 .bss           0x20005b88       0xcc ..\obj\etharp.o
 .bss           0x20005c54      0x414 ..\obj\httpd.o
                0x20006054                g_pfnSSIHandler
                0x20006058                g_iNumTags
                0x2000605c                g_ppcTags
                0x20006060                g_pCGIs
                0x20006064                g_iNumCGIs
 .bss           0x20006068        0x1 ..\obj\netif.o
 *fill*         0x20006069        0x3 00
 .bss           0x2000606c        0x4 ..\obj\syscalls.o
 .bss           0x20006070        0x2 ..\obj\ip.o
 *fill*         0x20006072        0x2 00
 .bss           0x20006074        0x4 ..\obj\raw.o
 .bss.__malloc_max_total_mem
                0x20006078        0x4 c:/program files (x86)/gnu tools arm embedded/4.6 2012q2/bin/../lib/gcc/arm-none-eabi/4.6.2/../../../../arm-none-eabi/lib/armv7e-m\libg.a(lib_a-mallocr.o)
                0x20006078                __malloc_max_total_mem
 .bss.__malloc_max_sbrked_mem
                0x2000607c        0x4 c:/program files (x86)/gnu tools arm embedded/4.6 2012q2/bin/../lib/gcc/arm-none-eabi/4.6.2/../../../../arm-none-eabi/lib/armv7e-m\libg.a(lib_a-mallocr.o)
                0x2000607c                __malloc_max_sbrked_mem
 .bss.__malloc_top_pad
                0x20006080        0x4 c:/program files (x86)/gnu tools arm embedded/4.6 2012q2/bin/../lib/gcc/arm-none-eabi/4.6.2/../../../../arm-none-eabi/lib/armv7e-m\libg.a(lib_a-mallocr.o)
                0x20006080                __malloc_top_pad
 .bss.__malloc_current_mallinfo
                0x20006084       0x28 c:/program files (x86)/gnu tools arm embedded/4.6 2012q2/bin/../lib/gcc/arm-none-eabi/4.6.2/../../../../arm-none-eabi/lib/armv7e-m\libg.a(lib_a-mallocr.o)
                0x20006084                __malloc_current_mallinfo
 *(COMMON)
 COMMON         0x200060ac       0x18 ..\obj\tcp.o
                0x200060ac                tcp_active_pcbs
                0x200060b0                tcp_ticks
                0x200060b4                tcp_listen_pcbs
                0x200060b8                tcp_tmp_pcb
                0x200060bc                tcp_bound_pcbs
                0x200060c0                tcp_tw_pcbs
 COMMON         0x200060c4        0x4 ..\obj\tcp_in.o
                0x200060c4                tcp_input_pcb
 COMMON         0x200060c8       0xf0 ..\obj\fs.o
                0x200060c8                fs_memory
 COMMON         0x200061b8     0x2494 ..\obj\stm32f4x7_eth.o
                0x200061b8                RX_Frame_Descriptor
                0x200061c4                DMARxDescToGet
                0x200061c8                DMATxDescToSet
                0x200061cc                DMATxDscrTab
                0x2000620c                Rx_Buff
                0x200079dc                Frame_Rx_index
                0x200079e0                DMA_RX_FRAME_infos
                0x200079e4                DMARxDscrTab
                0x20007a64                Tx_Buff
 COMMON         0x2000864c       0x14 ..\obj\main.o
                0x2000864c                RCC_Clocks
                0x2000865c                timingdelay
 COMMON         0x20008660       0x38 ..\obj\netconf.o
                0x20008660                netif
 COMMON         0x20008698        0xc ..\obj\httpd_cgi_ssi.o
                0x20008698                ADC_Page_SSI_Handler
                0x2000869c                CGI_TAB
 COMMON         0x200086a4        0x8 ..\obj\netif.o
                0x200086a4                netif_list
                0x200086a8                netif_default
 COMMON         0x200086ac        0x4 ..\obj\udp.o
                0x200086ac                udp_pcbs
 COMMON         0x200086b0        0x8 ..\obj\ip.o
                0x200086b0                current_netif
                0x200086b4                current_header
 COMMON         0x200086b8        0x4 c:/program files (x86)/gnu tools arm embedded/4.6 2012q2/bin/../lib/gcc/arm-none-eabi/4.6.2/../../../../arm-none-eabi/lib/armv7e-m\libg.a(lib_a-reent.o)
                0x200086b8                errno
                0x200086bc                . = ALIGN (0x4)
                0x200086bc                _ebss = .

.co_stack       0x200086bc      0x804 load address 0x0802d6a8
                0x200086c0                . = ALIGN (0x8)
 *fill*         0x200086bc        0x4 00
 *(.co_stack .co_stack.*)
 .co_stack      0x200086c0      0x800 ..\obj\startup_stm32f4xx.o
                0x200086c0                pulStack
                0x20008ec0                . = ALIGN (0x4)
                0x20008ec0                _end = .
LOAD ..\obj\stm32f4xx_syscfg.o
LOAD ..\obj\mem.o
LOAD ..\obj\tcp.o
LOAD ..\obj\err.o
LOAD ..\obj\randm.o
LOAD ..\obj\mib_structs.o
LOAD ..\obj\tcp_in.o
LOAD ..\obj\stm32f4xx_usart.o
LOAD ..\obj\slipif.o
LOAD ..\obj\memp.o
LOAD ..\obj\autoip.o
LOAD ..\obj\ip_frag.o
LOAD ..\obj\msg_out.o
LOAD ..\obj\netbuf.o
LOAD ..\obj\tcpip.o
LOAD ..\obj\asn1_dec.o
LOAD ..\obj\lcp.o
LOAD ..\obj\vj.o
LOAD ..\obj\fs.o
LOAD ..\obj\startup_stm32f4xx.o
LOAD ..\obj\stm32f4_discovery.o
LOAD ..\obj\stm32f4x7_eth.o
LOAD ..\obj\sys.o
LOAD ..\obj\ip_addr.o
LOAD ..\obj\inet_chksum.o
LOAD ..\obj\main.o
LOAD ..\obj\stm32f4xx_rcc.o
LOAD ..\obj\netconf.o
LOAD ..\obj\mib2.o
LOAD ..\obj\stm32f4xx_it.o
LOAD ..\obj\netdb.o
LOAD ..\obj\init.o
LOAD ..\obj\stm32f4xx_adc.o
LOAD ..\obj\stm32f4x7_eth_bsp.o
LOAD ..\obj\printf.o
LOAD ..\obj\ethernetif.o
LOAD ..\obj\chpms.o
LOAD ..\obj\etharp.o
LOAD ..\obj\httpd.o
LOAD ..\obj\magic.o
LOAD ..\obj\httpd_cgi_ssi.o
LOAD ..\obj\pbuf.o
LOAD ..\obj\stats.o
LOAD ..\obj\inet.o
LOAD ..\obj\msg_in.o
LOAD ..\obj\netif.o
LOAD ..\obj\asn1_enc.o
LOAD ..\obj\fsm.o
LOAD ..\obj\api_msg.o
LOAD ..\obj\chap.o
LOAD ..\obj\stm32f4xx_gpio.o
LOAD ..\obj\md5.o
LOAD ..\obj\system_stm32f4xx.o
LOAD ..\obj\syscalls.o
LOAD ..\obj\sockets.o
LOAD ..\obj\igmp.o
LOAD ..\obj\pap.o
LOAD ..\obj\udp.o
LOAD ..\obj\ip.o
LOAD ..\obj\auth.o
LOAD ..\obj\stm32f4xx_exti.o
LOAD ..\obj\ppp_oe.o
LOAD ..\obj\icmp.o
LOAD ..\obj\dns.o
LOAD ..\obj\netifapi.o
LOAD ..\obj\misc.o
LOAD ..\obj\api_lib.o
LOAD ..\obj\dhcp.o
LOAD ..\obj\ppp.o
LOAD ..\obj\serial_debug.o
LOAD ..\obj\ipcp.o
LOAD ..\obj\tcp_out.o
LOAD ..\obj\loopif.o
LOAD ..\obj\raw.o
START GROUP
LOAD c:/program files (x86)/gnu tools arm embedded/4.6 2012q2/bin/../lib/gcc/arm-none-eabi/4.6.2/armv7e-m\libgcc.a
LOAD c:/program files (x86)/gnu tools arm embedded/4.6 2012q2/bin/../lib/gcc/arm-none-eabi/4.6.2/../../../../arm-none-eabi/lib/armv7e-m\libg.a
LOAD c:/program files (x86)/gnu tools arm embedded/4.6 2012q2/bin/../lib/gcc/arm-none-eabi/4.6.2/../../../../arm-none-eabi/lib/armv7e-m\libc.a
END GROUP
OUTPUT(STM32F4_Ethernet.elf elf32-littlearm)

.debug_info     0x00000000    0x17d5b
 .debug_info    0x00000000      0x27a ..\obj\stm32f4xx_syscfg.o
 .debug_info    0x0000027a      0x36a ..\obj\mem.o
 .debug_info    0x000005e4     0x13f6 ..\obj\tcp.o
 .debug_info    0x000019da       0xe5 ..\obj\err.o
 .debug_info    0x00001abf       0x73 ..\obj\randm.o
 .debug_info    0x00001b32       0x73 ..\obj\mib_structs.o
 .debug_info    0x00001ba5      0xd47 ..\obj\tcp_in.o
 .debug_info    0x000028ec      0xa4f ..\obj\stm32f4xx_usart.o
 .debug_info    0x0000333b       0x73 ..\obj\slipif.o
 .debug_info    0x000033ae      0x295 ..\obj\memp.o
 .debug_info    0x00003643      0x715 ..\obj\autoip.o
 .debug_info    0x00003d58      0x923 ..\obj\ip_frag.o
 .debug_info    0x0000467b       0x73 ..\obj\msg_out.o
 .debug_info    0x000046ee       0x73 ..\obj\netbuf.o
 .debug_info    0x00004761       0x73 ..\obj\tcpip.o
 .debug_info    0x000047d4       0x73 ..\obj\asn1_dec.o
 .debug_info    0x00004847       0x73 ..\obj\lcp.o
 .debug_info    0x000048ba       0x73 ..\obj\vj.o
 .debug_info    0x0000492d      0x5ce ..\obj\fs.o
 .debug_info    0x00004efb      0x14c ..\obj\startup_stm32f4xx.o
 .debug_info    0x00005047      0xc4d ..\obj\stm32f4_discovery.o
 .debug_info    0x00005c94     0x1baf ..\obj\stm32f4x7_eth.o
 .debug_info    0x00007843       0x73 ..\obj\sys.o
 .debug_info    0x000078b6      0x337 ..\obj\ip_addr.o
 .debug_info    0x00007bed      0x2c7 ..\obj\inet_chksum.o
 .debug_info    0x00007eb4      0x1e8 ..\obj\main.o
 .debug_info    0x0000809c      0xd24 ..\obj\stm32f4xx_rcc.o
 .debug_info    0x00008dc0      0x893 ..\obj\netconf.o
 .debug_info    0x00009653       0x73 ..\obj\mib2.o
 .debug_info    0x000096c6      0x18b ..\obj\stm32f4xx_it.o
 .debug_info    0x00009851       0x73 ..\obj\netdb.o
 .debug_info    0x000098c4       0xa0 ..\obj\init.o
 .debug_info    0x00009964      0xcf5 ..\obj\stm32f4xx_adc.o
 .debug_info    0x0000a659      0xdf6 ..\obj\stm32f4x7_eth_bsp.o
 .debug_info    0x0000b44f     0x10a4 ..\obj\printf.o
 .debug_info    0x0000c4f3      0xbc9 ..\obj\ethernetif.o
 .debug_info    0x0000d0bc       0x73 ..\obj\chpms.o
 .debug_info    0x0000d12f     0x101a ..\obj\etharp.o
 .debug_info    0x0000e149     0x1374 ..\obj\httpd.o
 .debug_info    0x0000f4bd       0x73 ..\obj\magic.o
 .debug_info    0x0000f530      0x7c7 ..\obj\httpd_cgi_ssi.o
 .debug_info    0x0000fcf7      0x6a6 ..\obj\pbuf.o
 .debug_info    0x0001039d       0x73 ..\obj\stats.o
 .debug_info    0x00010410      0x2fc ..\obj\inet.o
 .debug_info    0x0001070c       0x73 ..\obj\msg_in.o
 .debug_info    0x0001077f      0xfec ..\obj\netif.o
 .debug_info    0x0001176b       0x73 ..\obj\asn1_enc.o
 .debug_info    0x000117de       0x73 ..\obj\fsm.o
 .debug_info    0x00011851       0x73 ..\obj\api_msg.o
 .debug_info    0x000118c4       0x73 ..\obj\chap.o
 .debug_info    0x00011937      0x639 ..\obj\stm32f4xx_gpio.o
 .debug_info    0x00011f70       0x73 ..\obj\md5.o
 .debug_info    0x00011fe3      0x61d ..\obj\system_stm32f4xx.o
 .debug_info    0x00012600      0x440 ..\obj\syscalls.o
 .debug_info    0x00012a40       0x73 ..\obj\sockets.o
 .debug_info    0x00012ab3       0x73 ..\obj\igmp.o
 .debug_info    0x00012b26       0x73 ..\obj\pap.o
 .debug_info    0x00012b99      0xbdf ..\obj\udp.o
 .debug_info    0x00013778      0xa0b ..\obj\ip.o
 .debug_info    0x00014183       0x73 ..\obj\auth.o
 .debug_info    0x000141f6      0x372 ..\obj\stm32f4xx_exti.o
 .debug_info    0x00014568       0x73 ..\obj\ppp_oe.o
 .debug_info    0x000145db      0x5f6 ..\obj\icmp.o
 .debug_info    0x00014bd1       0x73 ..\obj\dns.o
 .debug_info    0x00014c44       0x73 ..\obj\netifapi.o
 .debug_info    0x00014cb7      0x594 ..\obj\misc.o
 .debug_info    0x0001524b       0x73 ..\obj\api_lib.o
 .debug_info    0x000152be     0x11a7 ..\obj\dhcp.o
 .debug_info    0x00016465       0x73 ..\obj\ppp.o
 .debug_info    0x000164d8      0x295 ..\obj\serial_debug.o
 .debug_info    0x0001676d       0x73 ..\obj\ipcp.o
 .debug_info    0x000167e0      0xe03 ..\obj\tcp_out.o
 .debug_info    0x000175e3       0x73 ..\obj\loopif.o
 .debug_info    0x00017656      0x705 ..\obj\raw.o

.debug_abbrev   0x00000000     0x439c
 .debug_abbrev  0x00000000      0x12a ..\obj\stm32f4xx_syscfg.o
 .debug_abbrev  0x0000012a      0x121 ..\obj\mem.o
 .debug_abbrev  0x0000024b      0x29a ..\obj\tcp.o
 .debug_abbrev  0x000004e5       0x92 ..\obj\err.o
 .debug_abbrev  0x00000577       0x2a ..\obj\randm.o
 .debug_abbrev  0x000005a1       0x2a ..\obj\mib_structs.o
 .debug_abbrev  0x000005cb      0x1e2 ..\obj\tcp_in.o
 .debug_abbrev  0x000007ad      0x14e ..\obj\stm32f4xx_usart.o
 .debug_abbrev  0x000008fb       0x2a ..\obj\slipif.o
 .debug_abbrev  0x00000925      0x11a ..\obj\memp.o
 .debug_abbrev  0x00000a3f      0x195 ..\obj\autoip.o
 .debug_abbrev  0x00000bd4      0x1d2 ..\obj\ip_frag.o
 .debug_abbrev  0x00000da6       0x2a ..\obj\msg_out.o
 .debug_abbrev  0x00000dd0       0x2a ..\obj\netbuf.o
 .debug_abbrev  0x00000dfa       0x2a ..\obj\tcpip.o
 .debug_abbrev  0x00000e24       0x2a ..\obj\asn1_dec.o
 .debug_abbrev  0x00000e4e       0x2a ..\obj\lcp.o
 .debug_abbrev  0x00000e78       0x2a ..\obj\vj.o
 .debug_abbrev  0x00000ea2      0x174 ..\obj\fs.o
 .debug_abbrev  0x00001016       0xcd ..\obj\startup_stm32f4xx.o
 .debug_abbrev  0x000010e3      0x1ba ..\obj\stm32f4_discovery.o
 .debug_abbrev  0x0000129d      0x1ee ..\obj\stm32f4x7_eth.o
 .debug_abbrev  0x0000148b       0x2a ..\obj\sys.o
 .debug_abbrev  0x000014b5       0xf2 ..\obj\ip_addr.o
 .debug_abbrev  0x000015a7      0x135 ..\obj\inet_chksum.o
 .debug_abbrev  0x000016dc       0xf7 ..\obj\main.o
 .debug_abbrev  0x000017d3      0x1b7 ..\obj\stm32f4xx_rcc.o
 .debug_abbrev  0x0000198a      0x164 ..\obj\netconf.o
 .debug_abbrev  0x00001aee       0x2a ..\obj\mib2.o
 .debug_abbrev  0x00001b18       0x83 ..\obj\stm32f4xx_it.o
 .debug_abbrev  0x00001b9b       0x2a ..\obj\netdb.o
 .debug_abbrev  0x00001bc5       0x54 ..\obj\init.o
 .debug_abbrev  0x00001c19      0x189 ..\obj\stm32f4xx_adc.o
 .debug_abbrev  0x00001da2      0x1e4 ..\obj\stm32f4x7_eth_bsp.o
 .debug_abbrev  0x00001f86      0x272 ..\obj\printf.o
 .debug_abbrev  0x000021f8      0x1ed ..\obj\ethernetif.o
 .debug_abbrev  0x000023e5       0x2a ..\obj\chpms.o
 .debug_abbrev  0x0000240f      0x20b ..\obj\etharp.o
 .debug_abbrev  0x0000261a      0x21f ..\obj\httpd.o
 .debug_abbrev  0x00002839       0x2a ..\obj\magic.o
 .debug_abbrev  0x00002863      0x197 ..\obj\httpd_cgi_ssi.o
 .debug_abbrev  0x000029fa      0x163 ..\obj\pbuf.o
 .debug_abbrev  0x00002b5d       0x2a ..\obj\stats.o
 .debug_abbrev  0x00002b87      0x10d ..\obj\inet.o
 .debug_abbrev  0x00002c94       0x2a ..\obj\msg_in.o
 .debug_abbrev  0x00002cbe      0x22e ..\obj\netif.o
 .debug_abbrev  0x00002eec       0x2a ..\obj\asn1_enc.o
 .debug_abbrev  0x00002f16       0x2a ..\obj\fsm.o
 .debug_abbrev  0x00002f40       0x2a ..\obj\api_msg.o
 .debug_abbrev  0x00002f6a       0x2a ..\obj\chap.o
 .debug_abbrev  0x00002f94      0x182 ..\obj\stm32f4xx_gpio.o
 .debug_abbrev  0x00003116       0x2a ..\obj\md5.o
 .debug_abbrev  0x00003140      0x140 ..\obj\system_stm32f4xx.o
 .debug_abbrev  0x00003280       0xde ..\obj\syscalls.o
 .debug_abbrev  0x0000335e       0x2a ..\obj\sockets.o
 .debug_abbrev  0x00003388       0x2a ..\obj\igmp.o
 .debug_abbrev  0x000033b2       0x2a ..\obj\pap.o
 .debug_abbrev  0x000033dc      0x1cf ..\obj\udp.o
 .debug_abbrev  0x000035ab      0x1a8 ..\obj\ip.o
 .debug_abbrev  0x00003753       0x2a ..\obj\auth.o
 .debug_abbrev  0x0000377d      0x198 ..\obj\stm32f4xx_exti.o
 .debug_abbrev  0x00003915       0x2a ..\obj\ppp_oe.o
 .debug_abbrev  0x0000393f      0x19c ..\obj\icmp.o
 .debug_abbrev  0x00003adb       0x2a ..\obj\dns.o
 .debug_abbrev  0x00003b05       0x2a ..\obj\netifapi.o
 .debug_abbrev  0x00003b2f      0x126 ..\obj\misc.o
 .debug_abbrev  0x00003c55       0x2a ..\obj\api_lib.o
 .debug_abbrev  0x00003c7f      0x1d8 ..\obj\dhcp.o
 .debug_abbrev  0x00003e57       0x2a ..\obj\ppp.o
 .debug_abbrev  0x00003e81      0x11f ..\obj\serial_debug.o
 .debug_abbrev  0x00003fa0       0x2a ..\obj\ipcp.o
 .debug_abbrev  0x00003fca      0x217 ..\obj\tcp_out.o
 .debug_abbrev  0x000041e1       0x2a ..\obj\loopif.o
 .debug_abbrev  0x0000420b      0x191 ..\obj\raw.o

.debug_loc      0x00000000     0x71f6
 .debug_loc     0x00000000      0x144 ..\obj\stm32f4xx_syscfg.o
 .debug_loc     0x00000144      0x150 ..\obj\mem.o
 .debug_loc     0x00000294      0x7bd ..\obj\tcp.o
 .debug_loc     0x00000a51       0x38 ..\obj\err.o
 .debug_loc     0x00000a89      0x152 ..\obj\tcp_in.o
 .debug_loc     0x00000bdb      0x658 ..\obj\stm32f4xx_usart.o
 .debug_loc     0x00001233       0xa8 ..\obj\memp.o
 .debug_loc     0x000012db      0x294 ..\obj\autoip.o
 .debug_loc     0x0000156f      0x1c0 ..\obj\ip_frag.o
 .debug_loc     0x0000172f      0x150 ..\obj\fs.o
 .debug_loc     0x0000187f       0x64 ..\obj\startup_stm32f4xx.o
 .debug_loc     0x000018e3      0x188 ..\obj\stm32f4_discovery.o
 .debug_loc     0x00001a6b     0x1170 ..\obj\stm32f4x7_eth.o
 .debug_loc     0x00002bdb       0x38 ..\obj\ip_addr.o
 .debug_loc     0x00002c13       0xe0 ..\obj\inet_chksum.o
 .debug_loc     0x00002cf3       0xbc ..\obj\main.o
 .debug_loc     0x00002daf      0x97c ..\obj\stm32f4xx_rcc.o
 .debug_loc     0x0000372b       0xd4 ..\obj\netconf.o
 .debug_loc     0x000037ff      0x1b8 ..\obj\stm32f4xx_it.o
 .debug_loc     0x000039b7       0x58 ..\obj\init.o
 .debug_loc     0x00003a0f      0x838 ..\obj\stm32f4xx_adc.o
 .debug_loc     0x00004247      0x1c2 ..\obj\stm32f4x7_eth_bsp.o
 .debug_loc     0x00004409      0x3ea ..\obj\printf.o
 .debug_loc     0x000047f3      0x118 ..\obj\ethernetif.o
 .debug_loc     0x0000490b      0x2df ..\obj\etharp.o
 .debug_loc     0x00004bea      0x48e ..\obj\httpd.o
 .debug_loc     0x00005078      0x100 ..\obj\httpd_cgi_ssi.o
 .debug_loc     0x00005178      0x2d8 ..\obj\pbuf.o
 .debug_loc     0x00005450      0x188 ..\obj\inet.o
 .debug_loc     0x000055d8      0x269 ..\obj\netif.o
 .debug_loc     0x00005841      0x310 ..\obj\stm32f4xx_gpio.o
 .debug_loc     0x00005b51       0x9c ..\obj\system_stm32f4xx.o
 .debug_loc     0x00005bed      0x1ec ..\obj\syscalls.o
 .debug_loc     0x00005dd9      0x26a ..\obj\udp.o
 .debug_loc     0x00006043      0x119 ..\obj\ip.o
 .debug_loc     0x0000615c      0x1b4 ..\obj\stm32f4xx_exti.o
 .debug_loc     0x00006310       0xe1 ..\obj\icmp.o
 .debug_loc     0x000063f1      0x118 ..\obj\misc.o
 .debug_loc     0x00006509      0x7e2 ..\obj\dhcp.o
 .debug_loc     0x00006ceb       0x70 ..\obj\serial_debug.o
 .debug_loc     0x00006d5b      0x2db ..\obj\tcp_out.o
 .debug_loc     0x00007036      0x1c0 ..\obj\raw.o

.debug_aranges  0x00000000     0x1488
 .debug_aranges
                0x00000000       0x48 ..\obj\stm32f4xx_syscfg.o
 .debug_aranges
                0x00000048       0x48 ..\obj\mem.o
 .debug_aranges
                0x00000090      0x138 ..\obj\tcp.o
 .debug_aranges
                0x000001c8       0x20 ..\obj\err.o
 .debug_aranges
                0x000001e8       0x48 ..\obj\tcp_in.o
 .debug_aranges
                0x00000230      0x100 ..\obj\stm32f4xx_usart.o
 .debug_aranges
                0x00000330       0x30 ..\obj\memp.o
 .debug_aranges
                0x00000360       0x78 ..\obj\autoip.o
 .debug_aranges
                0x000003d8       0x58 ..\obj\ip_frag.o
 .debug_aranges
                0x00000430       0x48 ..\obj\fs.o
 .debug_aranges
                0x00000478       0x28 ..\obj\startup_stm32f4xx.o
 .debug_aranges
                0x000004a0       0x50 ..\obj\stm32f4_discovery.o
 .debug_aranges
                0x000004f0      0x2b8 ..\obj\stm32f4x7_eth.o
 .debug_aranges
                0x000007a8       0x20 ..\obj\ip_addr.o
 .debug_aranges
                0x000007c8       0x38 ..\obj\inet_chksum.o
 .debug_aranges
                0x00000800       0x38 ..\obj\main.o
 .debug_aranges
                0x00000838      0x178 ..\obj\stm32f4xx_rcc.o
 .debug_aranges
                0x000009b0       0x38 ..\obj\netconf.o
 .debug_aranges
                0x000009e8       0x68 ..\obj\stm32f4xx_it.o
 .debug_aranges
                0x00000a50       0x28 ..\obj\init.o
 .debug_aranges
                0x00000a78      0x148 ..\obj\stm32f4xx_adc.o
 .debug_aranges
                0x00000bc0       0x58 ..\obj\stm32f4x7_eth_bsp.o
 .debug_aranges
                0x00000c18       0xa0 ..\obj\printf.o
 .debug_aranges
                0x00000cb8       0x40 ..\obj\ethernetif.o
 .debug_aranges
                0x00000cf8       0x80 ..\obj\etharp.o
 .debug_aranges
                0x00000d78       0xc0 ..\obj\httpd.o
 .debug_aranges
                0x00000e38       0x40 ..\obj\httpd_cgi_ssi.o
 .debug_aranges
                0x00000e78       0x80 ..\obj\pbuf.o
 .debug_aranges
                0x00000ef8       0x50 ..\obj\inet.o
 .debug_aranges
                0x00000f48       0x70 ..\obj\netif.o
 .debug_aranges
                0x00000fb8       0x88 ..\obj\stm32f4xx_gpio.o
 .debug_aranges
                0x00001040       0x30 ..\obj\system_stm32f4xx.o
 .debug_aranges
                0x00001070       0x60 ..\obj\syscalls.o
 .debug_aranges
                0x000010d0       0x70 ..\obj\udp.o
 .debug_aranges
                0x00001140       0x40 ..\obj\ip.o
 .debug_aranges
                0x00001180       0x58 ..\obj\stm32f4xx_exti.o
 .debug_aranges
                0x000011d8       0x38 ..\obj\icmp.o
 .debug_aranges
                0x00001210       0x40 ..\obj\misc.o
 .debug_aranges
                0x00001250      0x138 ..\obj\dhcp.o
 .debug_aranges
                0x00001388       0x28 ..\obj\serial_debug.o
 .debug_aranges
                0x000013b0       0x80 ..\obj\tcp_out.o
 .debug_aranges
                0x00001430       0x58 ..\obj\raw.o

.debug_ranges   0x00000000     0x1218
 .debug_ranges  0x00000000       0x38 ..\obj\stm32f4xx_syscfg.o
 .debug_ranges  0x00000038       0x38 ..\obj\mem.o
 .debug_ranges  0x00000070      0x128 ..\obj\tcp.o
 .debug_ranges  0x00000198       0x10 ..\obj\err.o
 .debug_ranges  0x000001a8       0x38 ..\obj\tcp_in.o
 .debug_ranges  0x000001e0       0xf0 ..\obj\stm32f4xx_usart.o
 .debug_ranges  0x000002d0       0x20 ..\obj\memp.o
 .debug_ranges  0x000002f0       0x68 ..\obj\autoip.o
 .debug_ranges  0x00000358       0x48 ..\obj\ip_frag.o
 .debug_ranges  0x000003a0       0x38 ..\obj\fs.o
 .debug_ranges  0x000003d8       0x18 ..\obj\startup_stm32f4xx.o
 .debug_ranges  0x000003f0       0x40 ..\obj\stm32f4_discovery.o
 .debug_ranges  0x00000430      0x2a8 ..\obj\stm32f4x7_eth.o
 .debug_ranges  0x000006d8       0x10 ..\obj\ip_addr.o
 .debug_ranges  0x000006e8       0x28 ..\obj\inet_chksum.o
 .debug_ranges  0x00000710       0x28 ..\obj\main.o
 .debug_ranges  0x00000738      0x168 ..\obj\stm32f4xx_rcc.o
 .debug_ranges  0x000008a0       0x28 ..\obj\netconf.o
 .debug_ranges  0x000008c8       0x58 ..\obj\stm32f4xx_it.o
 .debug_ranges  0x00000920       0x18 ..\obj\init.o
 .debug_ranges  0x00000938      0x138 ..\obj\stm32f4xx_adc.o
 .debug_ranges  0x00000a70       0x48 ..\obj\stm32f4x7_eth_bsp.o
 .debug_ranges  0x00000ab8       0x90 ..\obj\printf.o
 .debug_ranges  0x00000b48       0x30 ..\obj\ethernetif.o
 .debug_ranges  0x00000b78       0x70 ..\obj\etharp.o
 .debug_ranges  0x00000be8       0xb0 ..\obj\httpd.o
 .debug_ranges  0x00000c98       0x30 ..\obj\httpd_cgi_ssi.o
 .debug_ranges  0x00000cc8       0x70 ..\obj\pbuf.o
 .debug_ranges  0x00000d38       0x40 ..\obj\inet.o
 .debug_ranges  0x00000d78       0x78 ..\obj\netif.o
 .debug_ranges  0x00000df0       0x78 ..\obj\stm32f4xx_gpio.o
 .debug_ranges  0x00000e68       0x20 ..\obj\system_stm32f4xx.o
 .debug_ranges  0x00000e88       0x50 ..\obj\syscalls.o
 .debug_ranges  0x00000ed8       0x60 ..\obj\udp.o
 .debug_ranges  0x00000f38       0x30 ..\obj\ip.o
 .debug_ranges  0x00000f68       0x48 ..\obj\stm32f4xx_exti.o
 .debug_ranges  0x00000fb0       0x40 ..\obj\icmp.o
 .debug_ranges  0x00000ff0       0x30 ..\obj\misc.o
 .debug_ranges  0x00001020      0x128 ..\obj\dhcp.o
 .debug_ranges  0x00001148       0x18 ..\obj\serial_debug.o
 .debug_ranges  0x00001160       0x70 ..\obj\tcp_out.o
 .debug_ranges  0x000011d0       0x48 ..\obj\raw.o

.debug_line     0x00000000     0xa18a
 .debug_line    0x00000000      0x1f4 ..\obj\stm32f4xx_syscfg.o
 .debug_line    0x000001f4      0x262 ..\obj\mem.o
 .debug_line    0x00000456      0x8e6 ..\obj\tcp.o
 .debug_line    0x00000d3c      0x128 ..\obj\err.o
 .debug_line    0x00000e64       0x1d ..\obj\randm.o
 .debug_line    0x00000e81       0x1d ..\obj\mib_structs.o
 .debug_line    0x00000e9e      0x879 ..\obj\tcp_in.o
 .debug_line    0x00001717      0x483 ..\obj\stm32f4xx_usart.o
 .debug_line    0x00001b9a       0x1d ..\obj\slipif.o
 .debug_line    0x00001bb7      0x1a0 ..\obj\memp.o
 .debug_line    0x00001d57      0x3c1 ..\obj\autoip.o
 .debug_line    0x00002118      0x3cf ..\obj\ip_frag.o
 .debug_line    0x000024e7       0x1d ..\obj\msg_out.o
 .debug_line    0x00002504       0x1d ..\obj\netbuf.o
 .debug_line    0x00002521       0x1d ..\obj\tcpip.o
 .debug_line    0x0000253e       0x1d ..\obj\asn1_dec.o
 .debug_line    0x0000255b       0x1d ..\obj\lcp.o
 .debug_line    0x00002578       0x1d ..\obj\vj.o
 .debug_line    0x00002595      0x1f7 ..\obj\fs.o
 .debug_line    0x0000278c       0xa5 ..\obj\startup_stm32f4xx.o
 .debug_line    0x00002831      0x2e2 ..\obj\stm32f4_discovery.o
 .debug_line    0x00002b13      0xaee ..\obj\stm32f4x7_eth.o
 .debug_line    0x00003601       0x1d ..\obj\sys.o
 .debug_line    0x0000361e      0x166 ..\obj\ip_addr.o
 .debug_line    0x00003784      0x1d6 ..\obj\inet_chksum.o
 .debug_line    0x0000395a      0x20b ..\obj\main.o
 .debug_line    0x00003b65      0x57b ..\obj\stm32f4xx_rcc.o
 .debug_line    0x000040e0      0x2d3 ..\obj\netconf.o
 .debug_line    0x000043b3       0x1d ..\obj\mib2.o
 .debug_line    0x000043d0      0x224 ..\obj\stm32f4xx_it.o
 .debug_line    0x000045f4       0x1d ..\obj\netdb.o
 .debug_line    0x00004611       0x9a ..\obj\init.o
 .debug_line    0x000046ab      0x533 ..\obj\stm32f4xx_adc.o
 .debug_line    0x00004bde      0x372 ..\obj\stm32f4x7_eth_bsp.o
 .debug_line    0x00004f50      0x49b ..\obj\printf.o
 .debug_line    0x000053eb      0x394 ..\obj\ethernetif.o
 .debug_line    0x0000577f       0x1d ..\obj\chpms.o
 .debug_line    0x0000579c      0x5e4 ..\obj\etharp.o
 .debug_line    0x00005d80      0x74e ..\obj\httpd.o
 .debug_line    0x000064ce       0x1d ..\obj\magic.o
 .debug_line    0x000064eb      0x362 ..\obj\httpd_cgi_ssi.o
 .debug_line    0x0000684d      0x458 ..\obj\pbuf.o
 .debug_line    0x00006ca5       0x1d ..\obj\stats.o
 .debug_line    0x00006cc2      0x260 ..\obj\inet.o
 .debug_line    0x00006f22       0x1d ..\obj\msg_in.o
 .debug_line    0x00006f3f      0x434 ..\obj\netif.o
 .debug_line    0x00007373       0x1d ..\obj\asn1_enc.o
 .debug_line    0x00007390       0x1d ..\obj\fsm.o
 .debug_line    0x000073ad       0x1d ..\obj\api_msg.o
 .debug_line    0x000073ca       0x1d ..\obj\chap.o
 .debug_line    0x000073e7      0x31e ..\obj\stm32f4xx_gpio.o
 .debug_line    0x00007705       0x1d ..\obj\md5.o
 .debug_line    0x00007722      0x210 ..\obj\system_stm32f4xx.o
 .debug_line    0x00007932      0x1a4 ..\obj\syscalls.o
 .debug_line    0x00007ad6       0x1d ..\obj\sockets.o
 .debug_line    0x00007af3       0x1d ..\obj\igmp.o
 .debug_line    0x00007b10       0x1d ..\obj\pap.o
 .debug_line    0x00007b2d      0x472 ..\obj\udp.o
 .debug_line    0x00007f9f      0x390 ..\obj\ip.o
 .debug_line    0x0000832f       0x1d ..\obj\auth.o
 .debug_line    0x0000834c      0x284 ..\obj\stm32f4xx_exti.o
 .debug_line    0x000085d0       0x1d ..\obj\ppp_oe.o
 .debug_line    0x000085ed      0x302 ..\obj\icmp.o
 .debug_line    0x000088ef       0x1d ..\obj\dns.o
 .debug_line    0x0000890c       0x1d ..\obj\netifapi.o
 .debug_line    0x00008929      0x224 ..\obj\misc.o
 .debug_line    0x00008b4d       0x1d ..\obj\api_lib.o
 .debug_line    0x00008b6a      0xae1 ..\obj\dhcp.o
 .debug_line    0x0000964b       0x1d ..\obj\ppp.o
 .debug_line    0x00009668      0x240 ..\obj\serial_debug.o
 .debug_line    0x000098a8       0x1d ..\obj\ipcp.o
 .debug_line    0x000098c5      0x622 ..\obj\tcp_out.o
 .debug_line    0x00009ee7       0x1d ..\obj\loopif.o
 .debug_line    0x00009f04      0x286 ..\obj\raw.o

.debug_str      0x00000000     0x713f
 .debug_str     0x00000000      0x24f ..\obj\stm32f4xx_syscfg.o
                                0x29c (size before relaxing)
 .debug_str     0x0000024f      0x139 ..\obj\mem.o
                                0x225 (size before relaxing)
 .debug_str     0x00000388      0x614 ..\obj\tcp.o
                                0x82d (size before relaxing)
 .debug_str     0x0000099c       0x65 ..\obj\err.o
                                0x177 (size before relaxing)
 .debug_str     0x00000a01       0x56 ..\obj\randm.o
                                0x15d (size before relaxing)
 .debug_str     0x00000a57       0x5c ..\obj\mib_structs.o
                                0x163 (size before relaxing)
 .debug_str     0x00000ab3      0x160 ..\obj\tcp_in.o
                                0x665 (size before relaxing)
 .debug_str     0x00000c13      0x4e2 ..\obj\stm32f4xx_usart.o
                                0x62c (size before relaxing)
 .debug_str     0x000010f5       0x53 ..\obj\slipif.o
                                0x15a (size before relaxing)
 .debug_str     0x00001148       0xaf ..\obj\memp.o
                                0x269 (size before relaxing)
 .debug_str     0x000011f7      0x1e6 ..\obj\autoip.o
                                0x3bd (size before relaxing)
 .debug_str     0x000013dd      0x27c ..\obj\ip_frag.o
                                0x52c (size before relaxing)
 .debug_str     0x00001659       0x58 ..\obj\msg_out.o
                                0x15f (size before relaxing)
 .debug_str     0x000016b1       0x51 ..\obj\netbuf.o
                                0x158 (size before relaxing)
 .debug_str     0x00001702       0x50 ..\obj\tcpip.o
                                0x157 (size before relaxing)
 .debug_str     0x00001752       0x59 ..\obj\asn1_dec.o
                                0x160 (size before relaxing)
 .debug_str     0x000017ab       0x54 ..\obj\lcp.o
                                0x15b (size before relaxing)
 .debug_str     0x000017ff       0x53 ..\obj\vj.o
                                0x15a (size before relaxing)
 .debug_str     0x00001852      0x305 ..\obj\fs.o
                                0x436 (size before relaxing)
 .debug_str     0x00001b57       0xbe ..\obj\startup_stm32f4xx.o
                                0x126 (size before relaxing)
 .debug_str     0x00001c15      0xa7b ..\obj\stm32f4_discovery.o
                                0xc78 (size before relaxing)
 .debug_str     0x00002690     0x11ba ..\obj\stm32f4x7_eth.o
                               0x13fa (size before relaxing)
 .debug_str     0x0000384a       0x4f ..\obj\sys.o
                                0x156 (size before relaxing)
 .debug_str     0x00003899       0x88 ..\obj\ip_addr.o
                                0x238 (size before relaxing)
 .debug_str     0x00003921       0xbc ..\obj\inet_chksum.o
                                0x21f (size before relaxing)
 .debug_str     0x000039dd       0x71 ..\obj\main.o
                                0x209 (size before relaxing)
 .debug_str     0x00003a4e      0x5db ..\obj\stm32f4xx_rcc.o
                                0x7ed (size before relaxing)
 .debug_str     0x00004029      0x276 ..\obj\netconf.o
                                0x4cf (size before relaxing)
 .debug_str     0x0000429f       0x55 ..\obj\mib2.o
                                0x15c (size before relaxing)
 .debug_str     0x000042f4       0xdf ..\obj\stm32f4xx_it.o
                                0x1d0 (size before relaxing)
 .debug_str     0x000043d3       0x50 ..\obj\netdb.o
                                0x157 (size before relaxing)
 .debug_str     0x00004423       0x6c ..\obj\init.o
                                0x173 (size before relaxing)
 .debug_str     0x0000448f      0x630 ..\obj\stm32f4xx_adc.o
                                0x7a1 (size before relaxing)
 .debug_str     0x00004abf      0x1b6 ..\obj\stm32f4x7_eth_bsp.o
                                0xf72 (size before relaxing)
 .debug_str     0x00004c75      0x46e ..\obj\printf.o
                                0x6aa (size before relaxing)
 .debug_str     0x000050e3       0xb0 ..\obj\ethernetif.o
                                0x656 (size before relaxing)
 .debug_str     0x00005193       0x56 ..\obj\chpms.o
                                0x15d (size before relaxing)
 .debug_str     0x000051e9      0x27f ..\obj\etharp.o
                                0x7a9 (size before relaxing)
 .debug_str     0x00005468      0x3a9 ..\obj\httpd.o
                                0x817 (size before relaxing)
 .debug_str     0x00005811       0x56 ..\obj\magic.o
                                0x15d (size before relaxing)
 .debug_str     0x00005867      0x16a ..\obj\httpd_cgi_ssi.o
                                0x5e9 (size before relaxing)
 .debug_str     0x000059d1      0x18f ..\obj\pbuf.o
                                0x3eb (size before relaxing)
 .debug_str     0x00005b60       0x51 ..\obj\stats.o
                                0x158 (size before relaxing)
 .debug_str     0x00005bb1       0x99 ..\obj\inet.o
                                0x1c2 (size before relaxing)
 .debug_str     0x00005c4a       0x57 ..\obj\msg_in.o