Archive member included because of file (symbol)

c:/program files/gnu tools arm embedded/4.7 2013q3/bin/../lib/gcc/arm-none-eabi/4.7.4/armv6-m\libgcc.a(_udivsi3.o)
                              ..\obj\stm32f0xx_rcc.o (__aeabi_uidiv)
c:/program files/gnu tools arm embedded/4.7 2013q3/bin/../lib/gcc/arm-none-eabi/4.7.4/armv6-m\libgcc.a(_dvmd_tls.o)
                              c:/program files/gnu tools arm embedded/4.7 2013q3/bin/../lib/gcc/arm-none-eabi/4.7.4/armv6-m\libgcc.a(_udivsi3.o) (__aeabi_idiv0)
c:/program files/gnu tools arm embedded/4.7 2013q3/bin/../lib/gcc/arm-none-eabi/4.7.4/../../../../arm-none-eabi/lib/armv6-m\libg.a(lib_a-strlen.o)
                              ..\obj\main.o (strlen)

Discarded input sections

 .text          0x00000000        0x0 ..\obj\stm32f0xx_rcc.o
 .bss           0x00000000        0x0 ..\obj\stm32f0xx_rcc.o
 .text.RCC_DeInit
                0x00000000       0x88 ..\obj\stm32f0xx_rcc.o
 .text.RCC_HSEConfig
                0x00000000       0x24 ..\obj\stm32f0xx_rcc.o
 .text.RCC_WaitForHSEStartUp
                0x00000000       0x60 ..\obj\stm32f0xx_rcc.o
 .text.RCC_AdjustHSICalibrationValue
                0x00000000       0x3c ..\obj\stm32f0xx_rcc.o
 .text.RCC_HSICmd
                0x00000000       0x38 ..\obj\stm32f0xx_rcc.o
 .text.RCC_AdjustHSI14CalibrationValue
                0x00000000       0x3c ..\obj\stm32f0xx_rcc.o
 .text.RCC_HSI14Cmd
                0x00000000       0x38 ..\obj\stm32f0xx_rcc.o
 .text.RCC_HSI14ADCRequestCmd
                0x00000000       0x38 ..\obj\stm32f0xx_rcc.o
 .text.RCC_LSEConfig
                0x00000000       0x38 ..\obj\stm32f0xx_rcc.o
 .text.RCC_LSEDriveConfig
                0x00000000       0x2c ..\obj\stm32f0xx_rcc.o
 .text.RCC_LSICmd
                0x00000000       0x38 ..\obj\stm32f0xx_rcc.o
 .text.RCC_PLLConfig
                0x00000000       0x34 ..\obj\stm32f0xx_rcc.o
 .text.RCC_PLLCmd
                0x00000000       0x40 ..\obj\stm32f0xx_rcc.o
 .text.RCC_PREDIV1Config
                0x00000000       0x34 ..\obj\stm32f0xx_rcc.o
 .text.RCC_ClockSecuritySystemCmd
                0x00000000       0x40 ..\obj\stm32f0xx_rcc.o
 .text.RCC_MCOConfig
                0x00000000       0x20 ..\obj\stm32f0xx_rcc.o
 .text.RCC_SYSCLKConfig
                0x00000000       0x34 ..\obj\stm32f0xx_rcc.o
 .text.RCC_GetSYSCLKSource
                0x00000000       0x1c ..\obj\stm32f0xx_rcc.o
 .text.RCC_HCLKConfig
                0x00000000       0x34 ..\obj\stm32f0xx_rcc.o
 .text.RCC_PCLKConfig
                0x00000000       0x38 ..\obj\stm32f0xx_rcc.o
 .text.RCC_ADCCLKConfig
                0x00000000       0x50 ..\obj\stm32f0xx_rcc.o
 .text.RCC_CECCLKConfig
                0x00000000       0x2c ..\obj\stm32f0xx_rcc.o
 .text.RCC_I2CCLKConfig
                0x00000000       0x2c ..\obj\stm32f0xx_rcc.o
 .text.RCC_USARTCLKConfig
                0x00000000       0x2c ..\obj\stm32f0xx_rcc.o
 .text.RCC_RTCCLKConfig
                0x00000000       0x20 ..\obj\stm32f0xx_rcc.o
 .text.RCC_RTCCLKCmd
                0x00000000       0x40 ..\obj\stm32f0xx_rcc.o
 .text.RCC_BackupResetCmd
                0x00000000       0x40 ..\obj\stm32f0xx_rcc.o
 .text.RCC_AHBPeriphResetCmd
                0x00000000       0x3c ..\obj\stm32f0xx_rcc.o
 .text.RCC_APB2PeriphResetCmd
                0x00000000       0x3c ..\obj\stm32f0xx_rcc.o
 .text.RCC_APB1PeriphResetCmd
                0x00000000       0x3c ..\obj\stm32f0xx_rcc.o
 .text.RCC_ITConfig
                0x00000000       0x50 ..\obj\stm32f0xx_rcc.o
 .text.RCC_GetFlagStatus
                0x00000000       0x90 ..\obj\stm32f0xx_rcc.o
 .text.RCC_ClearFlag
                0x00000000       0x1c ..\obj\stm32f0xx_rcc.o
 .text.RCC_GetITStatus
                0x00000000       0x44 ..\obj\stm32f0xx_rcc.o
 .text.RCC_ClearITPendingBit
                0x00000000       0x20 ..\obj\stm32f0xx_rcc.o
 .text          0x00000000        0x0 ..\obj\main.o
 .data          0x00000000        0x0 ..\obj\main.o
 .bss           0x00000000        0x0 ..\obj\main.o
 .text          0x00000000       0x14 ..\obj\startup_stm32f0xx.o
 .data          0x00000000        0x0 ..\obj\startup_stm32f0xx.o
 .bss           0x00000000        0x0 ..\obj\startup_stm32f0xx.o
 .text          0x00000000        0x0 ..\obj\system_stm32f0xx_temp.o
 .data          0x00000000       0x14 ..\obj\system_stm32f0xx_temp.o
 .bss           0x00000000        0x0 ..\obj\system_stm32f0xx_temp.o
 .text.SystemCoreClockUpdate1
                0x00000000       0xd0 ..\obj\system_stm32f0xx_temp.o
 .text          0x00000000        0x0 ..\obj\stm32f0xx_gpio.o
 .data          0x00000000        0x0 ..\obj\stm32f0xx_gpio.o
 .bss           0x00000000        0x0 ..\obj\stm32f0xx_gpio.o
 .text.GPIO_DeInit
                0x00000000       0xc8 ..\obj\stm32f0xx_gpio.o
 .text.GPIO_StructInit
                0x00000000       0x30 ..\obj\stm32f0xx_gpio.o
 .text.GPIO_PinLockConfig
                0x00000000       0x44 ..\obj\stm32f0xx_gpio.o
 .text.GPIO_ReadInputDataBit
                0x00000000       0x48 ..\obj\stm32f0xx_gpio.o
 .text.GPIO_ReadInputData
                0x00000000       0x18 ..\obj\stm32f0xx_gpio.o
 .text.GPIO_ReadOutputDataBit
                0x00000000       0x48 ..\obj\stm32f0xx_gpio.o
 .text.GPIO_ReadOutputData
                0x00000000       0x18 ..\obj\stm32f0xx_gpio.o
 .text.GPIO_SetBits
                0x00000000       0x1c ..\obj\stm32f0xx_gpio.o
 .text.GPIO_ResetBits
                0x00000000       0x1c ..\obj\stm32f0xx_gpio.o
 .text.GPIO_WriteBit
                0x00000000       0x30 ..\obj\stm32f0xx_gpio.o
 .text.GPIO_Write
                0x00000000       0x1c ..\obj\stm32f0xx_gpio.o
 .text          0x00000000        0x0 ..\obj\stm32f0xx_usart.o
 .data          0x00000000        0x0 ..\obj\stm32f0xx_usart.o
 .bss           0x00000000        0x0 ..\obj\stm32f0xx_usart.o
 .text.USART_DeInit
                0x00000000       0x58 ..\obj\stm32f0xx_usart.o
 .text.USART_StructInit
                0x00000000       0x34 ..\obj\stm32f0xx_usart.o
 .text.USART_ClockInit
                0x00000000       0x48 ..\obj\stm32f0xx_usart.o
 .text.USART_ClockStructInit
                0x00000000       0x28 ..\obj\stm32f0xx_usart.o
 .text.USART_DirectionModeCmd
                0x00000000       0x38 ..\obj\stm32f0xx_usart.o
 .text.USART_OverSampling8Cmd
                0x00000000       0x3c ..\obj\stm32f0xx_usart.o
 .text.USART_OneBitMethodCmd
                0x00000000       0x3c ..\obj\stm32f0xx_usart.o
 .text.USART_MSBFirstCmd
                0x00000000       0x3c ..\obj\stm32f0xx_usart.o
 .text.USART_DataInvCmd
                0x00000000       0x3c ..\obj\stm32f0xx_usart.o
 .text.USART_InvPinCmd
                0x00000000       0x38 ..\obj\stm32f0xx_usart.o
 .text.USART_SWAPPinCmd
                0x00000000       0x3c ..\obj\stm32f0xx_usart.o
 .text.USART_ReceiverTimeOutCmd
                0x00000000       0x3c ..\obj\stm32f0xx_usart.o
 .text.USART_SetReceiverTimeOut
                0x00000000       0x28 ..\obj\stm32f0xx_usart.o
 .text.USART_SetPrescaler
                0x00000000       0x38 ..\obj\stm32f0xx_usart.o
 .text.USART_STOPModeCmd
                0x00000000       0x3c ..\obj\stm32f0xx_usart.o
 .text.USART_StopModeWakeUpSourceConfig
                0x00000000       0x2c ..\obj\stm32f0xx_usart.o
 .text.USART_AutoBaudRateCmd
                0x00000000       0x3c ..\obj\stm32f0xx_usart.o
 .text.USART_AutoBaudRateConfig
                0x00000000       0x2c ..\obj\stm32f0xx_usart.o
 .text.USART_ReceiveData
                0x00000000       0x1c ..\obj\stm32f0xx_usart.o
 .text.USART_SetAddress
                0x00000000       0x30 ..\obj\stm32f0xx_usart.o
 .text.USART_MuteModeCmd
                0x00000000       0x3c ..\obj\stm32f0xx_usart.o
 .text.USART_MuteModeWakeUpConfig
                0x00000000       0x2c ..\obj\stm32f0xx_usart.o
 .text.USART_AddressDetectionConfig
                0x00000000       0x2c ..\obj\stm32f0xx_usart.o
 .text.USART_LINBreakDetectLengthConfig
                0x00000000       0x2c ..\obj\stm32f0xx_usart.o
 .text.USART_LINCmd
                0x00000000       0x3c ..\obj\stm32f0xx_usart.o
 .text.USART_HalfDuplexCmd
                0x00000000       0x3c ..\obj\stm32f0xx_usart.o
 .text.USART_SetGuardTime
                0x00000000       0x3c ..\obj\stm32f0xx_usart.o
 .text.USART_SmartCardCmd
                0x00000000       0x3c ..\obj\stm32f0xx_usart.o
 .text.USART_SmartCardNACKCmd
                0x00000000       0x3c ..\obj\stm32f0xx_usart.o
 .text.USART_SetAutoRetryCount
                0x00000000       0x34 ..\obj\stm32f0xx_usart.o
 .text.USART_SetBlockLength
                0x00000000       0x30 ..\obj\stm32f0xx_usart.o
 .text.USART_IrDAConfig
                0x00000000       0x2c ..\obj\stm32f0xx_usart.o
 .text.USART_IrDACmd
                0x00000000       0x3c ..\obj\stm32f0xx_usart.o
 .text.USART_DECmd
                0x00000000       0x3c ..\obj\stm32f0xx_usart.o
 .text.USART_DEPolarityConfig
                0x00000000       0x2c ..\obj\stm32f0xx_usart.o
 .text.USART_SetDEAssertionTime
                0x00000000       0x30 ..\obj\stm32f0xx_usart.o
 .text.USART_SetDEDeassertionTime
                0x00000000       0x30 ..\obj\stm32f0xx_usart.o
 .text.USART_DMACmd
                0x00000000       0x38 ..\obj\stm32f0xx_usart.o
 .text.USART_DMAReceptionErrorConfig
                0x00000000       0x2c ..\obj\stm32f0xx_usart.o
 .text.USART_ITConfig
                0x00000000       0x84 ..\obj\stm32f0xx_usart.o
 .text.USART_RequestCmd
                0x00000000       0x48 ..\obj\stm32f0xx_usart.o
 .text.USART_OverrunDetectionConfig
                0x00000000       0x2c ..\obj\stm32f0xx_usart.o
 .text.USART_ClearFlag
                0x00000000       0x18 ..\obj\stm32f0xx_usart.o
 .text.USART_GetITStatus
                0x00000000       0xb4 ..\obj\stm32f0xx_usart.o
 .text.USART_ClearITPendingBit
                0x00000000       0x30 ..\obj\stm32f0xx_usart.o
 .text          0x00000000        0x0 ..\obj\stm32f0xx_tim.o
 .data          0x00000000        0x0 ..\obj\stm32f0xx_tim.o
 .bss           0x00000000        0x0 ..\obj\stm32f0xx_tim.o
 .text.TIM_DeInit
                0x00000000      0x124 ..\obj\stm32f0xx_tim.o
 .text.TIM_TimeBaseStructInit
                0x00000000       0x30 ..\obj\stm32f0xx_tim.o
 .text.TIM_PrescalerConfig
                0x00000000       0x28 ..\obj\stm32f0xx_tim.o
 .text.TIM_CounterModeConfig
                0x00000000       0x54 ..\obj\stm32f0xx_tim.o
 .text.TIM_SetCounter
                0x00000000       0x18 ..\obj\stm32f0xx_tim.o
 .text.TIM_SetAutoreload
                0x00000000       0x18 ..\obj\stm32f0xx_tim.o
 .text.TIM_GetCounter
                0x00000000       0x14 ..\obj\stm32f0xx_tim.o
 .text.TIM_GetPrescaler
                0x00000000       0x18 ..\obj\stm32f0xx_tim.o
 .text.TIM_UpdateDisableConfig
                0x00000000       0x40 ..\obj\stm32f0xx_tim.o
 .text.TIM_UpdateRequestConfig
                0x00000000       0x40 ..\obj\stm32f0xx_tim.o
 .text.TIM_ARRPreloadConfig
                0x00000000       0x40 ..\obj\stm32f0xx_tim.o
 .text.TIM_SelectOnePulseMode
                0x00000000       0x38 ..\obj\stm32f0xx_tim.o
 .text.TIM_SetClockDivision
                0x00000000       0x3c ..\obj\stm32f0xx_tim.o
 .text.TIM_BDTRConfig
                0x00000000       0x4c ..\obj\stm32f0xx_tim.o
 .text.TIM_BDTRStructInit
                0x00000000       0x38 ..\obj\stm32f0xx_tim.o
 .text.TIM_CtrlPWMOutputs
                0x00000000       0x4c ..\obj\stm32f0xx_tim.o
 .text.TIM_OC1Init
                0x00000000      0x1a4 ..\obj\stm32f0xx_tim.o
 .text.TIM_OC2Init
                0x00000000      0x1b8 ..\obj\stm32f0xx_tim.o
 .text.TIM_OC3Init
                0x00000000      0x1a8 ..\obj\stm32f0xx_tim.o
 .text.TIM_OC4Init
                0x00000000      0x134 ..\obj\stm32f0xx_tim.o
 .text.TIM_OCStructInit
                0x00000000       0x40 ..\obj\stm32f0xx_tim.o
 .text.TIM_SelectOCxM
                0x00000000       0xc0 ..\obj\stm32f0xx_tim.o
 .text.TIM_SetCompare1
                0x00000000       0x18 ..\obj\stm32f0xx_tim.o
 .text.TIM_SetCompare2
                0x00000000       0x18 ..\obj\stm32f0xx_tim.o
 .text.TIM_SetCompare3
                0x00000000       0x18 ..\obj\stm32f0xx_tim.o
 .text.TIM_SetCompare4
                0x00000000       0x18 ..\obj\stm32f0xx_tim.o
 .text.TIM_ForcedOC1Config
                0x00000000       0x54 ..\obj\stm32f0xx_tim.o
 .text.TIM_ForcedOC2Config
                0x00000000       0x5c ..\obj\stm32f0xx_tim.o
 .text.TIM_ForcedOC3Config
                0x00000000       0x54 ..\obj\stm32f0xx_tim.o
 .text.TIM_ForcedOC4Config
                0x00000000       0x5c ..\obj\stm32f0xx_tim.o
 .text.TIM_CCPreloadControl
                0x00000000       0x40 ..\obj\stm32f0xx_tim.o
 .text.TIM_OC1PreloadConfig
                0x00000000       0x54 ..\obj\stm32f0xx_tim.o
 .text.TIM_OC2PreloadConfig
                0x00000000       0x5c ..\obj\stm32f0xx_tim.o
 .text.TIM_OC3PreloadConfig
                0x00000000       0x54 ..\obj\stm32f0xx_tim.o
 .text.TIM_OC4PreloadConfig
                0x00000000       0x5c ..\obj\stm32f0xx_tim.o
 .text.TIM_OC1FastConfig
                0x00000000       0x54 ..\obj\stm32f0xx_tim.o
 .text.TIM_OC2FastConfig
                0x00000000       0x5c ..\obj\stm32f0xx_tim.o
 .text.TIM_OC3FastConfig
                0x00000000       0x54 ..\obj\stm32f0xx_tim.o
 .text.TIM_OC4FastConfig
                0x00000000       0x5c ..\obj\stm32f0xx_tim.o
 .text.TIM_ClearOC1Ref
                0x00000000       0x54 ..\obj\stm32f0xx_tim.o
 .text.TIM_ClearOC2Ref
                0x00000000       0x58 ..\obj\stm32f0xx_tim.o
 .text.TIM_ClearOC3Ref
                0x00000000       0x54 ..\obj\stm32f0xx_tim.o
 .text.TIM_ClearOC4Ref
                0x00000000       0x58 ..\obj\stm32f0xx_tim.o
 .text.TIM_OC1PolarityConfig
                0x00000000       0x54 ..\obj\stm32f0xx_tim.o
 .text.TIM_OC1NPolarityConfig
                0x00000000       0x54 ..\obj\stm32f0xx_tim.o
 .text.TIM_OC2PolarityConfig
                0x00000000       0x58 ..\obj\stm32f0xx_tim.o
 .text.TIM_OC2NPolarityConfig
                0x00000000       0x58 ..\obj\stm32f0xx_tim.o
 .text.TIM_OC3PolarityConfig
                0x00000000       0x5c ..\obj\stm32f0xx_tim.o
 .text.TIM_OC3NPolarityConfig
                0x00000000       0x5c ..\obj\stm32f0xx_tim.o
 .text.TIM_OC4PolarityConfig
                0x00000000       0x5c ..\obj\stm32f0xx_tim.o
 .text.TIM_SelectOCREFClear
                0x00000000       0x38 ..\obj\stm32f0xx_tim.o
 .text.TIM_CCxCmd
                0x00000000       0x64 ..\obj\stm32f0xx_tim.o
 .text.TIM_CCxNCmd
                0x00000000       0x64 ..\obj\stm32f0xx_tim.o
 .text.TIM_SelectCOM
                0x00000000       0x40 ..\obj\stm32f0xx_tim.o
 .text.TIM_ICStructInit
                0x00000000       0x2c ..\obj\stm32f0xx_tim.o
 .text.TIM_PWMIConfig
                0x00000000       0xe8 ..\obj\stm32f0xx_tim.o
 .text.TIM_GetCapture1
                0x00000000       0x14 ..\obj\stm32f0xx_tim.o
 .text.TIM_GetCapture3
                0x00000000       0x14 ..\obj\stm32f0xx_tim.o
 .text.TIM_GetCapture4
                0x00000000       0x14 ..\obj\stm32f0xx_tim.o
 .text.TIM_GenerateEvent
                0x00000000       0x1c ..\obj\stm32f0xx_tim.o
 .text.TIM_GetFlagStatus
                0x00000000       0x48 ..\obj\stm32f0xx_tim.o
 .text.TIM_ClearFlag
                0x00000000       0x20 ..\obj\stm32f0xx_tim.o
 .text.TIM_DMAConfig
                0x00000000       0x28 ..\obj\stm32f0xx_tim.o
 .text.TIM_DMACmd
                0x00000000       0x48 ..\obj\stm32f0xx_tim.o
 .text.TIM_SelectCCDMA
                0x00000000       0x40 ..\obj\stm32f0xx_tim.o
 .text.TIM_InternalClockConfig
                0x00000000       0x20 ..\obj\stm32f0xx_tim.o
 .text.TIM_ITRxExternalClockConfig
                0x00000000       0x34 ..\obj\stm32f0xx_tim.o
 .text.TIM_TIxExternalClockConfig
                0x00000000       0x7c ..\obj\stm32f0xx_tim.o
 .text.TIM_ETRClockMode1Config
                0x00000000       0x98 ..\obj\stm32f0xx_tim.o
 .text.TIM_ETRClockMode2Config
                0x00000000       0x4c ..\obj\stm32f0xx_tim.o
 .text.TIM_SelectInputTrigger
                0x00000000       0x54 ..\obj\stm32f0xx_tim.o
 .text.TIM_SelectOutputTrigger
                0x00000000       0x38 ..\obj\stm32f0xx_tim.o
 .text.TIM_SelectSlaveMode
                0x00000000       0x38 ..\obj\stm32f0xx_tim.o
 .text.TIM_SelectMasterSlaveMode
                0x00000000       0x38 ..\obj\stm32f0xx_tim.o
 .text.TIM_ETRConfig
                0x00000000       0x7c ..\obj\stm32f0xx_tim.o
 .text.TIM_EncoderInterfaceConfig
                0x00000000       0xf4 ..\obj\stm32f0xx_tim.o
 .text.TIM_SelectHallSensor
                0x00000000       0x40 ..\obj\stm32f0xx_tim.o
 .text.TIM_RemapConfig
                0x00000000       0x20 ..\obj\stm32f0xx_tim.o
 .text          0x00000000        0x0 ..\obj\stm32f0xx_misc.o
 .data          0x00000000        0x0 ..\obj\stm32f0xx_misc.o
 .bss           0x00000000        0x0 ..\obj\stm32f0xx_misc.o
 .text.NVIC_SystemLPConfig
                0x00000000       0x44 ..\obj\stm32f0xx_misc.o
 .text.SysTick_CLKSourceConfig
                0x00000000       0x34 ..\obj\stm32f0xx_misc.o
 .data          0x00000000        0x0 c:/program files/gnu tools arm embedded/4.7 2013q3/bin/../lib/gcc/arm-none-eabi/4.7.4/armv6-m\libgcc.a(_udivsi3.o)
 .bss           0x00000000        0x0 c:/program files/gnu tools arm embedded/4.7 2013q3/bin/../lib/gcc/arm-none-eabi/4.7.4/armv6-m\libgcc.a(_udivsi3.o)
 .data          0x00000000        0x0 c:/program files/gnu tools arm embedded/4.7 2013q3/bin/../lib/gcc/arm-none-eabi/4.7.4/armv6-m\libgcc.a(_dvmd_tls.o)
 .bss           0x00000000        0x0 c:/program files/gnu tools arm embedded/4.7 2013q3/bin/../lib/gcc/arm-none-eabi/4.7.4/armv6-m\libgcc.a(_dvmd_tls.o)
 .text          0x00000000        0x0 c:/program files/gnu tools arm embedded/4.7 2013q3/bin/../lib/gcc/arm-none-eabi/4.7.4/../../../../arm-none-eabi/lib/armv6-m\libg.a(lib_a-strlen.o)
 .data          0x00000000        0x0 c:/program files/gnu tools arm embedded/4.7 2013q3/bin/../lib/gcc/arm-none-eabi/4.7.4/../../../../arm-none-eabi/lib/armv6-m\libg.a(lib_a-strlen.o)
 .bss           0x00000000        0x0 c:/program files/gnu tools arm embedded/4.7 2013q3/bin/../lib/gcc/arm-none-eabi/4.7.4/../../../../arm-none-eabi/lib/armv6-m\libg.a(lib_a-strlen.o)

Memory Configuration

Name             Origin             Length             Attributes
rom              0x08000000         0x00008000         xr
ram              0x20000000         0x00001000         xrw
*default*        0x00000000         0xffffffff

Linker script and memory map

                0x20001000                _eram = 0x20001000

.text           0x08000000     0x1544
 *(.isr_vector)
 .isr_vector    0x08000000       0xc4 ..\obj\startup_stm32f0xx.o
                0x08000000                g_pfnVectors
 *(.text*)
 .text.RCC_GetClocksFreq
                0x080000c4      0x1cc ..\obj\stm32f0xx_rcc.o
                0x080000c4                RCC_GetClocksFreq
 .text.RCC_AHBPeriphClockCmd
                0x08000290       0x3c ..\obj\stm32f0xx_rcc.o
                0x08000290                RCC_AHBPeriphClockCmd
 .text.RCC_APB2PeriphClockCmd
                0x080002cc       0x3c ..\obj\stm32f0xx_rcc.o
                0x080002cc                RCC_APB2PeriphClockCmd
 .text.RCC_APB1PeriphClockCmd
                0x08000308       0x3c ..\obj\stm32f0xx_rcc.o
                0x08000308                RCC_APB1PeriphClockCmd
 .text.delay    0x08000344       0x28 ..\obj\main.o
                0x08000344                delay
 .text.InitLED  0x0800036c       0x48 ..\obj\main.o
                0x0800036c                InitLED
 .text.TIME_Capture
                0x080003b4      0x118 ..\obj\main.o
                0x080003b4                TIME_Capture
 .text.TIM3_IRQHandler
                0x080004cc       0xdc ..\obj\main.o
                0x080004cc                TIM3_IRQHandler
 .text.usart_setup
                0x080005a8       0xbc ..\obj\main.o
                0x080005a8                usart_setup
 .text.Send_Char
                0x08000664       0x38 ..\obj\main.o
                0x08000664                Send_Char
 .text.Send_String
                0x0800069c       0x38 ..\obj\main.o
                0x0800069c                Send_String
 .text.main     0x080006d4       0x14 ..\obj\main.o
                0x080006d4                main
 .text.Reset_Handler
                0x080006e8       0x4c ..\obj\startup_stm32f0xx.o
                0x080006e8                Reset_Handler
 .text.Default_Handler
                0x08000734        0x2 ..\obj\startup_stm32f0xx.o
                0x08000734                TIM1_CC_IRQHandler
                0x08000734                HardFault_Handler
                0x08000734                ADC1_COMP_IRQHandler
                0x08000734                SysTick_Handler
                0x08000734                PVD_IRQHandler
                0x08000734                PendSV_Handler
                0x08000734                NMI_Handler
                0x08000734                I2C1_IRQHandler
                0x08000734                SPI1_IRQHandler
                0x08000734                TIM6_DAC_IRQHandler
                0x08000734                EXTI2_3_IRQHandler
                0x08000734                I2C2_IRQHandler
                0x08000734                TIM17_IRQHandler
                0x08000734                RTC_IRQHandler
                0x08000734                TIM16_IRQHandler
                0x08000734                EXTI4_15_IRQHandler
                0x08000734                RCC_IRQHandler
                0x08000734                DMA1_Channel1_IRQHandler
                0x08000734                Default_Handler
                0x08000734                CEC_IRQHandler
                0x08000734                TIM14_IRQHandler
                0x08000734                DMA1_Channel4_5_IRQHandler
                0x08000734                TIM15_IRQHandler
                0x08000734                EXTI0_1_IRQHandler
                0x08000734                SPI2_IRQHandler
                0x08000734                SVC_Handler
                0x08000734                TS_IRQHandler
                0x08000734                WWDG_IRQHandler
                0x08000734                TIM2_IRQHandler
                0x08000734                DMA1_Channel2_3_IRQHandler
                0x08000734                USART2_IRQHandler
                0x08000734                FLASH_IRQHandler
                0x08000734                USART1_IRQHandler
                0x08000734                TIM1_BRK_UP_TRG_COM_IRQHandler
 *fill*         0x08000736        0x2 00
 .text.SystemInit1
                0x08000738       0x8c ..\obj\system_stm32f0xx_temp.o
                0x08000738                SystemInit
                0x08000738                SystemInit1
 .text.SetSysClock1
                0x080007c4       0xe0 ..\obj\system_stm32f0xx_temp.o
                0x080007c4                SetSysClock
 .text.GPIO_Init
                0x080008a4      0x138 ..\obj\stm32f0xx_gpio.o
                0x080008a4                GPIO_Init
 .text.GPIO_PinAFConfig
                0x080009dc       0x9c ..\obj\stm32f0xx_gpio.o
                0x080009dc                GPIO_PinAFConfig
 .text.USART_Init
                0x08000a78      0x160 ..\obj\stm32f0xx_usart.o
                0x08000a78                USART_Init
 .text.USART_Cmd
                0x08000bd8       0x3c ..\obj\stm32f0xx_usart.o
                0x08000bd8                USART_Cmd
 .text.USART_SendData
                0x08000c14       0x24 ..\obj\stm32f0xx_usart.o
                0x08000c14                USART_SendData
 .text.USART_GetFlagStatus
                0x08000c38       0x3c ..\obj\stm32f0xx_usart.o
                0x08000c38                USART_GetFlagStatus
 .text.TIM_TimeBaseInit
                0x08000c74       0xf0 ..\obj\stm32f0xx_tim.o
                0x08000c74                TIM_TimeBaseInit
 .text.TIM_Cmd  0x08000d64       0x40 ..\obj\stm32f0xx_tim.o
                0x08000d64                TIM_Cmd
 .text.TIM_ICInit
                0x08000da4       0xb0 ..\obj\stm32f0xx_tim.o
                0x08000da4                TIM_ICInit
 .text.TIM_GetCapture2
                0x08000e54       0x14 ..\obj\stm32f0xx_tim.o
                0x08000e54                TIM_GetCapture2
 .text.TIM_SetIC1Prescaler
                0x08000e68       0x38 ..\obj\stm32f0xx_tim.o
                0x08000e68                TIM_SetIC1Prescaler
 .text.TIM_SetIC2Prescaler
                0x08000ea0       0x40 ..\obj\stm32f0xx_tim.o
                0x08000ea0                TIM_SetIC2Prescaler
 .text.TIM_SetIC3Prescaler
                0x08000ee0       0x38 ..\obj\stm32f0xx_tim.o
                0x08000ee0                TIM_SetIC3Prescaler
 .text.TIM_SetIC4Prescaler
                0x08000f18       0x40 ..\obj\stm32f0xx_tim.o
                0x08000f18                TIM_SetIC4Prescaler
 .text.TIM_ITConfig
                0x08000f58       0x48 ..\obj\stm32f0xx_tim.o
                0x08000f58                TIM_ITConfig
 .text.TIM_GetITStatus
                0x08000fa0       0x80 ..\obj\stm32f0xx_tim.o
                0x08000fa0                TIM_GetITStatus
 .text.TIM_ClearITPendingBit
                0x08001020       0x20 ..\obj\stm32f0xx_tim.o
                0x08001020                TIM_ClearITPendingBit
 .text.TI1_Config
                0x08001040       0xc8 ..\obj\stm32f0xx_tim.o
 .text.TI2_Config
                0x08001108       0xf0 ..\obj\stm32f0xx_tim.o
 .text.TI3_Config
                0x080011f8       0xe8 ..\obj\stm32f0xx_tim.o
 .text.TI4_Config
                0x080012e0       0xf8 ..\obj\stm32f0xx_tim.o
 .text.NVIC_Init
                0x080013d8       0xac ..\obj\stm32f0xx_misc.o
                0x080013d8                NVIC_Init
 .text          0x08001484       0x9c c:/program files/gnu tools arm embedded/4.7 2013q3/bin/../lib/gcc/arm-none-eabi/4.7.4/armv6-m\libgcc.a(_udivsi3.o)
                0x08001484                __aeabi_uidiv
                0x08001484                __udivsi3
                0x0800150c                __aeabi_uidivmod
 .text          0x08001520        0x4 c:/program files/gnu tools arm embedded/4.7 2013q3/bin/../lib/gcc/arm-none-eabi/4.7.4/armv6-m\libgcc.a(_dvmd_tls.o)
                0x08001520                __aeabi_idiv0
                0x08001520                __aeabi_ldiv0
 .text.strlen   0x08001524       0x10 c:/program files/gnu tools arm embedded/4.7 2013q3/bin/../lib/gcc/arm-none-eabi/4.7.4/../../../../arm-none-eabi/lib/armv6-m\libg.a(lib_a-strlen.o)
                0x08001524                strlen
 *(.init)
 *(.fini)
 *crtbegin.o(.ctors)
 *crtbegin?.o(.ctors)
 *(EXCLUDE_FILE(*crtend.o *crtend?.o) .ctors)
 *(SORT(.ctors.*))
 *(.ctors)
 *crtbegin.o(.dtors)
 *crtbegin?.o(.dtors)
 *(EXCLUDE_FILE(*crtend.o *crtend?.o) .dtors)
 *(SORT(.dtors.*))
 *(.dtors)
 *(.rodata*)
 .rodata        0x08001534       0x10 ..\obj\main.o
 *(.eh_fram e*)

.glue_7         0x08001544        0x0
 .glue_7        0x00000000        0x0 linker stubs

.glue_7t        0x08001544        0x0
 .glue_7t       0x00000000        0x0 linker stubs

.vfp11_veneer   0x08001544        0x0
 .vfp11_veneer  0x00000000        0x0 linker stubs

.v4_bx          0x08001544        0x0
 .v4_bx         0x00000000        0x0 linker stubs

.iplt           0x08001544        0x0
 .iplt          0x00000000        0x0 ..\obj\stm32f0xx_rcc.o

.rel.dyn        0x08001544        0x0
 .rel.iplt      0x00000000        0x0 ..\obj\stm32f0xx_rcc.o

.ARM.extab
 *(.ARM.extab* .gnu.linkonce.armextab.*)
                0x08001544                __exidx_start = .

.ARM.exidx
 *(.ARM.exidx* .gnu.linkonce.armexidx.*)
                0x08001544                __exidx_end = .
                0x08001544                __etext = .
                0x08001544                _sidata = __etext

.data           0x20000000       0x10 load address 0x08001544
                0x20000000                __data_start__ = .
                0x20000000                _sdata = __data_start__
 *(vtable)
 *(.data*)
 .data          0x20000000       0x10 ..\obj\stm32f0xx_rcc.o
                0x20000010                . = ALIGN (0x4)
                0x20000010                PROVIDE (__preinit_array_start, .)
 *(.preinit_array)
                0x20000010                PROVIDE (__preinit_array_end, .)
                0x20000010                . = ALIGN (0x4)
                0x20000010                PROVIDE (__init_array_start, .)
 *(SORT(.init_array.*))
 *(.init_array)
                0x20000010                PROVIDE (__init_array_end, .)
                0x20000010                . = ALIGN (0x4)
                0x20000010                PROVIDE (__fini_array_start, .)
 *(SORT(.fini_array.*))
 *(.fini_array)
                0x20000010                PROVIDE (__fini_array_end, .)
 *(.jcr*)
                0x20000010                . = ALIGN (0x4)
                0x20000010                __data_end__ = .
                0x20000010                _edata = __data_end__

.igot.plt       0x20000010        0x0 load address 0x08001554
 .igot.plt      0x00000000        0x0 ..\obj\stm32f0xx_rcc.o

.bss            0x20000010        0x0
                0x20000010                . = ALIGN (0x4)
                0x20000010                __bss_start__ = .
                0x20000010                _sbss = __bss_start__
 *(.bss*)
 *(COMMON)
                0x20000010                . = ALIGN (0x4)
                0x20000010                __bss_end__ = .
                0x20000010                _ebss = __bss_end__

.heap           0x20000010        0x0
                0x20000010                __end__ = .
                0x20000010                _end = __end__
                0x20000010                end = __end__
 *(.heap*)
                0x20000010                __HeapLimit = .

.co_stack       0x20000010        0x0
                0x20000010                . = ALIGN (0x8)
 *(.co_stack .co_stack.*)
                0x20001000                __StackTop = (ORIGIN (ram) + 0x1000)
                0x20001000                __StackLimit = (__StackTop - SIZEOF (.co_stack))
                0x20001000                PROVIDE (__stack, __StackTop)
                0x00000001                ASSERT ((__StackLimit >= __HeapLimit), region ram  overflowed with stack)
LOAD ..\obj\stm32f0xx_rcc.o
LOAD ..\obj\main.o
LOAD ..\obj\startup_stm32f0xx.o
LOAD ..\obj\system_stm32f0xx_temp.o
LOAD ..\obj\stm32f0xx_gpio.o
LOAD ..\obj\stm32f0xx_usart.o
LOAD ..\obj\stm32f0xx_tim.o
LOAD ..\obj\stm32f0xx_misc.o
START GROUP
LOAD c:/program files/gnu tools arm embedded/4.7 2013q3/bin/../lib/gcc/arm-none-eabi/4.7.4/armv6-m\libgcc.a
LOAD c:/program files/gnu tools arm embedded/4.7 2013q3/bin/../lib/gcc/arm-none-eabi/4.7.4/../../../../arm-none-eabi/lib/armv6-m\libg.a
LOAD c:/program files/gnu tools arm embedded/4.7 2013q3/bin/../lib/gcc/arm-none-eabi/4.7.4/../../../../arm-none-eabi/lib/armv6-m\libc.a
END GROUP
OUTPUT(BT16_Timer_capture.elf elf32-littlearm)

.debug_info     0x00000000     0x502a
 .debug_info    0x00000000      0xa6a ..\obj\stm32f0xx_rcc.o
 .debug_info    0x00000a6a      0xa5f ..\obj\main.o
 .debug_info    0x000014c9       0xc2 ..\obj\startup_stm32f0xx.o
 .debug_info    0x0000158b      0x310 ..\obj\system_stm32f0xx_temp.o
 .debug_info    0x0000189b      0x619 ..\obj\stm32f0xx_gpio.o
 .debug_info    0x00001eb4      0xf48 ..\obj\stm32f0xx_usart.o
 .debug_info    0x00002dfc     0x1e91 ..\obj\stm32f0xx_tim.o
 .debug_info    0x00004c8d      0x39d ..\obj\stm32f0xx_misc.o

.debug_abbrev   0x00000000      0xaee
 .debug_abbrev  0x00000000      0x1ee ..\obj\stm32f0xx_rcc.o
 .debug_abbrev  0x000001ee      0x1df ..\obj\main.o
 .debug_abbrev  0x000003cd       0x12 ..\obj\startup_stm32f0xx.o
 .debug_abbrev  0x000003df      0x136 ..\obj\system_stm32f0xx_temp.o
 .debug_abbrev  0x00000515      0x19d ..\obj\stm32f0xx_gpio.o
 .debug_abbrev  0x000006b2      0x15e ..\obj\stm32f0xx_usart.o
 .debug_abbrev  0x00000810      0x1b7 ..\obj\stm32f0xx_tim.o
 .debug_abbrev  0x000009c7      0x127 ..\obj\stm32f0xx_misc.o

.debug_loc      0x00000000     0x2d46
 .debug_loc     0x00000000      0x864 ..\obj\stm32f0xx_rcc.o
 .debug_loc     0x00000864      0x1b6 ..\obj\main.o
 .debug_loc     0x00000a1a       0x9c ..\obj\system_stm32f0xx_temp.o
 .debug_loc     0x00000ab6      0x2d8 ..\obj\stm32f0xx_gpio.o
 .debug_loc     0x00000d8e      0xab8 ..\obj\stm32f0xx_usart.o
 .debug_loc     0x00001846     0x1458 ..\obj\stm32f0xx_tim.o
 .debug_loc     0x00002c9e       0xa8 ..\obj\stm32f0xx_misc.o

.debug_aranges  0x00000000      0x750
 .debug_aranges
                0x00000000      0x150 ..\obj\stm32f0xx_rcc.o
 .debug_aranges
                0x00000150       0x58 ..\obj\main.o
 .debug_aranges
                0x000001a8       0x28 ..\obj\startup_stm32f0xx.o
 .debug_aranges
                0x000001d0       0x30 ..\obj\system_stm32f0xx_temp.o
 .debug_aranges
                0x00000200       0x80 ..\obj\stm32f0xx_gpio.o
 .debug_aranges
                0x00000280      0x1a0 ..\obj\stm32f0xx_usart.o
 .debug_aranges
                0x00000420      0x300 ..\obj\stm32f0xx_tim.o
 .debug_aranges
                0x00000720       0x30 ..\obj\stm32f0xx_misc.o

.debug_ranges   0x00000000      0x6d8
 .debug_ranges  0x00000000      0x140 ..\obj\stm32f0xx_rcc.o
 .debug_ranges  0x00000140       0x48 ..\obj\main.o
 .debug_ranges  0x00000188       0x20 ..\obj\startup_stm32f0xx.o
 .debug_ranges  0x000001a8       0x20 ..\obj\system_stm32f0xx_temp.o
 .debug_ranges  0x000001c8       0x70 ..\obj\stm32f0xx_gpio.o
 .debug_ranges  0x00000238      0x190 ..\obj\stm32f0xx_usart.o
 .debug_ranges  0x000003c8      0x2f0 ..\obj\stm32f0xx_tim.o
 .debug_ranges  0x000006b8       0x20 ..\obj\stm32f0xx_misc.o

.debug_line     0x00000000     0x1e3c
 .debug_line    0x00000000      0x4df ..\obj\stm32f0xx_rcc.o
 .debug_line    0x000004df      0x2c7 ..\obj\main.o
 .debug_line    0x000007a6       0xb5 ..\obj\startup_stm32f0xx.o
 .debug_line    0x0000085b      0x181 ..\obj\system_stm32f0xx_temp.o
 .debug_line    0x000009dc      0x2ba ..\obj\stm32f0xx_gpio.o
 .debug_line    0x00000c96      0x5a5 ..\obj\stm32f0xx_usart.o
 .debug_line    0x0000123b      0x9f3 ..\obj\stm32f0xx_tim.o
 .debug_line    0x00001c2e      0x20e ..\obj\stm32f0xx_misc.o

.debug_str      0x00000000     0x214d
 .debug_str     0x00000000      0x653 ..\obj\stm32f0xx_rcc.o
                                0x6d2 (size before relaxing)
 .debug_str     0x00000653      0x6cc ..\obj\main.o
                                0x7eb (size before relaxing)
 .debug_str     0x00000d1f       0xb4 ..\obj\system_stm32f0xx_temp.o
                                0x249 (size before relaxing)
 .debug_str     0x00000dd3      0x195 ..\obj\stm32f0xx_gpio.o
                                0x439 (size before relaxing)
 .debug_str     0x00000f68      0x66c ..\obj\stm32f0xx_usart.o
                                0x900 (size before relaxing)
 .debug_str     0x000015d4      0xa58 ..\obj\stm32f0xx_tim.o
                                0xd8b (size before relaxing)
 .debug_str     0x0000202c      0x121 ..\obj\stm32f0xx_misc.o
                                0x2ae (size before relaxing)

.comment        0x00000000       0x70
 .comment       0x00000000       0x70 ..\obj\stm32f0xx_rcc.o
                                 0x71 (size before relaxing)
 .comment       0x00000000       0x71 ..\obj\main.o
 .comment       0x00000000       0x71 ..\obj\system_stm32f0xx_temp.o
 .comment       0x00000000       0x71 ..\obj\stm32f0xx_gpio.o
 .comment       0x00000000       0x71 ..\obj\stm32f0xx_usart.o
 .comment       0x00000000       0x71 ..\obj\stm32f0xx_tim.o
 .comment       0x00000000       0x71 ..\obj\stm32f0xx_misc.o

.ARM.attributes
                0x00000000       0x2f
 .ARM.attributes
                0x00000000       0x31 ..\obj\stm32f0xx_rcc.o
 .ARM.attributes
                0x00000031       0x31 ..\obj\main.o
 .ARM.attributes
                0x00000062       0x21 ..\obj\startup_stm32f0xx.o
 .ARM.attributes
                0x00000083       0x31 ..\obj\system_stm32f0xx_temp.o
 .ARM.attributes
                0x000000b4       0x31 ..\obj\stm32f0xx_gpio.o
 .ARM.attributes
                0x000000e5       0x31 ..\obj\stm32f0xx_usart.o
 .ARM.attributes
                0x00000116       0x31 ..\obj\stm32f0xx_tim.o
 .ARM.attributes
                0x00000147       0x31 ..\obj\stm32f0xx_misc.o
 .ARM.attributes
                0x00000178       0x1e c:/program files/gnu tools arm embedded/4.7 2013q3/bin/../lib/gcc/arm-none-eabi/4.7.4/armv6-m\libgcc.a(_udivsi3.o)
 .ARM.attributes
                0x00000196       0x1e c:/program files/gnu tools arm embedded/4.7 2013q3/bin/../lib/gcc/arm-none-eabi/4.7.4/armv6-m\libgcc.a(_dvmd_tls.o)
 .ARM.attributes
                0x000001b4       0x2c c:/program files/gnu tools arm embedded/4.7 2013q3/bin/../lib/gcc/arm-none-eabi/4.7.4/../../../../arm-none-eabi/lib/armv6-m\libg.a(lib_a-strlen.o)

.debug_frame    0x00000000     0x1a9c
 .debug_frame   0x00000000      0x4e4 ..\obj\stm32f0xx_rcc.o
 .debug_frame   0x000004e4      0x10c ..\obj\main.o
 .debug_frame   0x000005f0       0x6c ..\obj\system_stm32f0xx_temp.o
 .debug_frame   0x0000065c      0x1b0 ..\obj\stm32f0xx_gpio.o
 .debug_frame   0x0000080c      0x630 ..\obj\stm32f0xx_usart.o
 .debug_frame   0x00000e3c      0xbb0 ..\obj\stm32f0xx_tim.o
 .debug_frame   0x000019ec       0x70 ..\obj\stm32f0xx_misc.o
 .debug_frame   0x00001a5c       0x20 c:/program files/gnu tools arm embedded/4.7 2013q3/bin/../lib/gcc/arm-none-eabi/4.7.4/armv6-m\libgcc.a(_udivsi3.o)
 .debug_frame   0x00001a7c       0x20 c:/program files/gnu tools arm embedded/4.7 2013q3/bin/../lib/gcc/arm-none-eabi/4.7.4/../../../../arm-none-eabi/lib/armv6-m\libg.a(lib_a-strlen.o)
