
Memory Configuration

Name             Origin             Length             Attributes
FLASH            0x08000000         0x00008000         xr
RAM              0x20000000         0x00001000         xrw
*default*        0x00000000         0xffffffff

Linker script and memory map


.text           0x08000000      0x6dc
 *(.vectors)
 .vectors       0x08000000       0xc0 ./output/startup_ARMCM0.o
                0x08000000                __Vectors
                0x080000c0                __Vectors_End = .
                0x000000c0                __Vectors_Size = (__Vectors_End - __Vectors)
                0x080000c0                __end__ = .
 *(.text*)
 .text          0x080000c0       0x8c ./output/main.o
                0x080000c0                delay
                0x08000100                main
 .text          0x0800014c        0x4 ./output/startup_ARMCM0.o
                0x0800014c                Reset_Handler
 .text          0x08000150      0x150 ./output/gpio.o
                0x08000150                Init_Pin
                0x0800022c                led_on
                0x08000264                led_off
 .text          0x080002a0      0x1d4 ./output/nvic.o
                0x080002a0                Reserved_IRQHandler
                0x080002a6                NMI_Handler
                0x080002ac                HardFault_Handler
                0x080002b2                SVC_Handler
                0x080002b8                PendSV_Handler
                0x080002be                SysTick_Handler
                0x080002c4                EXTI0_IRQHandler
                0x0800032c                USART1_IRQHandler
                0x08000390                inti_interrupt
 .text          0x08000474      0x134 ./output/clock.o
                0x08000474                SystemInit
                0x08000538                clock_enable
 .text          0x080005a8      0x128 ./output/uart.o
                0x080005a8                init_uart
                0x08000654                uart_send_byte
                0x080006a0                uart_send_string
 *(.init)
 *(.fini)
 *(.rodata*)
 .rodata        0x080006d0        0xc ./output/main.o
 *(.eh_frame*)

.glue_7         0x080006dc        0x0
 .glue_7        0x080006dc        0x0 linker stubs

.glue_7t        0x080006dc        0x0
 .glue_7t       0x080006dc        0x0 linker stubs

.vfp11_veneer   0x080006dc        0x0
 .vfp11_veneer  0x080006dc        0x0 linker stubs

.v4_bx          0x080006dc        0x0
 .v4_bx         0x080006dc        0x0 linker stubs

.iplt           0x080006dc        0x0
 .iplt          0x080006dc        0x0 ./output/main.o

.rel.dyn        0x080006dc        0x0
 .rel.iplt      0x080006dc        0x0 ./output/main.o

.data           0x20000000        0x0
                0x20000000                __data_start__ = .
 *(vtable)
 *(.data*)
 .data          0x20000000        0x0 ./output/main.o
 .data          0x20000000        0x0 ./output/startup_ARMCM0.o
 .data          0x20000000        0x0 ./output/gpio.o
 .data          0x20000000        0x0 ./output/nvic.o
 .data          0x20000000        0x0 ./output/clock.o
 .data          0x20000000        0x0 ./output/uart.o
                0x20000000                __data_end__ = .

.igot.plt       0x20000000        0x0
 .igot.plt      0x20000000        0x0 ./output/main.o

.bss            0x20000000        0x8
                0x20000000                . = ALIGN (0x4)
                0x20000000                __bss_start__ = .
 *(.bss*)
 .bss           0x20000000        0x0 ./output/main.o
 .bss           0x20000000        0x0 ./output/startup_ARMCM0.o
 .bss           0x20000000        0x0 ./output/gpio.o
 .bss           0x20000000        0x5 ./output/nvic.o
                0x20000000                led_state
                0x20000004                rx_data
 .bss           0x20000005        0x0 ./output/clock.o
 .bss           0x20000005        0x0 ./output/uart.o
 *(COMMON)
                0x20000008                . = ALIGN (0x4)
 *fill*         0x20000005        0x3 
                0x20000008                __bss_end__ = .

.heap           0x20000008      0x200
                0x20000008                __HeapBase = .
                0x20000008                __end__ = .
                0x20000008                end = __end__
 *(.heap*)
 .heap          0x20000008      0x200 ./output/startup_ARMCM0.o
                0x20000208                __HeapLimit = .

.stack_dummy    0x20000008      0x100
 *(.stack*)
 .stack         0x20000008      0x100 ./output/startup_ARMCM0.o
                0x20001000                __StackTop = (ORIGIN (RAM) + LENGTH (RAM))
                0x20000f00                __StackLimit = (__StackTop - SIZEOF (.stack_dummy))
                [!provide]                PROVIDE (__stack = __StackTop)
                0x00000001                ASSERT ((__StackLimit >= __HeapLimit), region RAM overflowed with stack)
LOAD ./output/main.o
LOAD ./output/startup_ARMCM0.o
LOAD ./output/gpio.o
LOAD ./output/nvic.o
LOAD ./output/clock.o
LOAD ./output/uart.o
OUTPUT(./output/stm32f030r8t6_systick.elf elf32-littlearm)

.debug_info     0x00000000      0xc9d
 .debug_info    0x00000000      0x8f0 ./output/main.o
 .debug_info    0x000008f0       0xf0 ./output/gpio.o
 .debug_info    0x000009e0      0x140 ./output/nvic.o
 .debug_info    0x00000b20       0x9a ./output/clock.o
 .debug_info    0x00000bba       0xe3 ./output/uart.o

.debug_abbrev   0x00000000      0x469
 .debug_abbrev  0x00000000      0x1e4 ./output/main.o
 .debug_abbrev  0x000001e4       0x9d ./output/gpio.o
 .debug_abbrev  0x00000281       0xb0 ./output/nvic.o
 .debug_abbrev  0x00000331       0x85 ./output/clock.o
 .debug_abbrev  0x000003b6       0xb3 ./output/uart.o

.debug_aranges  0x00000000       0xa0
 .debug_aranges
                0x00000000       0x20 ./output/main.o
 .debug_aranges
                0x00000020       0x20 ./output/gpio.o
 .debug_aranges
                0x00000040       0x20 ./output/nvic.o
 .debug_aranges
                0x00000060       0x20 ./output/clock.o
 .debug_aranges
                0x00000080       0x20 ./output/uart.o

.debug_line     0x00000000      0x2fb
 .debug_line    0x00000000      0x10b ./output/main.o
 .debug_line    0x0000010b       0x69 ./output/gpio.o
 .debug_line    0x00000174       0x9c ./output/nvic.o
 .debug_line    0x00000210       0x82 ./output/clock.o
 .debug_line    0x00000292       0x69 ./output/uart.o

.debug_str      0x00000000      0x629
 .debug_str     0x00000000      0x4db ./output/main.o
                                0x539 (size before relaxing)
 .debug_str     0x000004db       0x37 ./output/gpio.o
                                0x10d (size before relaxing)
 .debug_str     0x00000512       0xab ./output/nvic.o
                                0x189 (size before relaxing)
 .debug_str     0x000005bd       0x35 ./output/clock.o
                                0x113 (size before relaxing)
 .debug_str     0x000005f2       0x37 ./output/uart.o
                                0x121 (size before relaxing)

.comment        0x00000000       0x7f
 .comment       0x00000000       0x7f ./output/main.o
                                 0x80 (size before relaxing)
 .comment       0x0000007f       0x80 ./output/gpio.o
 .comment       0x0000007f       0x80 ./output/nvic.o
 .comment       0x0000007f       0x80 ./output/clock.o
 .comment       0x0000007f       0x80 ./output/uart.o

.ARM.attributes
                0x00000000       0x2f
 .ARM.attributes
                0x00000000       0x31 ./output/main.o
 .ARM.attributes
                0x00000031       0x1b ./output/startup_ARMCM0.o
 .ARM.attributes
                0x0000004c       0x31 ./output/gpio.o
 .ARM.attributes
                0x0000007d       0x31 ./output/nvic.o
 .ARM.attributes
                0x000000ae       0x31 ./output/clock.o
 .ARM.attributes
                0x000000df       0x31 ./output/uart.o

.debug_frame    0x00000000      0x294
 .debug_frame   0x00000000       0x4c ./output/main.o
 .debug_frame   0x0000004c       0x70 ./output/gpio.o
 .debug_frame   0x000000bc      0x118 ./output/nvic.o
 .debug_frame   0x000001d4       0x50 ./output/clock.o
 .debug_frame   0x00000224       0x70 ./output/uart.o
