
Allocating common symbols
Common symbol       size              file

command             0x64              ./output/interrupt.o

Memory Configuration

Name             Origin             Length             Attributes
FLASH            0x08000000         0x00008000         xr
RAM              0x20000000         0x00001000         xrw
*default*        0x00000000         0xffffffff

Linker script and memory map


.text           0x08000000      0x6d3
 *(.vectors)
 .vectors       0x08000000       0xc0 ./output/startup_ARMCM0.o
                0x08000000                __Vectors
                0x080000c0                __Vectors_End = .
                0x000000c0                __Vectors_Size = (__Vectors_End - __Vectors)
                0x080000c0                __end__ = .
 *(.text*)
 .text          0x080000c0       0x70 ./output/main.o
                0x080000c0                delay
                0x08000100                main
 .text          0x08000130        0x4 ./output/startup_ARMCM0.o
                0x08000130                Reset_Handler
 .text          0x08000134      0x11c ./output/gpio.o
                0x08000134                Init_Pin
                0x08000210                led_on
                0x0800022e                led_off
 .text          0x08000250      0x1f4 ./output/interrupt.o
                0x08000250                Reserved_IRQHandler
                0x08000256                NMI_Handler
                0x0800025c                HardFault_Handler
                0x08000274                SVC_Handler
                0x0800027a                PendSV_Handler
                0x08000280                SysTick_Handler
                0x08000286                EXTI0_IRQHandler
                0x080002f0                USART1_IRQHandler
                0x08000360                inti_interrupt
 .text          0x08000444      0x140 ./output/clock.o
                0x08000444                SystemInit
                0x08000514                clock_enable
 .text          0x08000584      0x12c ./output/uart.o
                0x08000584                init_uart
                0x08000634                uart_send_byte
                0x08000680                uart_send_string
 *(.init)
 *(.fini)
 *(.rodata*)
 .rodata        0x080006b0        0xe ./output/main.o
 *fill*         0x080006be        0x2 
 .rodata        0x080006c0       0x13 ./output/interrupt.o
 *(.eh_frame*)

.glue_7         0x080006d4        0x0
 .glue_7        0x080006d4        0x0 linker stubs

.glue_7t        0x080006d4        0x0
 .glue_7t       0x080006d4        0x0 linker stubs

.vfp11_veneer   0x080006d4        0x0
 .vfp11_veneer  0x080006d4        0x0 linker stubs

.v4_bx          0x080006d4        0x0
 .v4_bx         0x080006d4        0x0 linker stubs

.iplt           0x080006d4        0x0
 .iplt          0x080006d4        0x0 ./output/main.o

.rel.dyn        0x080006d4        0x0
 .rel.iplt      0x080006d4        0x0 ./output/main.o

.data           0x20000000        0x0
                0x20000000                __data_start__ = .
 *(vtable)
 *(.data*)
 .data          0x20000000        0x0 ./output/main.o
 .data          0x20000000        0x0 ./output/startup_ARMCM0.o
 .data          0x20000000        0x0 ./output/gpio.o
 .data          0x20000000        0x0 ./output/interrupt.o
 .data          0x20000000        0x0 ./output/clock.o
 .data          0x20000000        0x0 ./output/uart.o
                0x20000000                __data_end__ = .

.igot.plt       0x20000000        0x0
 .igot.plt      0x20000000        0x0 ./output/main.o

.bss            0x20000000       0x74
                0x20000000                . = ALIGN (0x4)
                0x20000000                __bss_start__ = .
 *(.bss*)
 .bss           0x20000000        0x0 ./output/main.o
 .bss           0x20000000        0x0 ./output/startup_ARMCM0.o
 .bss           0x20000000        0x0 ./output/gpio.o
 .bss           0x20000000       0x10 ./output/interrupt.o
                0x20000000                led_state3
                0x20000004                led_state4
                0x20000008                rx_data
                0x2000000c                num_char
 .bss           0x20000010        0x0 ./output/clock.o
 .bss           0x20000010        0x0 ./output/uart.o
 *(COMMON)
 COMMON         0x20000010       0x64 ./output/interrupt.o
                0x20000010                command
                0x20000074                . = ALIGN (0x4)
                0x20000074                __bss_end__ = .

.heap           0x20000078      0x200
                0x20000078                __HeapBase = .
                0x20000078                __end__ = .
                0x20000078                end = __end__
 *(.heap*)
 .heap          0x20000078      0x200 ./output/startup_ARMCM0.o
                0x20000278                __HeapLimit = .

.stack_dummy    0x20000078      0x100
 *(.stack*)
 .stack         0x20000078      0x100 ./output/startup_ARMCM0.o
                0x20001000                __StackTop = (ORIGIN (RAM) + LENGTH (RAM))
                0x20000f00                __StackLimit = (__StackTop - SIZEOF (.stack_dummy))
                [!provide]                PROVIDE (__stack = __StackTop)
                0x00000001                ASSERT ((__StackLimit >= __HeapLimit), region RAM overflowed with stack)
LOAD ./output/main.o
LOAD ./output/startup_ARMCM0.o
LOAD ./output/gpio.o
LOAD ./output/interrupt.o
LOAD ./output/clock.o
LOAD ./output/uart.o
OUTPUT(./output/stm32f030r8t6_uart.elf elf32-littlearm)

.debug_info     0x00000000      0x48f
 .debug_info    0x00000000       0xdc ./output/main.o
 .debug_info    0x000000dc       0xc4 ./output/gpio.o
 .debug_info    0x000001a0      0x1a2 ./output/interrupt.o
 .debug_info    0x00000342       0x7f ./output/clock.o
 .debug_info    0x000003c1       0xce ./output/uart.o

.debug_abbrev   0x00000000      0x2e4
 .debug_abbrev  0x00000000       0x97 ./output/main.o
 .debug_abbrev  0x00000097       0x85 ./output/gpio.o
 .debug_abbrev  0x0000011c       0xd4 ./output/interrupt.o
 .debug_abbrev  0x000001f0       0x60 ./output/clock.o
 .debug_abbrev  0x00000250       0x94 ./output/uart.o

.debug_aranges  0x00000000       0xa0
 .debug_aranges
                0x00000000       0x20 ./output/main.o
 .debug_aranges
                0x00000020       0x20 ./output/gpio.o
 .debug_aranges
                0x00000040       0x20 ./output/interrupt.o
 .debug_aranges
                0x00000060       0x20 ./output/clock.o
 .debug_aranges
                0x00000080       0x20 ./output/uart.o

.debug_line     0x00000000      0x22f
 .debug_line    0x00000000       0x7c ./output/main.o
 .debug_line    0x0000007c       0x55 ./output/gpio.o
 .debug_line    0x000000d1       0xa7 ./output/interrupt.o
 .debug_line    0x00000178       0x5d ./output/clock.o
 .debug_line    0x000001d5       0x5a ./output/uart.o

.debug_str      0x00000000      0x257
 .debug_str     0x00000000      0x10e ./output/main.o
                                0x11b (size before relaxing)
 .debug_str     0x0000010e       0x37 ./output/gpio.o
                                0x103 (size before relaxing)
 .debug_str     0x00000145       0xa6 ./output/interrupt.o
                                0x1a9 (size before relaxing)
 .debug_str     0x000001eb       0x2f ./output/clock.o
                                0x103 (size before relaxing)
 .debug_str     0x0000021a       0x3d ./output/uart.o
                                0x117 (size before relaxing)

.comment        0x00000000       0x7f
 .comment       0x00000000       0x7f ./output/main.o
                                 0x80 (size before relaxing)
 .comment       0x0000007f       0x80 ./output/gpio.o
 .comment       0x0000007f       0x80 ./output/interrupt.o
 .comment       0x0000007f       0x80 ./output/clock.o
 .comment       0x0000007f       0x80 ./output/uart.o

.ARM.attributes
                0x00000000       0x2f
 .ARM.attributes
                0x00000000       0x31 ./output/main.o
 .ARM.attributes
                0x00000031       0x1b ./output/startup_ARMCM0.o
 .ARM.attributes
                0x0000004c       0x31 ./output/gpio.o
 .ARM.attributes
                0x0000007d       0x31 ./output/interrupt.o
 .ARM.attributes
                0x000000ae       0x31 ./output/clock.o
 .ARM.attributes
                0x000000df       0x31 ./output/uart.o

.debug_frame    0x00000000      0x294
 .debug_frame   0x00000000       0x4c ./output/main.o
 .debug_frame   0x0000004c       0x70 ./output/gpio.o
 .debug_frame   0x000000bc      0x118 ./output/interrupt.o
 .debug_frame   0x000001d4       0x50 ./output/clock.o
 .debug_frame   0x00000224       0x70 ./output/uart.o
