
Allocating common symbols
Common symbol       size              file

command             0x5               ./output/nvic.o

Memory Configuration

Name             Origin             Length             Attributes
FLASH            0x08000000         0x00008000         xr
RAM              0x20000000         0x00001000         xrw
*default*        0x00000000         0xffffffff

Linker script and memory map


.text           0x08000000      0x6ec
 *(.vectors)
 .vectors       0x08000000       0xc0 ./output/startup_ARMCM0.o
                0x08000000                __Vectors
                0x080000c0                __Vectors_End = .
                0x000000c0                __Vectors_Size = (__Vectors_End - __Vectors)
                0x080000c0                __end__ = .
 *(.text*)
 .text          0x080000c0       0x88 ./output/main.o
                0x080000c0                delay
                0x08000100                main
 .text          0x08000148        0x4 ./output/startup_ARMCM0.o
                0x08000148                Reset_Handler
 .text          0x0800014c      0x150 ./output/gpio.o
                0x0800014c                Init_Pin
                0x08000228                led_on
                0x08000260                led_off
 .text          0x0800029c      0x1e8 ./output/nvic.o
                0x0800029c                Reserved_IRQHandler
                0x080002a2                NMI_Handler
                0x080002a8                HardFault_Handler
                0x080002ae                SVC_Handler
                0x080002b4                PendSV_Handler
                0x080002ba                SysTick_Handler
                0x080002c0                EXTI0_IRQHandler
                0x08000328                USART1_IRQHandler
                0x080003a0                inti_interrupt
 .text          0x08000484      0x134 ./output/clock.o
                0x08000484                SystemInit
                0x08000548                clock_enable
 .text          0x080005b8      0x128 ./output/uart.o
                0x080005b8                init_uart
                0x08000664                uart_send_byte
                0x080006b0                uart_send_string
 *(.init)
 *(.fini)
 *(.rodata*)
 .rodata        0x080006e0        0xc ./output/main.o
 *(.eh_frame*)

.glue_7         0x080006ec        0x0
 .glue_7        0x080006ec        0x0 linker stubs

.glue_7t        0x080006ec        0x0
 .glue_7t       0x080006ec        0x0 linker stubs

.vfp11_veneer   0x080006ec        0x0
 .vfp11_veneer  0x080006ec        0x0 linker stubs

.v4_bx          0x080006ec        0x0
 .v4_bx         0x080006ec        0x0 linker stubs

.iplt           0x080006ec        0x0
 .iplt          0x080006ec        0x0 ./output/main.o

.rel.dyn        0x080006ec        0x0
 .rel.iplt      0x080006ec        0x0 ./output/main.o

.data           0x20000000        0x0
                0x20000000                __data_start__ = .
 *(vtable)
 *(.data*)
 .data          0x20000000        0x0 ./output/main.o
 .data          0x20000000        0x0 ./output/startup_ARMCM0.o
 .data          0x20000000        0x0 ./output/gpio.o
 .data          0x20000000        0x0 ./output/nvic.o
 .data          0x20000000        0x0 ./output/clock.o
 .data          0x20000000        0x0 ./output/uart.o
                0x20000000                __data_end__ = .

.igot.plt       0x20000000        0x0
 .igot.plt      0x20000000        0x0 ./output/main.o

.bss            0x20000000       0x10
                0x20000000                . = ALIGN (0x4)
                0x20000000                __bss_start__ = .
 *(.bss*)
 .bss           0x20000000        0x0 ./output/main.o
 .bss           0x20000000        0x0 ./output/startup_ARMCM0.o
 .bss           0x20000000        0x0 ./output/gpio.o
 .bss           0x20000000        0x6 ./output/nvic.o
                0x20000000                led_state
                0x20000004                rx_data
                0x20000005                num_char
 .bss           0x20000006        0x0 ./output/clock.o
 .bss           0x20000006        0x0 ./output/uart.o
 *(COMMON)
 *fill*         0x20000006        0x2 
 COMMON         0x20000008        0x5 ./output/nvic.o
                0x20000008                command
                0x20000010                . = ALIGN (0x4)
 *fill*         0x2000000d        0x3 
                0x20000010                __bss_end__ = .

.heap           0x20000010      0x200
                0x20000010                __HeapBase = .
                0x20000010                __end__ = .
                0x20000010                end = __end__
 *(.heap*)
 .heap          0x20000010      0x200 ./output/startup_ARMCM0.o
                0x20000210                __HeapLimit = .

.stack_dummy    0x20000010      0x100
 *(.stack*)
 .stack         0x20000010      0x100 ./output/startup_ARMCM0.o
                0x20001000                __StackTop = (ORIGIN (RAM) + LENGTH (RAM))
                0x20000f00                __StackLimit = (__StackTop - SIZEOF (.stack_dummy))
                [!provide]                PROVIDE (__stack = __StackTop)
                0x00000001                ASSERT ((__StackLimit >= __HeapLimit), region RAM overflowed with stack)
LOAD ./output/main.o
LOAD ./output/startup_ARMCM0.o
LOAD ./output/gpio.o
LOAD ./output/nvic.o
LOAD ./output/clock.o
LOAD ./output/uart.o
OUTPUT(./output/stm32f030r8t6_uart.elf elf32-littlearm)

.debug_info     0x00000000      0x52f
 .debug_info    0x00000000       0xc1 ./output/main.o
 .debug_info    0x000000c1      0x11b ./output/gpio.o
 .debug_info    0x000001dc      0x185 ./output/nvic.o
 .debug_info    0x00000361       0xc5 ./output/clock.o
 .debug_info    0x00000426      0x109 ./output/uart.o

.debug_abbrev   0x00000000      0x35d
 .debug_abbrev  0x00000000       0x97 ./output/main.o
 .debug_abbrev  0x00000097       0xaf ./output/gpio.o
 .debug_abbrev  0x00000146       0xc2 ./output/nvic.o
 .debug_abbrev  0x00000208       0x97 ./output/clock.o
 .debug_abbrev  0x0000029f       0xbe ./output/uart.o

.debug_aranges  0x00000000       0xa0
 .debug_aranges
                0x00000000       0x20 ./output/main.o
 .debug_aranges
                0x00000020       0x20 ./output/gpio.o
 .debug_aranges
                0x00000040       0x20 ./output/nvic.o
 .debug_aranges
                0x00000060       0x20 ./output/clock.o
 .debug_aranges
                0x00000080       0x20 ./output/uart.o

.debug_line     0x00000000      0x26a
 .debug_line    0x00000000       0x75 ./output/main.o
 .debug_line    0x00000075       0x69 ./output/gpio.o
 .debug_line    0x000000de       0xa1 ./output/nvic.o
 .debug_line    0x0000017f       0x82 ./output/clock.o
 .debug_line    0x00000201       0x69 ./output/uart.o

.debug_str      0x00000000      0x246
 .debug_str     0x00000000       0xf8 ./output/main.o
                                0x105 (size before relaxing)
 .debug_str     0x000000f8       0x37 ./output/gpio.o
                                0x11c (size before relaxing)
 .debug_str     0x0000012f       0xab ./output/nvic.o
                                0x198 (size before relaxing)
 .debug_str     0x000001da       0x35 ./output/clock.o
                                0x122 (size before relaxing)
 .debug_str     0x0000020f       0x37 ./output/uart.o
                                0x130 (size before relaxing)

.comment        0x00000000       0x7f
 .comment       0x00000000       0x7f ./output/main.o
                                 0x80 (size before relaxing)
 .comment       0x0000007f       0x80 ./output/gpio.o
 .comment       0x0000007f       0x80 ./output/nvic.o
 .comment       0x0000007f       0x80 ./output/clock.o
 .comment       0x0000007f       0x80 ./output/uart.o

.ARM.attributes
                0x00000000       0x2f
 .ARM.attributes
                0x00000000       0x31 ./output/main.o
 .ARM.attributes
                0x00000031       0x1b ./output/startup_ARMCM0.o
 .ARM.attributes
                0x0000004c       0x31 ./output/gpio.o
 .ARM.attributes
                0x0000007d       0x31 ./output/nvic.o
 .ARM.attributes
                0x000000ae       0x31 ./output/clock.o
 .ARM.attributes
                0x000000df       0x31 ./output/uart.o

.debug_frame    0x00000000      0x294
 .debug_frame   0x00000000       0x4c ./output/main.o
 .debug_frame   0x0000004c       0x70 ./output/gpio.o
 .debug_frame   0x000000bc      0x118 ./output/nvic.o
 .debug_frame   0x000001d4       0x50 ./output/clock.o
 .debug_frame   0x00000224       0x70 ./output/uart.o
