Archive member included because of file (symbol)

c:/program files/gnu tools arm embedded/4.7 2013q3/bin/../lib/gcc/arm-none-eabi/4.7.4/armv6-m\libgcc.a(_udivsi3.o)
                              ..\obj\stm32f0xx_rcc.o (__aeabi_uidiv)
c:/program files/gnu tools arm embedded/4.7 2013q3/bin/../lib/gcc/arm-none-eabi/4.7.4/armv6-m\libgcc.a(_dvmd_tls.o)
                              c:/program files/gnu tools arm embedded/4.7 2013q3/bin/../lib/gcc/arm-none-eabi/4.7.4/armv6-m\libgcc.a(_udivsi3.o) (__aeabi_idiv0)

Discarded input sections

 .text          0x00000000        0x0 ..\obj\stm32f0xx_rcc.o
 .bss           0x00000000        0x0 ..\obj\stm32f0xx_rcc.o
 .text.RCC_DeInit
                0x00000000       0x88 ..\obj\stm32f0xx_rcc.o
 .text.RCC_HSEConfig
                0x00000000       0x24 ..\obj\stm32f0xx_rcc.o
 .text.RCC_WaitForHSEStartUp
                0x00000000       0x60 ..\obj\stm32f0xx_rcc.o
 .text.RCC_AdjustHSICalibrationValue
                0x00000000       0x3c ..\obj\stm32f0xx_rcc.o
 .text.RCC_HSICmd
                0x00000000       0x38 ..\obj\stm32f0xx_rcc.o
 .text.RCC_AdjustHSI14CalibrationValue
                0x00000000       0x3c ..\obj\stm32f0xx_rcc.o
 .text.RCC_HSI14Cmd
                0x00000000       0x38 ..\obj\stm32f0xx_rcc.o
 .text.RCC_HSI14ADCRequestCmd
                0x00000000       0x38 ..\obj\stm32f0xx_rcc.o
 .text.RCC_LSEConfig
                0x00000000       0x38 ..\obj\stm32f0xx_rcc.o
 .text.RCC_LSEDriveConfig
                0x00000000       0x2c ..\obj\stm32f0xx_rcc.o
 .text.RCC_LSICmd
                0x00000000       0x38 ..\obj\stm32f0xx_rcc.o
 .text.RCC_PLLConfig
                0x00000000       0x34 ..\obj\stm32f0xx_rcc.o
 .text.RCC_PLLCmd
                0x00000000       0x40 ..\obj\stm32f0xx_rcc.o
 .text.RCC_PREDIV1Config
                0x00000000       0x34 ..\obj\stm32f0xx_rcc.o
 .text.RCC_ClockSecuritySystemCmd
                0x00000000       0x40 ..\obj\stm32f0xx_rcc.o
 .text.RCC_MCOConfig
                0x00000000       0x20 ..\obj\stm32f0xx_rcc.o
 .text.RCC_SYSCLKConfig
                0x00000000       0x34 ..\obj\stm32f0xx_rcc.o
 .text.RCC_GetSYSCLKSource
                0x00000000       0x1c ..\obj\stm32f0xx_rcc.o
 .text.RCC_HCLKConfig
                0x00000000       0x34 ..\obj\stm32f0xx_rcc.o
 .text.RCC_PCLKConfig
                0x00000000       0x38 ..\obj\stm32f0xx_rcc.o
 .text.RCC_ADCCLKConfig
                0x00000000       0x50 ..\obj\stm32f0xx_rcc.o
 .text.RCC_CECCLKConfig
                0x00000000       0x2c ..\obj\stm32f0xx_rcc.o
 .text.RCC_I2CCLKConfig
                0x00000000       0x2c ..\obj\stm32f0xx_rcc.o
 .text.RCC_USARTCLKConfig
                0x00000000       0x2c ..\obj\stm32f0xx_rcc.o
 .text.RCC_RTCCLKConfig
                0x00000000       0x20 ..\obj\stm32f0xx_rcc.o
 .text.RCC_RTCCLKCmd
                0x00000000       0x40 ..\obj\stm32f0xx_rcc.o
 .text.RCC_BackupResetCmd
                0x00000000       0x40 ..\obj\stm32f0xx_rcc.o
 .text.RCC_AHBPeriphResetCmd
                0x00000000       0x3c ..\obj\stm32f0xx_rcc.o
 .text.RCC_APB2PeriphResetCmd
                0x00000000       0x3c ..\obj\stm32f0xx_rcc.o
 .text.RCC_APB1PeriphResetCmd
                0x00000000       0x3c ..\obj\stm32f0xx_rcc.o
 .text.RCC_ITConfig
                0x00000000       0x50 ..\obj\stm32f0xx_rcc.o
 .text.RCC_GetFlagStatus
                0x00000000       0x90 ..\obj\stm32f0xx_rcc.o
 .text.RCC_ClearFlag
                0x00000000       0x1c ..\obj\stm32f0xx_rcc.o
 .text.RCC_GetITStatus
                0x00000000       0x44 ..\obj\stm32f0xx_rcc.o
 .text.RCC_ClearITPendingBit
                0x00000000       0x20 ..\obj\stm32f0xx_rcc.o
 .text          0x00000000        0x0 ..\obj\main.o
 .data          0x00000000        0x0 ..\obj\main.o
 .bss           0x00000000        0x0 ..\obj\main.o
 .text          0x00000000       0x14 ..\obj\startup_stm32f0xx.o
 .data          0x00000000        0x0 ..\obj\startup_stm32f0xx.o
 .bss           0x00000000        0x0 ..\obj\startup_stm32f0xx.o
 .text          0x00000000        0x0 ..\obj\stm32f0xx_i2c.o
 .data          0x00000000        0x0 ..\obj\stm32f0xx_i2c.o
 .bss           0x00000000        0x0 ..\obj\stm32f0xx_i2c.o
 .text.I2C_DeInit
                0x00000000       0x4c ..\obj\stm32f0xx_i2c.o
 .text.I2C_StructInit
                0x00000000       0x3c ..\obj\stm32f0xx_i2c.o
 .text.I2C_SoftwareResetCmd
                0x00000000       0x30 ..\obj\stm32f0xx_i2c.o
 .text.I2C_StretchClockCmd
                0x00000000       0x3c ..\obj\stm32f0xx_i2c.o
 .text.I2C_StopModeCmd
                0x00000000       0x3c ..\obj\stm32f0xx_i2c.o
 .text.I2C_DualAddressCmd
                0x00000000       0x3c ..\obj\stm32f0xx_i2c.o
 .text.I2C_OwnAddress2Config
                0x00000000       0x50 ..\obj\stm32f0xx_i2c.o
 .text.I2C_GeneralCallCmd
                0x00000000       0x3c ..\obj\stm32f0xx_i2c.o
 .text.I2C_SlaveByteControlCmd
                0x00000000       0x3c ..\obj\stm32f0xx_i2c.o
 .text.I2C_10BitAddressingModeCmd
                0x00000000       0x3c ..\obj\stm32f0xx_i2c.o
 .text.I2C_AutoEndCmd
                0x00000000       0x3c ..\obj\stm32f0xx_i2c.o
 .text.I2C_ReloadCmd
                0x00000000       0x3c ..\obj\stm32f0xx_i2c.o
 .text.I2C_MasterRequestConfig
                0x00000000       0x3c ..\obj\stm32f0xx_i2c.o
 .text.I2C_10BitAddressHeaderCmd
                0x00000000       0x3c ..\obj\stm32f0xx_i2c.o
 .text.I2C_GetAddressMatched
                0x00000000       0x20 ..\obj\stm32f0xx_i2c.o
 .text.I2C_GetTransferDirection
                0x00000000       0x48 ..\obj\stm32f0xx_i2c.o
 .text.I2C_TransferHandling
                0x00000000       0x60 ..\obj\stm32f0xx_i2c.o
 .text.I2C_SMBusAlertCmd
                0x00000000       0x3c ..\obj\stm32f0xx_i2c.o
 .text.I2C_ClockTimeoutCmd
                0x00000000       0x3c ..\obj\stm32f0xx_i2c.o
 .text.I2C_ExtendedClockTimeoutCmd
                0x00000000       0x38 ..\obj\stm32f0xx_i2c.o
 .text.I2C_IdleClockTimeoutCmd
                0x00000000       0x3c ..\obj\stm32f0xx_i2c.o
 .text.I2C_TimeoutAConfig
                0x00000000       0x3c ..\obj\stm32f0xx_i2c.o
 .text.I2C_TimeoutBConfig
                0x00000000       0x44 ..\obj\stm32f0xx_i2c.o
 .text.I2C_CalculatePEC
                0x00000000       0x3c ..\obj\stm32f0xx_i2c.o
 .text.I2C_PECRequestCmd
                0x00000000       0x3c ..\obj\stm32f0xx_i2c.o
 .text.I2C_GetPEC
                0x00000000       0x18 ..\obj\stm32f0xx_i2c.o
 .text.I2C_ReadRegister
                0x00000000       0x2c ..\obj\stm32f0xx_i2c.o
 .text.I2C_SendData
                0x00000000       0x1c ..\obj\stm32f0xx_i2c.o
 .text.I2C_DMACmd
                0x00000000       0x38 ..\obj\stm32f0xx_i2c.o
 .text.I2C_ClearFlag
                0x00000000       0x18 ..\obj\stm32f0xx_i2c.o
 .text          0x00000000        0x0 ..\obj\system_stm32f0xx_temp.o
 .data          0x00000000       0x14 ..\obj\system_stm32f0xx_temp.o
 .bss           0x00000000        0x0 ..\obj\system_stm32f0xx_temp.o
 .text.SystemCoreClockUpdate1
                0x00000000       0xd0 ..\obj\system_stm32f0xx_temp.o
 .text          0x00000000        0x0 ..\obj\stm32f0xx_gpio.o
 .data          0x00000000        0x0 ..\obj\stm32f0xx_gpio.o
 .bss           0x00000000        0x0 ..\obj\stm32f0xx_gpio.o
 .text.GPIO_DeInit
                0x00000000       0xc8 ..\obj\stm32f0xx_gpio.o
 .text.GPIO_StructInit
                0x00000000       0x30 ..\obj\stm32f0xx_gpio.o
 .text.GPIO_PinLockConfig
                0x00000000       0x44 ..\obj\stm32f0xx_gpio.o
 .text.GPIO_ReadInputDataBit
                0x00000000       0x48 ..\obj\stm32f0xx_gpio.o
 .text.GPIO_ReadInputData
                0x00000000       0x18 ..\obj\stm32f0xx_gpio.o
 .text.GPIO_ReadOutputDataBit
                0x00000000       0x48 ..\obj\stm32f0xx_gpio.o
 .text.GPIO_ReadOutputData
                0x00000000       0x18 ..\obj\stm32f0xx_gpio.o
 .text.GPIO_SetBits
                0x00000000       0x1c ..\obj\stm32f0xx_gpio.o
 .text.GPIO_ResetBits
                0x00000000       0x1c ..\obj\stm32f0xx_gpio.o
 .text.GPIO_WriteBit
                0x00000000       0x30 ..\obj\stm32f0xx_gpio.o
 .text.GPIO_Write
                0x00000000       0x1c ..\obj\stm32f0xx_gpio.o
 .text          0x00000000        0x0 ..\obj\stm32f0xx_usart.o
 .data          0x00000000        0x0 ..\obj\stm32f0xx_usart.o
 .bss           0x00000000        0x0 ..\obj\stm32f0xx_usart.o
 .text.USART_DeInit
                0x00000000       0x58 ..\obj\stm32f0xx_usart.o
 .text.USART_StructInit
                0x00000000       0x34 ..\obj\stm32f0xx_usart.o
 .text.USART_ClockInit
                0x00000000       0x48 ..\obj\stm32f0xx_usart.o
 .text.USART_ClockStructInit
                0x00000000       0x28 ..\obj\stm32f0xx_usart.o
 .text.USART_DirectionModeCmd
                0x00000000       0x38 ..\obj\stm32f0xx_usart.o
 .text.USART_OverSampling8Cmd
                0x00000000       0x3c ..\obj\stm32f0xx_usart.o
 .text.USART_OneBitMethodCmd
                0x00000000       0x3c ..\obj\stm32f0xx_usart.o
 .text.USART_MSBFirstCmd
                0x00000000       0x3c ..\obj\stm32f0xx_usart.o
 .text.USART_DataInvCmd
                0x00000000       0x3c ..\obj\stm32f0xx_usart.o
 .text.USART_InvPinCmd
                0x00000000       0x38 ..\obj\stm32f0xx_usart.o
 .text.USART_SWAPPinCmd
                0x00000000       0x3c ..\obj\stm32f0xx_usart.o
 .text.USART_ReceiverTimeOutCmd
                0x00000000       0x3c ..\obj\stm32f0xx_usart.o
 .text.USART_SetReceiverTimeOut
                0x00000000       0x28 ..\obj\stm32f0xx_usart.o
 .text.USART_SetPrescaler
                0x00000000       0x38 ..\obj\stm32f0xx_usart.o
 .text.USART_STOPModeCmd
                0x00000000       0x3c ..\obj\stm32f0xx_usart.o
 .text.USART_StopModeWakeUpSourceConfig
                0x00000000       0x2c ..\obj\stm32f0xx_usart.o
 .text.USART_AutoBaudRateCmd
                0x00000000       0x3c ..\obj\stm32f0xx_usart.o
 .text.USART_AutoBaudRateConfig
                0x00000000       0x2c ..\obj\stm32f0xx_usart.o
 .text.USART_ReceiveData
                0x00000000       0x1c ..\obj\stm32f0xx_usart.o
 .text.USART_SetAddress
                0x00000000       0x30 ..\obj\stm32f0xx_usart.o
 .text.USART_MuteModeCmd
                0x00000000       0x3c ..\obj\stm32f0xx_usart.o
 .text.USART_MuteModeWakeUpConfig
                0x00000000       0x2c ..\obj\stm32f0xx_usart.o
 .text.USART_AddressDetectionConfig
                0x00000000       0x2c ..\obj\stm32f0xx_usart.o
 .text.USART_LINBreakDetectLengthConfig
                0x00000000       0x2c ..\obj\stm32f0xx_usart.o
 .text.USART_LINCmd
                0x00000000       0x3c ..\obj\stm32f0xx_usart.o
 .text.USART_HalfDuplexCmd
                0x00000000       0x3c ..\obj\stm32f0xx_usart.o
 .text.USART_SetGuardTime
                0x00000000       0x3c ..\obj\stm32f0xx_usart.o
 .text.USART_SmartCardCmd
                0x00000000       0x3c ..\obj\stm32f0xx_usart.o
 .text.USART_SmartCardNACKCmd
                0x00000000       0x3c ..\obj\stm32f0xx_usart.o
 .text.USART_SetAutoRetryCount
                0x00000000       0x34 ..\obj\stm32f0xx_usart.o
 .text.USART_SetBlockLength
                0x00000000       0x30 ..\obj\stm32f0xx_usart.o
 .text.USART_IrDAConfig
                0x00000000       0x2c ..\obj\stm32f0xx_usart.o
 .text.USART_IrDACmd
                0x00000000       0x3c ..\obj\stm32f0xx_usart.o
 .text.USART_DECmd
                0x00000000       0x3c ..\obj\stm32f0xx_usart.o
 .text.USART_DEPolarityConfig
                0x00000000       0x2c ..\obj\stm32f0xx_usart.o
 .text.USART_SetDEAssertionTime
                0x00000000       0x30 ..\obj\stm32f0xx_usart.o
 .text.USART_SetDEDeassertionTime
                0x00000000       0x30 ..\obj\stm32f0xx_usart.o
 .text.USART_DMACmd
                0x00000000       0x38 ..\obj\stm32f0xx_usart.o
 .text.USART_DMAReceptionErrorConfig
                0x00000000       0x2c ..\obj\stm32f0xx_usart.o
 .text.USART_ITConfig
                0x00000000       0x84 ..\obj\stm32f0xx_usart.o
 .text.USART_RequestCmd
                0x00000000       0x48 ..\obj\stm32f0xx_usart.o
 .text.USART_OverrunDetectionConfig
                0x00000000       0x2c ..\obj\stm32f0xx_usart.o
 .text.USART_ClearFlag
                0x00000000       0x18 ..\obj\stm32f0xx_usart.o
 .text.USART_GetITStatus
                0x00000000       0xb4 ..\obj\stm32f0xx_usart.o
 .text.USART_ClearITPendingBit
                0x00000000       0x30 ..\obj\stm32f0xx_usart.o
 .text          0x00000000        0x0 ..\obj\stm32f0xx_misc.o
 .data          0x00000000        0x0 ..\obj\stm32f0xx_misc.o
 .bss           0x00000000        0x0 ..\obj\stm32f0xx_misc.o
 .text.NVIC_SystemLPConfig
                0x00000000       0x44 ..\obj\stm32f0xx_misc.o
 .text.SysTick_CLKSourceConfig
                0x00000000       0x34 ..\obj\stm32f0xx_misc.o
 .data          0x00000000        0x0 c:/program files/gnu tools arm embedded/4.7 2013q3/bin/../lib/gcc/arm-none-eabi/4.7.4/armv6-m\libgcc.a(_udivsi3.o)
 .bss           0x00000000        0x0 c:/program files/gnu tools arm embedded/4.7 2013q3/bin/../lib/gcc/arm-none-eabi/4.7.4/armv6-m\libgcc.a(_udivsi3.o)
 .data          0x00000000        0x0 c:/program files/gnu tools arm embedded/4.7 2013q3/bin/../lib/gcc/arm-none-eabi/4.7.4/armv6-m\libgcc.a(_dvmd_tls.o)
 .bss           0x00000000        0x0 c:/program files/gnu tools arm embedded/4.7 2013q3/bin/../lib/gcc/arm-none-eabi/4.7.4/armv6-m\libgcc.a(_dvmd_tls.o)

Memory Configuration

Name             Origin             Length             Attributes
rom              0x08000000         0x00008000         xr
ram              0x20000000         0x00001000         xrw
*default*        0x00000000         0xffffffff

Linker script and memory map

                0x20001000                _eram = 0x20001000

.text           0x08000000     0x10d0
 *(.isr_vector)
 .isr_vector    0x08000000       0xc4 ..\obj\startup_stm32f0xx.o
                0x08000000                g_pfnVectors
 *(.text*)
 .text.RCC_GetClocksFreq
                0x080000c4      0x1cc ..\obj\stm32f0xx_rcc.o
                0x080000c4                RCC_GetClocksFreq
 .text.RCC_AHBPeriphClockCmd
                0x08000290       0x3c ..\obj\stm32f0xx_rcc.o
                0x08000290                RCC_AHBPeriphClockCmd
 .text.RCC_APB2PeriphClockCmd
                0x080002cc       0x3c ..\obj\stm32f0xx_rcc.o
                0x080002cc                RCC_APB2PeriphClockCmd
 .text.RCC_APB1PeriphClockCmd
                0x08000308       0x3c ..\obj\stm32f0xx_rcc.o
                0x08000308                RCC_APB1PeriphClockCmd
 .text.Delay    0x08000344       0x24 ..\obj\main.o
                0x08000344                Delay
 .text.InitLED  0x08000368       0x48 ..\obj\main.o
                0x08000368                InitLED
 .text.I2C_Configuration
                0x080003b0       0xf0 ..\obj\main.o
                0x080003b0                I2C_Configuration
 .text.I2C1_IRQHandler
                0x080004a0       0x98 ..\obj\main.o
                0x080004a0                I2C1_IRQHandler
 .text.usart_setup
                0x08000538       0xbc ..\obj\main.o
                0x08000538                usart_setup
 .text.Send_Char
                0x080005f4       0x38 ..\obj\main.o
                0x080005f4                Send_Char
 .text.main     0x0800062c       0x50 ..\obj\main.o
                0x0800062c                main
 .text.Reset_Handler
                0x0800067c       0x4c ..\obj\startup_stm32f0xx.o
                0x0800067c                Reset_Handler
 .text.Default_Handler
                0x080006c8        0x2 ..\obj\startup_stm32f0xx.o
                0x080006c8                TIM1_CC_IRQHandler
                0x080006c8                HardFault_Handler
                0x080006c8                ADC1_COMP_IRQHandler
                0x080006c8                SysTick_Handler
                0x080006c8                PVD_IRQHandler
                0x080006c8                PendSV_Handler
                0x080006c8                NMI_Handler
                0x080006c8                SPI1_IRQHandler
                0x080006c8                TIM6_DAC_IRQHandler
                0x080006c8                EXTI2_3_IRQHandler
                0x080006c8                I2C2_IRQHandler
                0x080006c8                TIM17_IRQHandler
                0x080006c8                RTC_IRQHandler
                0x080006c8                TIM16_IRQHandler
                0x080006c8                TIM3_IRQHandler
                0x080006c8                EXTI4_15_IRQHandler
                0x080006c8                RCC_IRQHandler
                0x080006c8                DMA1_Channel1_IRQHandler
                0x080006c8                Default_Handler
                0x080006c8                CEC_IRQHandler
                0x080006c8                TIM14_IRQHandler
                0x080006c8                DMA1_Channel4_5_IRQHandler
                0x080006c8                TIM15_IRQHandler
                0x080006c8                EXTI0_1_IRQHandler
                0x080006c8                SPI2_IRQHandler
                0x080006c8                SVC_Handler
                0x080006c8                TS_IRQHandler
                0x080006c8                WWDG_IRQHandler
                0x080006c8                TIM2_IRQHandler
                0x080006c8                DMA1_Channel2_3_IRQHandler
                0x080006c8                USART2_IRQHandler
                0x080006c8                FLASH_IRQHandler
                0x080006c8                USART1_IRQHandler
                0x080006c8                TIM1_BRK_UP_TRG_COM_IRQHandler
 *fill*         0x080006ca        0x2 00
 .text.I2C_Init
                0x080006cc       0xd0 ..\obj\stm32f0xx_i2c.o
                0x080006cc                I2C_Init
 .text.I2C_Cmd  0x0800079c       0x3c ..\obj\stm32f0xx_i2c.o
                0x0800079c                I2C_Cmd
 .text.I2C_ITConfig
                0x080007d8       0x38 ..\obj\stm32f0xx_i2c.o
                0x080007d8                I2C_ITConfig
 .text.I2C_SlaveAddressConfig
                0x08000810       0x3c ..\obj\stm32f0xx_i2c.o
                0x08000810                I2C_SlaveAddressConfig
 .text.I2C_NumberOfBytesConfig
                0x0800084c       0x44 ..\obj\stm32f0xx_i2c.o
                0x0800084c                I2C_NumberOfBytesConfig
 .text.I2C_GenerateSTART
                0x08000890       0x3c ..\obj\stm32f0xx_i2c.o
                0x08000890                I2C_GenerateSTART
 .text.I2C_GenerateSTOP
                0x080008cc       0x3c ..\obj\stm32f0xx_i2c.o
                0x080008cc                I2C_GenerateSTOP
 .text.I2C_AcknowledgeConfig
                0x08000908       0x3c ..\obj\stm32f0xx_i2c.o
                0x08000908                I2C_AcknowledgeConfig
 .text.I2C_ReceiveData
                0x08000944       0x18 ..\obj\stm32f0xx_i2c.o
                0x08000944                I2C_ReceiveData
 .text.I2C_GetFlagStatus
                0x0800095c       0x4c ..\obj\stm32f0xx_i2c.o
                0x0800095c                I2C_GetFlagStatus
 .text.I2C_GetITStatus
                0x080009a8       0x88 ..\obj\stm32f0xx_i2c.o
                0x080009a8                I2C_GetITStatus
 .text.I2C_ClearITPendingBit
                0x08000a30       0x18 ..\obj\stm32f0xx_i2c.o
                0x08000a30                I2C_ClearITPendingBit
 .text.SystemInit1
                0x08000a48       0x8c ..\obj\system_stm32f0xx_temp.o
                0x08000a48                SystemInit
                0x08000a48                SystemInit1
 .text.SetSysClock1
                0x08000ad4       0xe0 ..\obj\system_stm32f0xx_temp.o
                0x08000ad4                SetSysClock
 .text.GPIO_Init
                0x08000bb4      0x138 ..\obj\stm32f0xx_gpio.o
                0x08000bb4                GPIO_Init
 .text.GPIO_PinAFConfig
                0x08000cec       0x9c ..\obj\stm32f0xx_gpio.o
                0x08000cec                GPIO_PinAFConfig
 .text.USART_Init
                0x08000d88      0x160 ..\obj\stm32f0xx_usart.o
                0x08000d88                USART_Init
 .text.USART_Cmd
                0x08000ee8       0x3c ..\obj\stm32f0xx_usart.o
                0x08000ee8                USART_Cmd
 .text.USART_SendData
                0x08000f24       0x24 ..\obj\stm32f0xx_usart.o
                0x08000f24                USART_SendData
 .text.USART_GetFlagStatus
                0x08000f48       0x3c ..\obj\stm32f0xx_usart.o
                0x08000f48                USART_GetFlagStatus
 .text.NVIC_Init
                0x08000f84       0xac ..\obj\stm32f0xx_misc.o
                0x08000f84                NVIC_Init
 .text          0x08001030       0x9c c:/program files/gnu tools arm embedded/4.7 2013q3/bin/../lib/gcc/arm-none-eabi/4.7.4/armv6-m\libgcc.a(_udivsi3.o)
                0x08001030                __aeabi_uidiv
                0x08001030                __udivsi3
                0x080010b8                __aeabi_uidivmod
 .text          0x080010cc        0x4 c:/program files/gnu tools arm embedded/4.7 2013q3/bin/../lib/gcc/arm-none-eabi/4.7.4/armv6-m\libgcc.a(_dvmd_tls.o)
                0x080010cc                __aeabi_idiv0
                0x080010cc                __aeabi_ldiv0
 *(.init)
 *(.fini)
 *crtbegin.o(.ctors)
 *crtbegin?.o(.ctors)
 *(EXCLUDE_FILE(*crtend.o *crtend?.o) .ctors)
 *(SORT(.ctors.*))
 *(.ctors)
 *crtbegin.o(.dtors)
 *crtbegin?.o(.dtors)
 *(EXCLUDE_FILE(*crtend.o *crtend?.o) .dtors)
 *(SORT(.dtors.*))
 *(.dtors)
 *(.rodata*)
 *(.eh_fram e*)

.glue_7         0x080010d0        0x0
 .glue_7        0x00000000        0x0 linker stubs

.glue_7t        0x080010d0        0x0
 .glue_7t       0x00000000        0x0 linker stubs

.vfp11_veneer   0x080010d0        0x0
 .vfp11_veneer  0x00000000        0x0 linker stubs

.v4_bx          0x080010d0        0x0
 .v4_bx         0x00000000        0x0 linker stubs

.iplt           0x080010d0        0x0
 .iplt          0x00000000        0x0 ..\obj\stm32f0xx_rcc.o

.rel.dyn        0x080010d0        0x0
 .rel.iplt      0x00000000        0x0 ..\obj\stm32f0xx_rcc.o

.ARM.extab
 *(.ARM.extab* .gnu.linkonce.armextab.*)
                0x080010d0                __exidx_start = .

.ARM.exidx
 *(.ARM.exidx* .gnu.linkonce.armexidx.*)
                0x080010d0                __exidx_end = .
                0x080010d0                __etext = .
                0x080010d0                _sidata = __etext

.data           0x20000000       0x10 load address 0x080010d0
                0x20000000                __data_start__ = .
                0x20000000                _sdata = __data_start__
 *(vtable)
 *(.data*)
 .data          0x20000000       0x10 ..\obj\stm32f0xx_rcc.o
                0x20000010                . = ALIGN (0x4)
                0x20000010                PROVIDE (__preinit_array_start, .)
 *(.preinit_array)
                0x20000010                PROVIDE (__preinit_array_end, .)
                0x20000010                . = ALIGN (0x4)
                0x20000010                PROVIDE (__init_array_start, .)
 *(SORT(.init_array.*))
 *(.init_array)
                0x20000010                PROVIDE (__init_array_end, .)
                0x20000010                . = ALIGN (0x4)
                0x20000010                PROVIDE (__fini_array_start, .)
 *(SORT(.fini_array.*))
 *(.fini_array)
                0x20000010                PROVIDE (__fini_array_end, .)
 *(.jcr*)
                0x20000010                . = ALIGN (0x4)
                0x20000010                __data_end__ = .
                0x20000010                _edata = __data_end__

.igot.plt       0x20000010        0x0 load address 0x080010e0
 .igot.plt      0x00000000        0x0 ..\obj\stm32f0xx_rcc.o

.bss            0x20000010        0x0
                0x20000010                . = ALIGN (0x4)
                0x20000010                __bss_start__ = .
                0x20000010                _sbss = __bss_start__
 *(.bss*)
 *(COMMON)
                0x20000010                . = ALIGN (0x4)
                0x20000010                __bss_end__ = .
                0x20000010                _ebss = __bss_end__

.heap           0x20000010        0x0
                0x20000010                __end__ = .
                0x20000010                _end = __end__
                0x20000010                end = __end__
 *(.heap*)
                0x20000010                __HeapLimit = .

.co_stack       0x20000010        0x0
                0x20000010                . = ALIGN (0x8)
 *(.co_stack .co_stack.*)
                0x20001000                __StackTop = (ORIGIN (ram) + 0x1000)
                0x20001000                __StackLimit = (__StackTop - SIZEOF (.co_stack))
                0x20001000                PROVIDE (__stack, __StackTop)
                0x00000001                ASSERT ((__StackLimit >= __HeapLimit), region ram  overflowed with stack)
LOAD ..\obj\stm32f0xx_rcc.o
LOAD ..\obj\main.o
LOAD ..\obj\startup_stm32f0xx.o
LOAD ..\obj\stm32f0xx_i2c.o
LOAD ..\obj\system_stm32f0xx_temp.o
LOAD ..\obj\stm32f0xx_gpio.o
LOAD ..\obj\stm32f0xx_usart.o
LOAD ..\obj\stm32f0xx_misc.o
START GROUP
LOAD c:/program files/gnu tools arm embedded/4.7 2013q3/bin/../lib/gcc/arm-none-eabi/4.7.4/armv6-m\libgcc.a
LOAD c:/program files/gnu tools arm embedded/4.7 2013q3/bin/../lib/gcc/arm-none-eabi/4.7.4/../../../../arm-none-eabi/lib/armv6-m\libg.a
LOAD c:/program files/gnu tools arm embedded/4.7 2013q3/bin/../lib/gcc/arm-none-eabi/4.7.4/../../../../arm-none-eabi/lib/armv6-m\libc.a
END GROUP
OUTPUT(I2C_Master_Recieved.elf elf32-littlearm)

.debug_info     0x00000000     0x3b96
 .debug_info    0x00000000      0xa6a ..\obj\stm32f0xx_rcc.o
 .debug_info    0x00000a6a      0x7cd ..\obj\main.o
 .debug_info    0x00001237       0xc5 ..\obj\startup_stm32f0xx.o
 .debug_info    0x000012fc      0xc8c ..\obj\stm32f0xx_i2c.o
 .debug_info    0x00001f88      0x310 ..\obj\system_stm32f0xx_temp.o
 .debug_info    0x00002298      0x619 ..\obj\stm32f0xx_gpio.o
 .debug_info    0x000028b1      0xf48 ..\obj\stm32f0xx_usart.o
 .debug_info    0x000037f9      0x39d ..\obj\stm32f0xx_misc.o

.debug_abbrev   0x00000000      0xa58
 .debug_abbrev  0x00000000      0x1ee ..\obj\stm32f0xx_rcc.o
 .debug_abbrev  0x000001ee      0x179 ..\obj\main.o
 .debug_abbrev  0x00000367       0x12 ..\obj\startup_stm32f0xx.o
 .debug_abbrev  0x00000379      0x187 ..\obj\stm32f0xx_i2c.o
 .debug_abbrev  0x00000500      0x136 ..\obj\system_stm32f0xx_temp.o
 .debug_abbrev  0x00000636      0x19d ..\obj\stm32f0xx_gpio.o
 .debug_abbrev  0x000007d3      0x15e ..\obj\stm32f0xx_usart.o
 .debug_abbrev  0x00000931      0x127 ..\obj\stm32f0xx_misc.o

.debug_loc      0x00000000     0x21e4
 .debug_loc     0x00000000      0x864 ..\obj\stm32f0xx_rcc.o
 .debug_loc     0x00000864      0x17c ..\obj\main.o
 .debug_loc     0x000009e0      0x930 ..\obj\stm32f0xx_i2c.o
 .debug_loc     0x00001310       0x9c ..\obj\system_stm32f0xx_temp.o
 .debug_loc     0x000013ac      0x2d8 ..\obj\stm32f0xx_gpio.o
 .debug_loc     0x00001684      0xab8 ..\obj\stm32f0xx_usart.o
 .debug_loc     0x0000213c       0xa8 ..\obj\stm32f0xx_misc.o

.debug_aranges  0x00000000      0x5b0
 .debug_aranges
                0x00000000      0x150 ..\obj\stm32f0xx_rcc.o
 .debug_aranges
                0x00000150       0x50 ..\obj\main.o
 .debug_aranges
                0x000001a0       0x28 ..\obj\startup_stm32f0xx.o
 .debug_aranges
                0x000001c8      0x168 ..\obj\stm32f0xx_i2c.o
 .debug_aranges
                0x00000330       0x30 ..\obj\system_stm32f0xx_temp.o
 .debug_aranges
                0x00000360       0x80 ..\obj\stm32f0xx_gpio.o
 .debug_aranges
                0x000003e0      0x1a0 ..\obj\stm32f0xx_usart.o
 .debug_aranges
                0x00000580       0x30 ..\obj\stm32f0xx_misc.o

.debug_ranges   0x00000000      0x538
 .debug_ranges  0x00000000      0x140 ..\obj\stm32f0xx_rcc.o
 .debug_ranges  0x00000140       0x40 ..\obj\main.o
 .debug_ranges  0x00000180       0x20 ..\obj\startup_stm32f0xx.o
 .debug_ranges  0x000001a0      0x158 ..\obj\stm32f0xx_i2c.o
 .debug_ranges  0x000002f8       0x20 ..\obj\system_stm32f0xx_temp.o
 .debug_ranges  0x00000318       0x70 ..\obj\stm32f0xx_gpio.o
 .debug_ranges  0x00000388      0x190 ..\obj\stm32f0xx_usart.o
 .debug_ranges  0x00000518       0x20 ..\obj\stm32f0xx_misc.o

.debug_line     0x00000000     0x1925
 .debug_line    0x00000000      0x4e2 ..\obj\stm32f0xx_rcc.o
 .debug_line    0x000004e2      0x289 ..\obj\main.o
 .debug_line    0x0000076b       0xb6 ..\obj\startup_stm32f0xx.o
 .debug_line    0x00000821      0x50b ..\obj\stm32f0xx_i2c.o
 .debug_line    0x00000d2c      0x182 ..\obj\system_stm32f0xx_temp.o
 .debug_line    0x00000eae      0x2bd ..\obj\stm32f0xx_gpio.o
 .debug_line    0x0000116b      0x5a8 ..\obj\stm32f0xx_usart.o
 .debug_line    0x00001713      0x212 ..\obj\stm32f0xx_misc.o

.debug_str      0x00000000     0x19cf
 .debug_str     0x00000000      0x654 ..\obj\stm32f0xx_rcc.o
                                0x6d3 (size before relaxing)
 .debug_str     0x00000654      0x5b6 ..\obj\main.o
                                0x6d0 (size before relaxing)
 .debug_str     0x00000c0a      0x3eb ..\obj\stm32f0xx_i2c.o
                                0x5e8 (size before relaxing)
 .debug_str     0x00000ff5       0xb5 ..\obj\system_stm32f0xx_temp.o
                                0x24a (size before relaxing)
 .debug_str     0x000010aa      0x196 ..\obj\stm32f0xx_gpio.o
                                0x43a (size before relaxing)
 .debug_str     0x00001240      0x66d ..\obj\stm32f0xx_usart.o
                                0x901 (size before relaxing)
 .debug_str     0x000018ad      0x122 ..\obj\stm32f0xx_misc.o
                                0x2af (size before relaxing)

.comment        0x00000000       0x70
 .comment       0x00000000       0x70 ..\obj\stm32f0xx_rcc.o
                                 0x71 (size before relaxing)
 .comment       0x00000000       0x71 ..\obj\main.o
 .comment       0x00000000       0x71 ..\obj\stm32f0xx_i2c.o
 .comment       0x00000000       0x71 ..\obj\system_stm32f0xx_temp.o
 .comment       0x00000000       0x71 ..\obj\stm32f0xx_gpio.o
 .comment       0x00000000       0x71 ..\obj\stm32f0xx_usart.o
 .comment       0x00000000       0x71 ..\obj\stm32f0xx_misc.o

.ARM.attributes
                0x00000000       0x2f
 .ARM.attributes
                0x00000000       0x31 ..\obj\stm32f0xx_rcc.o
 .ARM.attributes
                0x00000031       0x31 ..\obj\main.o
 .ARM.attributes
                0x00000062       0x21 ..\obj\startup_stm32f0xx.o
 .ARM.attributes
                0x00000083       0x31 ..\obj\stm32f0xx_i2c.o
 .ARM.attributes
                0x000000b4       0x31 ..\obj\system_stm32f0xx_temp.o
 .ARM.attributes
                0x000000e5       0x31 ..\obj\stm32f0xx_gpio.o
 .ARM.attributes
                0x00000116       0x31 ..\obj\stm32f0xx_usart.o
 .ARM.attributes
                0x00000147       0x31 ..\obj\stm32f0xx_misc.o
 .ARM.attributes
                0x00000178       0x1e c:/program files/gnu tools arm embedded/4.7 2013q3/bin/../lib/gcc/arm-none-eabi/4.7.4/armv6-m\libgcc.a(_udivsi3.o)
 .ARM.attributes
                0x00000196       0x1e c:/program files/gnu tools arm embedded/4.7 2013q3/bin/../lib/gcc/arm-none-eabi/4.7.4/armv6-m\libgcc.a(_dvmd_tls.o)

.debug_frame    0x00000000     0x13fc
 .debug_frame   0x00000000      0x4e4 ..\obj\stm32f0xx_rcc.o
 .debug_frame   0x000004e4       0xec ..\obj\main.o
 .debug_frame   0x000005d0      0x550 ..\obj\stm32f0xx_i2c.o
 .debug_frame   0x00000b20       0x6c ..\obj\system_stm32f0xx_temp.o
 .debug_frame   0x00000b8c      0x1b0 ..\obj\stm32f0xx_gpio.o
 .debug_frame   0x00000d3c      0x630 ..\obj\stm32f0xx_usart.o
 .debug_frame   0x0000136c       0x70 ..\obj\stm32f0xx_misc.o
 .debug_frame   0x000013dc       0x20 c:/program files/gnu tools arm embedded/4.7 2013q3/bin/../lib/gcc/arm-none-eabi/4.7.4/armv6-m\libgcc.a(_udivsi3.o)
