Archive member included because of file (symbol)

c:/program files/gnu tools arm embedded/4.7 2013q3/bin/../lib/gcc/arm-none-eabi/4.7.4/armv6-m\libgcc.a(_udivsi3.o)
                              ..\obj\stm32f0xx_rcc.o (__aeabi_uidiv)
c:/program files/gnu tools arm embedded/4.7 2013q3/bin/../lib/gcc/arm-none-eabi/4.7.4/armv6-m\libgcc.a(_dvmd_tls.o)
                              c:/program files/gnu tools arm embedded/4.7 2013q3/bin/../lib/gcc/arm-none-eabi/4.7.4/armv6-m\libgcc.a(_udivsi3.o) (__aeabi_idiv0)
c:/program files/gnu tools arm embedded/4.7 2013q3/bin/../lib/gcc/arm-none-eabi/4.7.4/../../../../arm-none-eabi/lib/armv6-m\libg.a(lib_a-strlen.o)
                              ..\obj\main.o (strlen)

Allocating common symbols
Common symbol       size              file

st_re               0x64              ..\obj\main.o
st                  0x64              ..\obj\main.o

Discarded input sections

 .text          0x00000000        0x0 ..\obj\stm32f0xx_rcc.o
 .bss           0x00000000        0x0 ..\obj\stm32f0xx_rcc.o
 .text.RCC_DeInit
                0x00000000       0x88 ..\obj\stm32f0xx_rcc.o
 .text.RCC_HSEConfig
                0x00000000       0x24 ..\obj\stm32f0xx_rcc.o
 .text.RCC_WaitForHSEStartUp
                0x00000000       0x60 ..\obj\stm32f0xx_rcc.o
 .text.RCC_AdjustHSICalibrationValue
                0x00000000       0x3c ..\obj\stm32f0xx_rcc.o
 .text.RCC_HSICmd
                0x00000000       0x38 ..\obj\stm32f0xx_rcc.o
 .text.RCC_AdjustHSI14CalibrationValue
                0x00000000       0x3c ..\obj\stm32f0xx_rcc.o
 .text.RCC_HSI14Cmd
                0x00000000       0x38 ..\obj\stm32f0xx_rcc.o
 .text.RCC_HSI14ADCRequestCmd
                0x00000000       0x38 ..\obj\stm32f0xx_rcc.o
 .text.RCC_LSEConfig
                0x00000000       0x38 ..\obj\stm32f0xx_rcc.o
 .text.RCC_LSEDriveConfig
                0x00000000       0x2c ..\obj\stm32f0xx_rcc.o
 .text.RCC_LSICmd
                0x00000000       0x38 ..\obj\stm32f0xx_rcc.o
 .text.RCC_PLLConfig
                0x00000000       0x34 ..\obj\stm32f0xx_rcc.o
 .text.RCC_PLLCmd
                0x00000000       0x40 ..\obj\stm32f0xx_rcc.o
 .text.RCC_PREDIV1Config
                0x00000000       0x34 ..\obj\stm32f0xx_rcc.o
 .text.RCC_ClockSecuritySystemCmd
                0x00000000       0x40 ..\obj\stm32f0xx_rcc.o
 .text.RCC_MCOConfig
                0x00000000       0x20 ..\obj\stm32f0xx_rcc.o
 .text.RCC_SYSCLKConfig
                0x00000000       0x34 ..\obj\stm32f0xx_rcc.o
 .text.RCC_GetSYSCLKSource
                0x00000000       0x1c ..\obj\stm32f0xx_rcc.o
 .text.RCC_HCLKConfig
                0x00000000       0x34 ..\obj\stm32f0xx_rcc.o
 .text.RCC_PCLKConfig
                0x00000000       0x38 ..\obj\stm32f0xx_rcc.o
 .text.RCC_ADCCLKConfig
                0x00000000       0x50 ..\obj\stm32f0xx_rcc.o
 .text.RCC_CECCLKConfig
                0x00000000       0x2c ..\obj\stm32f0xx_rcc.o
 .text.RCC_I2CCLKConfig
                0x00000000       0x2c ..\obj\stm32f0xx_rcc.o
 .text.RCC_USARTCLKConfig
                0x00000000       0x2c ..\obj\stm32f0xx_rcc.o
 .text.RCC_RTCCLKConfig
                0x00000000       0x20 ..\obj\stm32f0xx_rcc.o
 .text.RCC_RTCCLKCmd
                0x00000000       0x40 ..\obj\stm32f0xx_rcc.o
 .text.RCC_BackupResetCmd
                0x00000000       0x40 ..\obj\stm32f0xx_rcc.o
 .text.RCC_APB1PeriphClockCmd
                0x00000000       0x3c ..\obj\stm32f0xx_rcc.o
 .text.RCC_AHBPeriphResetCmd
                0x00000000       0x3c ..\obj\stm32f0xx_rcc.o
 .text.RCC_APB2PeriphResetCmd
                0x00000000       0x3c ..\obj\stm32f0xx_rcc.o
 .text.RCC_APB1PeriphResetCmd
                0x00000000       0x3c ..\obj\stm32f0xx_rcc.o
 .text.RCC_ITConfig
                0x00000000       0x50 ..\obj\stm32f0xx_rcc.o
 .text.RCC_GetFlagStatus
                0x00000000       0x90 ..\obj\stm32f0xx_rcc.o
 .text.RCC_ClearFlag
                0x00000000       0x1c ..\obj\stm32f0xx_rcc.o
 .text.RCC_GetITStatus
                0x00000000       0x44 ..\obj\stm32f0xx_rcc.o
 .text.RCC_ClearITPendingBit
                0x00000000       0x20 ..\obj\stm32f0xx_rcc.o
 .text          0x00000000        0x0 ..\obj\main.o
 .text.Received_String
                0x00000000       0x40 ..\obj\main.o
 .text.delay    0x00000000       0x28 ..\obj\main.o
 .text          0x00000000       0x14 ..\obj\startup_stm32f0xx.o
 .data          0x00000000        0x0 ..\obj\startup_stm32f0xx.o
 .bss           0x00000000        0x0 ..\obj\startup_stm32f0xx.o
 .text          0x00000000        0x0 ..\obj\system_stm32f0xx_temp.o
 .data          0x00000000       0x14 ..\obj\system_stm32f0xx_temp.o
 .bss           0x00000000        0x0 ..\obj\system_stm32f0xx_temp.o
 .text.SystemCoreClockUpdate1
                0x00000000       0xd0 ..\obj\system_stm32f0xx_temp.o
 .text          0x00000000        0x0 ..\obj\stm32f0xx_gpio.o
 .data          0x00000000        0x0 ..\obj\stm32f0xx_gpio.o
 .bss           0x00000000        0x0 ..\obj\stm32f0xx_gpio.o
 .text.GPIO_DeInit
                0x00000000       0xc8 ..\obj\stm32f0xx_gpio.o
 .text.GPIO_StructInit
                0x00000000       0x30 ..\obj\stm32f0xx_gpio.o
 .text.GPIO_PinLockConfig
                0x00000000       0x44 ..\obj\stm32f0xx_gpio.o
 .text.GPIO_ReadInputDataBit
                0x00000000       0x48 ..\obj\stm32f0xx_gpio.o
 .text.GPIO_ReadInputData
                0x00000000       0x18 ..\obj\stm32f0xx_gpio.o
 .text.GPIO_ReadOutputDataBit
                0x00000000       0x48 ..\obj\stm32f0xx_gpio.o
 .text.GPIO_ReadOutputData
                0x00000000       0x18 ..\obj\stm32f0xx_gpio.o
 .text.GPIO_SetBits
                0x00000000       0x1c ..\obj\stm32f0xx_gpio.o
 .text.GPIO_ResetBits
                0x00000000       0x1c ..\obj\stm32f0xx_gpio.o
 .text.GPIO_WriteBit
                0x00000000       0x30 ..\obj\stm32f0xx_gpio.o
 .text.GPIO_Write
                0x00000000       0x1c ..\obj\stm32f0xx_gpio.o
 .text          0x00000000        0x0 ..\obj\stm32f0xx_usart.o
 .data          0x00000000        0x0 ..\obj\stm32f0xx_usart.o
 .bss           0x00000000        0x0 ..\obj\stm32f0xx_usart.o
 .text.USART_DeInit
                0x00000000       0x58 ..\obj\stm32f0xx_usart.o
 .text.USART_StructInit
                0x00000000       0x34 ..\obj\stm32f0xx_usart.o
 .text.USART_ClockInit
                0x00000000       0x48 ..\obj\stm32f0xx_usart.o
 .text.USART_ClockStructInit
                0x00000000       0x28 ..\obj\stm32f0xx_usart.o
 .text.USART_DirectionModeCmd
                0x00000000       0x38 ..\obj\stm32f0xx_usart.o
 .text.USART_OverSampling8Cmd
                0x00000000       0x3c ..\obj\stm32f0xx_usart.o
 .text.USART_OneBitMethodCmd
                0x00000000       0x3c ..\obj\stm32f0xx_usart.o
 .text.USART_MSBFirstCmd
                0x00000000       0x3c ..\obj\stm32f0xx_usart.o
 .text.USART_DataInvCmd
                0x00000000       0x3c ..\obj\stm32f0xx_usart.o
 .text.USART_InvPinCmd
                0x00000000       0x38 ..\obj\stm32f0xx_usart.o
 .text.USART_SWAPPinCmd
                0x00000000       0x3c ..\obj\stm32f0xx_usart.o
 .text.USART_ReceiverTimeOutCmd
                0x00000000       0x3c ..\obj\stm32f0xx_usart.o
 .text.USART_SetReceiverTimeOut
                0x00000000       0x28 ..\obj\stm32f0xx_usart.o
 .text.USART_SetPrescaler
                0x00000000       0x38 ..\obj\stm32f0xx_usart.o
 .text.USART_STOPModeCmd
                0x00000000       0x3c ..\obj\stm32f0xx_usart.o
 .text.USART_StopModeWakeUpSourceConfig
                0x00000000       0x2c ..\obj\stm32f0xx_usart.o
 .text.USART_AutoBaudRateCmd
                0x00000000       0x3c ..\obj\stm32f0xx_usart.o
 .text.USART_AutoBaudRateConfig
                0x00000000       0x2c ..\obj\stm32f0xx_usart.o
 .text.USART_ReceiveData
                0x00000000       0x1c ..\obj\stm32f0xx_usart.o
 .text.USART_SetAddress
                0x00000000       0x30 ..\obj\stm32f0xx_usart.o
 .text.USART_MuteModeCmd
                0x00000000       0x3c ..\obj\stm32f0xx_usart.o
 .text.USART_MuteModeWakeUpConfig
                0x00000000       0x2c ..\obj\stm32f0xx_usart.o
 .text.USART_AddressDetectionConfig
                0x00000000       0x2c ..\obj\stm32f0xx_usart.o
 .text.USART_LINBreakDetectLengthConfig
                0x00000000       0x2c ..\obj\stm32f0xx_usart.o
 .text.USART_LINCmd
                0x00000000       0x3c ..\obj\stm32f0xx_usart.o
 .text.USART_HalfDuplexCmd
                0x00000000       0x3c ..\obj\stm32f0xx_usart.o
 .text.USART_SetGuardTime
                0x00000000       0x3c ..\obj\stm32f0xx_usart.o
 .text.USART_SmartCardCmd
                0x00000000       0x3c ..\obj\stm32f0xx_usart.o
 .text.USART_SmartCardNACKCmd
                0x00000000       0x3c ..\obj\stm32f0xx_usart.o
 .text.USART_SetAutoRetryCount
                0x00000000       0x34 ..\obj\stm32f0xx_usart.o
 .text.USART_SetBlockLength
                0x00000000       0x30 ..\obj\stm32f0xx_usart.o
 .text.USART_IrDAConfig
                0x00000000       0x2c ..\obj\stm32f0xx_usart.o
 .text.USART_IrDACmd
                0x00000000       0x3c ..\obj\stm32f0xx_usart.o
 .text.USART_DECmd
                0x00000000       0x3c ..\obj\stm32f0xx_usart.o
 .text.USART_DEPolarityConfig
                0x00000000       0x2c ..\obj\stm32f0xx_usart.o
 .text.USART_SetDEAssertionTime
                0x00000000       0x30 ..\obj\stm32f0xx_usart.o
 .text.USART_SetDEDeassertionTime
                0x00000000       0x30 ..\obj\stm32f0xx_usart.o
 .text.USART_DMACmd
                0x00000000       0x38 ..\obj\stm32f0xx_usart.o
 .text.USART_DMAReceptionErrorConfig
                0x00000000       0x2c ..\obj\stm32f0xx_usart.o
 .text.USART_RequestCmd
                0x00000000       0x48 ..\obj\stm32f0xx_usart.o
 .text.USART_OverrunDetectionConfig
                0x00000000       0x2c ..\obj\stm32f0xx_usart.o
 .text.USART_ClearFlag
                0x00000000       0x18 ..\obj\stm32f0xx_usart.o
 .text.USART_ClearITPendingBit
                0x00000000       0x30 ..\obj\stm32f0xx_usart.o
 .text          0x00000000        0x0 ..\obj\stm32f0xx_misc.o
 .data          0x00000000        0x0 ..\obj\stm32f0xx_misc.o
 .bss           0x00000000        0x0 ..\obj\stm32f0xx_misc.o
 .text.NVIC_SystemLPConfig
                0x00000000       0x44 ..\obj\stm32f0xx_misc.o
 .text.SysTick_CLKSourceConfig
                0x00000000       0x34 ..\obj\stm32f0xx_misc.o
 .data          0x00000000        0x0 c:/program files/gnu tools arm embedded/4.7 2013q3/bin/../lib/gcc/arm-none-eabi/4.7.4/armv6-m\libgcc.a(_udivsi3.o)
 .bss           0x00000000        0x0 c:/program files/gnu tools arm embedded/4.7 2013q3/bin/../lib/gcc/arm-none-eabi/4.7.4/armv6-m\libgcc.a(_udivsi3.o)
 .data          0x00000000        0x0 c:/program files/gnu tools arm embedded/4.7 2013q3/bin/../lib/gcc/arm-none-eabi/4.7.4/armv6-m\libgcc.a(_dvmd_tls.o)
 .bss           0x00000000        0x0 c:/program files/gnu tools arm embedded/4.7 2013q3/bin/../lib/gcc/arm-none-eabi/4.7.4/armv6-m\libgcc.a(_dvmd_tls.o)
 .text          0x00000000        0x0 c:/program files/gnu tools arm embedded/4.7 2013q3/bin/../lib/gcc/arm-none-eabi/4.7.4/../../../../arm-none-eabi/lib/armv6-m\libg.a(lib_a-strlen.o)
 .data          0x00000000        0x0 c:/program files/gnu tools arm embedded/4.7 2013q3/bin/../lib/gcc/arm-none-eabi/4.7.4/../../../../arm-none-eabi/lib/armv6-m\libg.a(lib_a-strlen.o)
 .bss           0x00000000        0x0 c:/program files/gnu tools arm embedded/4.7 2013q3/bin/../lib/gcc/arm-none-eabi/4.7.4/../../../../arm-none-eabi/lib/armv6-m\libg.a(lib_a-strlen.o)

Memory Configuration

Name             Origin             Length             Attributes
rom              0x08000000         0x00008000         xr
ram              0x20000000         0x00001000         xrw
*default*        0x00000000         0xffffffff

Linker script and memory map

                0x20001000                _eram = 0x20001000

.text           0x08000000      0xe20
 *(.isr_vector)
 .isr_vector    0x08000000       0xc4 ..\obj\startup_stm32f0xx.o
                0x08000000                g_pfnVectors
 *(.text*)
 .text.RCC_GetClocksFreq
                0x080000c4      0x1cc ..\obj\stm32f0xx_rcc.o
                0x080000c4                RCC_GetClocksFreq
 .text.RCC_AHBPeriphClockCmd
                0x08000290       0x3c ..\obj\stm32f0xx_rcc.o
                0x08000290                RCC_AHBPeriphClockCmd
 .text.RCC_APB2PeriphClockCmd
                0x080002cc       0x3c ..\obj\stm32f0xx_rcc.o
                0x080002cc                RCC_APB2PeriphClockCmd
 .text.usart_setup
                0x08000308      0x108 ..\obj\main.o
                0x08000308                usart_setup
 .text.Send_Char
                0x08000410       0x38 ..\obj\main.o
                0x08000410                Send_Char
 .text.Send_String
                0x08000448       0x38 ..\obj\main.o
                0x08000448                Send_String
 .text.Received_Char
                0x08000480       0x2c ..\obj\main.o
                0x08000480                Received_Char
 .text.InitLED  0x080004ac       0x48 ..\obj\main.o
                0x080004ac                InitLED
 .text.USART1_IRQHandler
                0x080004f4       0xf0 ..\obj\main.o
                0x080004f4                USART1_IRQHandler
 .text.main     0x080005e4       0x10 ..\obj\main.o
                0x080005e4                main
 .text.Reset_Handler
                0x080005f4       0x4c ..\obj\startup_stm32f0xx.o
                0x080005f4                Reset_Handler
 .text.Default_Handler
                0x08000640        0x2 ..\obj\startup_stm32f0xx.o
                0x08000640                TIM1_CC_IRQHandler
                0x08000640                HardFault_Handler
                0x08000640                ADC1_COMP_IRQHandler
                0x08000640                SysTick_Handler
                0x08000640                PVD_IRQHandler
                0x08000640                PendSV_Handler
                0x08000640                NMI_Handler
                0x08000640                I2C1_IRQHandler
                0x08000640                SPI1_IRQHandler
                0x08000640                TIM6_DAC_IRQHandler
                0x08000640                EXTI2_3_IRQHandler
                0x08000640                I2C2_IRQHandler
                0x08000640                TIM17_IRQHandler
                0x08000640                RTC_IRQHandler
                0x08000640                TIM16_IRQHandler
                0x08000640                TIM3_IRQHandler
                0x08000640                EXTI4_15_IRQHandler
                0x08000640                RCC_IRQHandler
                0x08000640                DMA1_Channel1_IRQHandler
                0x08000640                Default_Handler
                0x08000640                CEC_IRQHandler
                0x08000640                TIM14_IRQHandler
                0x08000640                DMA1_Channel4_5_IRQHandler
                0x08000640                TIM15_IRQHandler
                0x08000640                EXTI0_1_IRQHandler
                0x08000640                SPI2_IRQHandler
                0x08000640                SVC_Handler
                0x08000640                TS_IRQHandler
                0x08000640                WWDG_IRQHandler
                0x08000640                TIM2_IRQHandler
                0x08000640                DMA1_Channel2_3_IRQHandler
                0x08000640                USART2_IRQHandler
                0x08000640                FLASH_IRQHandler
                0x08000640                TIM1_BRK_UP_TRG_COM_IRQHandler
 *fill*         0x08000642        0x2 00
 .text.SystemInit1
                0x08000644       0x8c ..\obj\system_stm32f0xx_temp.o
                0x08000644                SystemInit
                0x08000644                SystemInit1
 .text.SetSysClock1
                0x080006d0       0xe0 ..\obj\system_stm32f0xx_temp.o
                0x080006d0                SetSysClock
 .text.GPIO_Init
                0x080007b0      0x138 ..\obj\stm32f0xx_gpio.o
                0x080007b0                GPIO_Init
 .text.GPIO_PinAFConfig
                0x080008e8       0x9c ..\obj\stm32f0xx_gpio.o
                0x080008e8                GPIO_PinAFConfig
 .text.USART_Init
                0x08000984      0x160 ..\obj\stm32f0xx_usart.o
                0x08000984                USART_Init
 .text.USART_Cmd
                0x08000ae4       0x3c ..\obj\stm32f0xx_usart.o
                0x08000ae4                USART_Cmd
 .text.USART_SendData
                0x08000b20       0x24 ..\obj\stm32f0xx_usart.o
                0x08000b20                USART_SendData
 .text.USART_ITConfig
                0x08000b44       0x84 ..\obj\stm32f0xx_usart.o
                0x08000b44                USART_ITConfig
 .text.USART_GetFlagStatus
                0x08000bc8       0x3c ..\obj\stm32f0xx_usart.o
                0x08000bc8                USART_GetFlagStatus
 .text.USART_GetITStatus
                0x08000c04       0xb4 ..\obj\stm32f0xx_usart.o
                0x08000c04                USART_GetITStatus
 .text.NVIC_Init
                0x08000cb8       0xac ..\obj\stm32f0xx_misc.o
                0x08000cb8                NVIC_Init
 .text          0x08000d64       0x9c c:/program files/gnu tools arm embedded/4.7 2013q3/bin/../lib/gcc/arm-none-eabi/4.7.4/armv6-m\libgcc.a(_udivsi3.o)
                0x08000d64                __aeabi_uidiv
                0x08000d64                __udivsi3
                0x08000dec                __aeabi_uidivmod
 .text          0x08000e00        0x4 c:/program files/gnu tools arm embedded/4.7 2013q3/bin/../lib/gcc/arm-none-eabi/4.7.4/armv6-m\libgcc.a(_dvmd_tls.o)
                0x08000e00                __aeabi_idiv0
                0x08000e00                __aeabi_ldiv0
 .text.strlen   0x08000e04       0x10 c:/program files/gnu tools arm embedded/4.7 2013q3/bin/../lib/gcc/arm-none-eabi/4.7.4/../../../../arm-none-eabi/lib/armv6-m\libg.a(lib_a-strlen.o)
                0x08000e04                strlen
 *(.init)
 *(.fini)
 *crtbegin.o(.ctors)
 *crtbegin?.o(.ctors)
 *(EXCLUDE_FILE(*crtend.o *crtend?.o) .ctors)
 *(SORT(.ctors.*))
 *(.ctors)
 *crtbegin.o(.dtors)
 *crtbegin?.o(.dtors)
 *(EXCLUDE_FILE(*crtend.o *crtend?.o) .dtors)
 *(SORT(.dtors.*))
 *(.dtors)
 *(.rodata*)
 .rodata        0x08000e14        0xc ..\obj\main.o
 *(.eh_fram e*)

.glue_7         0x08000e20        0x0
 .glue_7        0x00000000        0x0 linker stubs

.glue_7t        0x08000e20        0x0
 .glue_7t       0x00000000        0x0 linker stubs

.vfp11_veneer   0x08000e20        0x0
 .vfp11_veneer  0x00000000        0x0 linker stubs

.v4_bx          0x08000e20        0x0
 .v4_bx         0x00000000        0x0 linker stubs

.iplt           0x08000e20        0x0
 .iplt          0x00000000        0x0 ..\obj\stm32f0xx_rcc.o

.rel.dyn        0x08000e20        0x0
 .rel.iplt      0x00000000        0x0 ..\obj\stm32f0xx_rcc.o

.ARM.extab
 *(.ARM.extab* .gnu.linkonce.armextab.*)
                0x08000e20                __exidx_start = .

.ARM.exidx
 *(.ARM.exidx* .gnu.linkonce.armexidx.*)
                0x08000e20                __exidx_end = .
                0x08000e20                __etext = .
                0x08000e20                _sidata = __etext

.data           0x20000000       0x74 load address 0x08000e20
                0x20000000                __data_start__ = .
                0x20000000                _sdata = __data_start__
 *(vtable)
 *(.data*)
 .data          0x20000000       0x10 ..\obj\stm32f0xx_rcc.o
 .data          0x20000010       0x64 ..\obj\main.o
                0x20000010                st_sd
                0x20000074                . = ALIGN (0x4)
                0x20000074                PROVIDE (__preinit_array_start, .)
 *(.preinit_array)
                0x20000074                PROVIDE (__preinit_array_end, .)
                0x20000074                . = ALIGN (0x4)
                0x20000074                PROVIDE (__init_array_start, .)
 *(SORT(.init_array.*))
 *(.init_array)
                0x20000074                PROVIDE (__init_array_end, .)
                0x20000074                . = ALIGN (0x4)
                0x20000074                PROVIDE (__fini_array_start, .)
 *(SORT(.fini_array.*))
 *(.fini_array)
                0x20000074                PROVIDE (__fini_array_end, .)
 *(.jcr*)
                0x20000074                . = ALIGN (0x4)
                0x20000074                __data_end__ = .
                0x20000074                _edata = __data_end__

.igot.plt       0x20000074        0x0 load address 0x08000e94
 .igot.plt      0x00000000        0x0 ..\obj\stm32f0xx_rcc.o

.bss            0x20000074       0xd0 load address 0x08000e94
                0x20000074                . = ALIGN (0x4)
                0x20000074                __bss_start__ = .
                0x20000074                _sbss = __bss_start__
 *(.bss*)
 .bss           0x20000074        0x8 ..\obj\main.o
                0x20000074                i
                0x20000078                i1
 *(COMMON)
 COMMON         0x2000007c       0xc8 ..\obj\main.o
                0x2000007c                st_re
                0x200000e0                st
                0x20000144                . = ALIGN (0x4)
                0x20000144                __bss_end__ = .
                0x20000144                _ebss = __bss_end__

.heap           0x20000144        0x0
                0x20000144                __end__ = .
                0x20000144                _end = __end__
                0x20000144                end = __end__
 *(.heap*)
                0x20000144                __HeapLimit = .

.co_stack       0x20000144        0x4 load address 0x08000f64
                0x20000148                . = ALIGN (0x8)
 *fill*         0x20000144        0x4 00
 *(.co_stack .co_stack.*)
                0x20001000                __StackTop = (ORIGIN (ram) + 0x1000)
                0x20000ffc                __StackLimit = (__StackTop - SIZEOF (.co_stack))
                0x20001000                PROVIDE (__stack, __StackTop)
                0x00000001                ASSERT ((__StackLimit >= __HeapLimit), region ram  overflowed with stack)
LOAD ..\obj\stm32f0xx_rcc.o
LOAD ..\obj\main.o
LOAD ..\obj\startup_stm32f0xx.o
LOAD ..\obj\system_stm32f0xx_temp.o
LOAD ..\obj\stm32f0xx_gpio.o
LOAD ..\obj\stm32f0xx_usart.o
LOAD ..\obj\stm32f0xx_misc.o
START GROUP
LOAD c:/program files/gnu tools arm embedded/4.7 2013q3/bin/../lib/gcc/arm-none-eabi/4.7.4/armv6-m\libgcc.a
LOAD c:/program files/gnu tools arm embedded/4.7 2013q3/bin/../lib/gcc/arm-none-eabi/4.7.4/../../../../arm-none-eabi/lib/armv6-m\libg.a
LOAD c:/program files/gnu tools arm embedded/4.7 2013q3/bin/../lib/gcc/arm-none-eabi/4.7.4/../../../../arm-none-eabi/lib/armv6-m\libc.a
END GROUP
OUTPUT(BT12_USART_Interupt.elf elf32-littlearm)

.debug_info     0x00000000     0x2eda
 .debug_info    0x00000000      0xa6a ..\obj\stm32f0xx_rcc.o
 .debug_info    0x00000a6a      0x79d ..\obj\main.o
 .debug_info    0x00001207       0xc5 ..\obj\startup_stm32f0xx.o
 .debug_info    0x000012cc      0x310 ..\obj\system_stm32f0xx_temp.o
 .debug_info    0x000015dc      0x619 ..\obj\stm32f0xx_gpio.o
 .debug_info    0x00001bf5      0xf48 ..\obj\stm32f0xx_usart.o
 .debug_info    0x00002b3d      0x39d ..\obj\stm32f0xx_misc.o

.debug_abbrev   0x00000000      0x953
 .debug_abbrev  0x00000000      0x1ee ..\obj\stm32f0xx_rcc.o
 .debug_abbrev  0x000001ee      0x1fb ..\obj\main.o
 .debug_abbrev  0x000003e9       0x12 ..\obj\startup_stm32f0xx.o
 .debug_abbrev  0x000003fb      0x136 ..\obj\system_stm32f0xx_temp.o
 .debug_abbrev  0x00000531      0x19d ..\obj\stm32f0xx_gpio.o
 .debug_abbrev  0x000006ce      0x15e ..\obj\stm32f0xx_usart.o
 .debug_abbrev  0x0000082c      0x127 ..\obj\stm32f0xx_misc.o

.debug_loc      0x00000000     0x1924
 .debug_loc     0x00000000      0x864 ..\obj\stm32f0xx_rcc.o
 .debug_loc     0x00000864      0x1ec ..\obj\main.o
 .debug_loc     0x00000a50       0x9c ..\obj\system_stm32f0xx_temp.o
 .debug_loc     0x00000aec      0x2d8 ..\obj\stm32f0xx_gpio.o
 .debug_loc     0x00000dc4      0xab8 ..\obj\stm32f0xx_usart.o
 .debug_loc     0x0000187c       0xa8 ..\obj\stm32f0xx_misc.o

.debug_aranges  0x00000000      0x458
 .debug_aranges
                0x00000000      0x150 ..\obj\stm32f0xx_rcc.o
 .debug_aranges
                0x00000150       0x60 ..\obj\main.o
 .debug_aranges
                0x000001b0       0x28 ..\obj\startup_stm32f0xx.o
 .debug_aranges
                0x000001d8       0x30 ..\obj\system_stm32f0xx_temp.o
 .debug_aranges
                0x00000208       0x80 ..\obj\stm32f0xx_gpio.o
 .debug_aranges
                0x00000288      0x1a0 ..\obj\stm32f0xx_usart.o
 .debug_aranges
                0x00000428       0x30 ..\obj\stm32f0xx_misc.o

.debug_ranges   0x00000000      0x3f0
 .debug_ranges  0x00000000      0x140 ..\obj\stm32f0xx_rcc.o
 .debug_ranges  0x00000140       0x50 ..\obj\main.o
 .debug_ranges  0x00000190       0x20 ..\obj\startup_stm32f0xx.o
 .debug_ranges  0x000001b0       0x20 ..\obj\system_stm32f0xx_temp.o
 .debug_ranges  0x000001d0       0x70 ..\obj\stm32f0xx_gpio.o
 .debug_ranges  0x00000240      0x190 ..\obj\stm32f0xx_usart.o
 .debug_ranges  0x000003d0       0x20 ..\obj\stm32f0xx_misc.o

.debug_line     0x00000000     0x143d
 .debug_line    0x00000000      0x4e2 ..\obj\stm32f0xx_rcc.o
 .debug_line    0x000004e2      0x2ac ..\obj\main.o
 .debug_line    0x0000078e       0xb6 ..\obj\startup_stm32f0xx.o
 .debug_line    0x00000844      0x182 ..\obj\system_stm32f0xx_temp.o
 .debug_line    0x000009c6      0x2bd ..\obj\stm32f0xx_gpio.o
 .debug_line    0x00000c83      0x5a8 ..\obj\stm32f0xx_usart.o
 .debug_line    0x0000122b      0x212 ..\obj\stm32f0xx_misc.o

.debug_str      0x00000000     0x158b
 .debug_str     0x00000000      0x654 ..\obj\stm32f0xx_rcc.o
                                0x6d3 (size before relaxing)
 .debug_str     0x00000654      0x55d ..\obj\main.o
                                0x67c (size before relaxing)
 .debug_str     0x00000bb1       0xb5 ..\obj\system_stm32f0xx_temp.o
                                0x24a (size before relaxing)
 .debug_str     0x00000c66      0x196 ..\obj\stm32f0xx_gpio.o
                                0x43a (size before relaxing)
 .debug_str     0x00000dfc      0x66d ..\obj\stm32f0xx_usart.o
                                0x901 (size before relaxing)
 .debug_str     0x00001469      0x122 ..\obj\stm32f0xx_misc.o
                                0x2af (size before relaxing)

.comment        0x00000000       0x70
 .comment       0x00000000       0x70 ..\obj\stm32f0xx_rcc.o
                                 0x71 (size before relaxing)
 .comment       0x00000000       0x71 ..\obj\main.o
 .comment       0x00000000       0x71 ..\obj\system_stm32f0xx_temp.o
 .comment       0x00000000       0x71 ..\obj\stm32f0xx_gpio.o
 .comment       0x00000000       0x71 ..\obj\stm32f0xx_usart.o
 .comment       0x00000000       0x71 ..\obj\stm32f0xx_misc.o

.ARM.attributes
                0x00000000       0x2f
 .ARM.attributes
                0x00000000       0x31 ..\obj\stm32f0xx_rcc.o
 .ARM.attributes
                0x00000031       0x31 ..\obj\main.o
 .ARM.attributes
                0x00000062       0x21 ..\obj\startup_stm32f0xx.o
 .ARM.attributes
                0x00000083       0x31 ..\obj\system_stm32f0xx_temp.o
 .ARM.attributes
                0x000000b4       0x31 ..\obj\stm32f0xx_gpio.o
 .ARM.attributes
                0x000000e5       0x31 ..\obj\stm32f0xx_usart.o
 .ARM.attributes
                0x00000116       0x31 ..\obj\stm32f0xx_misc.o
 .ARM.attributes
                0x00000147       0x1e c:/program files/gnu tools arm embedded/4.7 2013q3/bin/../lib/gcc/arm-none-eabi/4.7.4/armv6-m\libgcc.a(_udivsi3.o)
 .ARM.attributes
                0x00000165       0x1e c:/program files/gnu tools arm embedded/4.7 2013q3/bin/../lib/gcc/arm-none-eabi/4.7.4/armv6-m\libgcc.a(_dvmd_tls.o)
 .ARM.attributes
                0x00000183       0x2c c:/program files/gnu tools arm embedded/4.7 2013q3/bin/../lib/gcc/arm-none-eabi/4.7.4/../../../../arm-none-eabi/lib/armv6-m\libg.a(lib_a-strlen.o)

.debug_frame    0x00000000      0xf0c
 .debug_frame   0x00000000      0x4e4 ..\obj\stm32f0xx_rcc.o
 .debug_frame   0x000004e4      0x12c ..\obj\main.o
 .debug_frame   0x00000610       0x6c ..\obj\system_stm32f0xx_temp.o
 .debug_frame   0x0000067c      0x1b0 ..\obj\stm32f0xx_gpio.o
 .debug_frame   0x0000082c      0x630 ..\obj\stm32f0xx_usart.o
 .debug_frame   0x00000e5c       0x70 ..\obj\stm32f0xx_misc.o
 .debug_frame   0x00000ecc       0x20 c:/program files/gnu tools arm embedded/4.7 2013q3/bin/../lib/gcc/arm-none-eabi/4.7.4/armv6-m\libgcc.a(_udivsi3.o)
 .debug_frame   0x00000eec       0x20 c:/program files/gnu tools arm embedded/4.7 2013q3/bin/../lib/gcc/arm-none-eabi/4.7.4/../../../../arm-none-eabi/lib/armv6-m\libg.a(lib_a-strlen.o)
