Archive member included because of file (symbol)

c:/program files/gnu tools arm embedded/4.7 2013q3/bin/../lib/gcc/arm-none-eabi/4.7.4/armv6-m\libgcc.a(_udivsi3.o)
                              ..\obj\stm32f0xx_rcc.o (__aeabi_uidiv)
c:/program files/gnu tools arm embedded/4.7 2013q3/bin/../lib/gcc/arm-none-eabi/4.7.4/armv6-m\libgcc.a(_dvmd_tls.o)
                              c:/program files/gnu tools arm embedded/4.7 2013q3/bin/../lib/gcc/arm-none-eabi/4.7.4/armv6-m\libgcc.a(_udivsi3.o) (__aeabi_idiv0)

Allocating common symbols
Common symbol       size              file

I2C_InitStructure   0x1c              ..\obj\main.o
GPIO_InitStructure  0x8               ..\obj\main.o
NVIC_InitStructure  0x3               ..\obj\main.o

Discarded input sections

 .text          0x00000000        0x0 ..\obj\stm32f0xx_rcc.o
 .bss           0x00000000        0x0 ..\obj\stm32f0xx_rcc.o
 .text.RCC_DeInit
                0x00000000       0x88 ..\obj\stm32f0xx_rcc.o
 .text.RCC_HSEConfig
                0x00000000       0x24 ..\obj\stm32f0xx_rcc.o
 .text.RCC_WaitForHSEStartUp
                0x00000000       0x60 ..\obj\stm32f0xx_rcc.o
 .text.RCC_AdjustHSICalibrationValue
                0x00000000       0x3c ..\obj\stm32f0xx_rcc.o
 .text.RCC_HSICmd
                0x00000000       0x38 ..\obj\stm32f0xx_rcc.o
 .text.RCC_AdjustHSI14CalibrationValue
                0x00000000       0x3c ..\obj\stm32f0xx_rcc.o
 .text.RCC_HSI14Cmd
                0x00000000       0x38 ..\obj\stm32f0xx_rcc.o
 .text.RCC_HSI14ADCRequestCmd
                0x00000000       0x38 ..\obj\stm32f0xx_rcc.o
 .text.RCC_LSEConfig
                0x00000000       0x38 ..\obj\stm32f0xx_rcc.o
 .text.RCC_LSEDriveConfig
                0x00000000       0x2c ..\obj\stm32f0xx_rcc.o
 .text.RCC_LSICmd
                0x00000000       0x38 ..\obj\stm32f0xx_rcc.o
 .text.RCC_PLLConfig
                0x00000000       0x34 ..\obj\stm32f0xx_rcc.o
 .text.RCC_PLLCmd
                0x00000000       0x40 ..\obj\stm32f0xx_rcc.o
 .text.RCC_PREDIV1Config
                0x00000000       0x34 ..\obj\stm32f0xx_rcc.o
 .text.RCC_ClockSecuritySystemCmd
                0x00000000       0x40 ..\obj\stm32f0xx_rcc.o
 .text.RCC_MCOConfig
                0x00000000       0x20 ..\obj\stm32f0xx_rcc.o
 .text.RCC_SYSCLKConfig
                0x00000000       0x34 ..\obj\stm32f0xx_rcc.o
 .text.RCC_GetSYSCLKSource
                0x00000000       0x1c ..\obj\stm32f0xx_rcc.o
 .text.RCC_HCLKConfig
                0x00000000       0x34 ..\obj\stm32f0xx_rcc.o
 .text.RCC_PCLKConfig
                0x00000000       0x38 ..\obj\stm32f0xx_rcc.o
 .text.RCC_ADCCLKConfig
                0x00000000       0x50 ..\obj\stm32f0xx_rcc.o
 .text.RCC_CECCLKConfig
                0x00000000       0x2c ..\obj\stm32f0xx_rcc.o
 .text.RCC_I2CCLKConfig
                0x00000000       0x2c ..\obj\stm32f0xx_rcc.o
 .text.RCC_USARTCLKConfig
                0x00000000       0x2c ..\obj\stm32f0xx_rcc.o
 .text.RCC_RTCCLKConfig
                0x00000000       0x20 ..\obj\stm32f0xx_rcc.o
 .text.RCC_RTCCLKCmd
                0x00000000       0x40 ..\obj\stm32f0xx_rcc.o
 .text.RCC_BackupResetCmd
                0x00000000       0x40 ..\obj\stm32f0xx_rcc.o
 .text.RCC_AHBPeriphResetCmd
                0x00000000       0x3c ..\obj\stm32f0xx_rcc.o
 .text.RCC_APB2PeriphResetCmd
                0x00000000       0x3c ..\obj\stm32f0xx_rcc.o
 .text.RCC_APB1PeriphResetCmd
                0x00000000       0x3c ..\obj\stm32f0xx_rcc.o
 .text.RCC_ITConfig
                0x00000000       0x50 ..\obj\stm32f0xx_rcc.o
 .text.RCC_GetFlagStatus
                0x00000000       0x90 ..\obj\stm32f0xx_rcc.o
 .text.RCC_ClearFlag
                0x00000000       0x1c ..\obj\stm32f0xx_rcc.o
 .text.RCC_GetITStatus
                0x00000000       0x44 ..\obj\stm32f0xx_rcc.o
 .text.RCC_ClearITPendingBit
                0x00000000       0x20 ..\obj\stm32f0xx_rcc.o
 .text          0x00000000        0x0 ..\obj\main.o
 .data          0x00000000        0x0 ..\obj\main.o
 .bss           0x00000000        0x0 ..\obj\main.o
 .text          0x00000000       0x14 ..\obj\startup_stm32f0xx.o
 .data          0x00000000        0x0 ..\obj\startup_stm32f0xx.o
 .bss           0x00000000        0x0 ..\obj\startup_stm32f0xx.o
 .text          0x00000000        0x0 ..\obj\stm32f0xx_i2c.o
 .data          0x00000000        0x0 ..\obj\stm32f0xx_i2c.o
 .bss           0x00000000        0x0 ..\obj\stm32f0xx_i2c.o
 .text.I2C_DeInit
                0x00000000       0x4c ..\obj\stm32f0xx_i2c.o
 .text.I2C_StructInit
                0x00000000       0x3c ..\obj\stm32f0xx_i2c.o
 .text.I2C_SoftwareResetCmd
                0x00000000       0x30 ..\obj\stm32f0xx_i2c.o
 .text.I2C_StretchClockCmd
                0x00000000       0x3c ..\obj\stm32f0xx_i2c.o
 .text.I2C_StopModeCmd
                0x00000000       0x3c ..\obj\stm32f0xx_i2c.o
 .text.I2C_DualAddressCmd
                0x00000000       0x3c ..\obj\stm32f0xx_i2c.o
 .text.I2C_OwnAddress2Config
                0x00000000       0x50 ..\obj\stm32f0xx_i2c.o
 .text.I2C_GeneralCallCmd
                0x00000000       0x3c ..\obj\stm32f0xx_i2c.o
 .text.I2C_SlaveByteControlCmd
                0x00000000       0x3c ..\obj\stm32f0xx_i2c.o
 .text.I2C_SlaveAddressConfig
                0x00000000       0x3c ..\obj\stm32f0xx_i2c.o
 .text.I2C_10BitAddressingModeCmd
                0x00000000       0x3c ..\obj\stm32f0xx_i2c.o
 .text.I2C_AutoEndCmd
                0x00000000       0x3c ..\obj\stm32f0xx_i2c.o
 .text.I2C_ReloadCmd
                0x00000000       0x3c ..\obj\stm32f0xx_i2c.o
 .text.I2C_NumberOfBytesConfig
                0x00000000       0x44 ..\obj\stm32f0xx_i2c.o
 .text.I2C_MasterRequestConfig
                0x00000000       0x3c ..\obj\stm32f0xx_i2c.o
 .text.I2C_GenerateSTART
                0x00000000       0x3c ..\obj\stm32f0xx_i2c.o
 .text.I2C_GenerateSTOP
                0x00000000       0x3c ..\obj\stm32f0xx_i2c.o
 .text.I2C_10BitAddressHeaderCmd
                0x00000000       0x3c ..\obj\stm32f0xx_i2c.o
 .text.I2C_GetAddressMatched
                0x00000000       0x20 ..\obj\stm32f0xx_i2c.o
 .text.I2C_GetTransferDirection
                0x00000000       0x48 ..\obj\stm32f0xx_i2c.o
 .text.I2C_TransferHandling
                0x00000000       0x60 ..\obj\stm32f0xx_i2c.o
 .text.I2C_SMBusAlertCmd
                0x00000000       0x3c ..\obj\stm32f0xx_i2c.o
 .text.I2C_ClockTimeoutCmd
                0x00000000       0x3c ..\obj\stm32f0xx_i2c.o
 .text.I2C_ExtendedClockTimeoutCmd
                0x00000000       0x38 ..\obj\stm32f0xx_i2c.o
 .text.I2C_IdleClockTimeoutCmd
                0x00000000       0x3c ..\obj\stm32f0xx_i2c.o
 .text.I2C_TimeoutAConfig
                0x00000000       0x3c ..\obj\stm32f0xx_i2c.o
 .text.I2C_TimeoutBConfig
                0x00000000       0x44 ..\obj\stm32f0xx_i2c.o
 .text.I2C_CalculatePEC
                0x00000000       0x3c ..\obj\stm32f0xx_i2c.o
 .text.I2C_PECRequestCmd
                0x00000000       0x3c ..\obj\stm32f0xx_i2c.o
 .text.I2C_GetPEC
                0x00000000       0x18 ..\obj\stm32f0xx_i2c.o
 .text.I2C_ReadRegister
                0x00000000       0x2c ..\obj\stm32f0xx_i2c.o
 .text.I2C_SendData
                0x00000000       0x1c ..\obj\stm32f0xx_i2c.o
 .text.I2C_DMACmd
                0x00000000       0x38 ..\obj\stm32f0xx_i2c.o
 .text.I2C_GetFlagStatus
                0x00000000       0x4c ..\obj\stm32f0xx_i2c.o
 .text.I2C_ClearFlag
                0x00000000       0x18 ..\obj\stm32f0xx_i2c.o
 .text          0x00000000        0x0 ..\obj\system_stm32f0xx_temp.o
 .data          0x00000000       0x14 ..\obj\system_stm32f0xx_temp.o
 .bss           0x00000000        0x0 ..\obj\system_stm32f0xx_temp.o
 .text.SystemCoreClockUpdate1
                0x00000000       0xd0 ..\obj\system_stm32f0xx_temp.o
 .text          0x00000000        0x0 ..\obj\stm32f0xx_gpio.o
 .data          0x00000000        0x0 ..\obj\stm32f0xx_gpio.o
 .bss           0x00000000        0x0 ..\obj\stm32f0xx_gpio.o
 .text.GPIO_DeInit
                0x00000000       0xc8 ..\obj\stm32f0xx_gpio.o
 .text.GPIO_StructInit
                0x00000000       0x30 ..\obj\stm32f0xx_gpio.o
 .text.GPIO_PinLockConfig
                0x00000000       0x44 ..\obj\stm32f0xx_gpio.o
 .text.GPIO_ReadInputDataBit
                0x00000000       0x48 ..\obj\stm32f0xx_gpio.o
 .text.GPIO_ReadInputData
                0x00000000       0x18 ..\obj\stm32f0xx_gpio.o
 .text.GPIO_ReadOutputDataBit
                0x00000000       0x48 ..\obj\stm32f0xx_gpio.o
 .text.GPIO_ReadOutputData
                0x00000000       0x18 ..\obj\stm32f0xx_gpio.o
 .text.GPIO_SetBits
                0x00000000       0x1c ..\obj\stm32f0xx_gpio.o
 .text.GPIO_ResetBits
                0x00000000       0x1c ..\obj\stm32f0xx_gpio.o
 .text.GPIO_WriteBit
                0x00000000       0x30 ..\obj\stm32f0xx_gpio.o
 .text.GPIO_Write
                0x00000000       0x1c ..\obj\stm32f0xx_gpio.o
 .text          0x00000000        0x0 ..\obj\stm32f0xx_usart.o
 .data          0x00000000        0x0 ..\obj\stm32f0xx_usart.o
 .bss           0x00000000        0x0 ..\obj\stm32f0xx_usart.o
 .text.USART_DeInit
                0x00000000       0x58 ..\obj\stm32f0xx_usart.o
 .text.USART_StructInit
                0x00000000       0x34 ..\obj\stm32f0xx_usart.o
 .text.USART_ClockInit
                0x00000000       0x48 ..\obj\stm32f0xx_usart.o
 .text.USART_ClockStructInit
                0x00000000       0x28 ..\obj\stm32f0xx_usart.o
 .text.USART_DirectionModeCmd
                0x00000000       0x38 ..\obj\stm32f0xx_usart.o
 .text.USART_OverSampling8Cmd
                0x00000000       0x3c ..\obj\stm32f0xx_usart.o
 .text.USART_OneBitMethodCmd
                0x00000000       0x3c ..\obj\stm32f0xx_usart.o
 .text.USART_MSBFirstCmd
                0x00000000       0x3c ..\obj\stm32f0xx_usart.o
 .text.USART_DataInvCmd
                0x00000000       0x3c ..\obj\stm32f0xx_usart.o
 .text.USART_InvPinCmd
                0x00000000       0x38 ..\obj\stm32f0xx_usart.o
 .text.USART_SWAPPinCmd
                0x00000000       0x3c ..\obj\stm32f0xx_usart.o
 .text.USART_ReceiverTimeOutCmd
                0x00000000       0x3c ..\obj\stm32f0xx_usart.o
 .text.USART_SetReceiverTimeOut
                0x00000000       0x28 ..\obj\stm32f0xx_usart.o
 .text.USART_SetPrescaler
                0x00000000       0x38 ..\obj\stm32f0xx_usart.o
 .text.USART_STOPModeCmd
                0x00000000       0x3c ..\obj\stm32f0xx_usart.o
 .text.USART_StopModeWakeUpSourceConfig
                0x00000000       0x2c ..\obj\stm32f0xx_usart.o
 .text.USART_AutoBaudRateCmd
                0x00000000       0x3c ..\obj\stm32f0xx_usart.o
 .text.USART_AutoBaudRateConfig
                0x00000000       0x2c ..\obj\stm32f0xx_usart.o
 .text.USART_ReceiveData
                0x00000000       0x1c ..\obj\stm32f0xx_usart.o
 .text.USART_SetAddress
                0x00000000       0x30 ..\obj\stm32f0xx_usart.o
 .text.USART_MuteModeCmd
                0x00000000       0x3c ..\obj\stm32f0xx_usart.o
 .text.USART_MuteModeWakeUpConfig
                0x00000000       0x2c ..\obj\stm32f0xx_usart.o
 .text.USART_AddressDetectionConfig
                0x00000000       0x2c ..\obj\stm32f0xx_usart.o
 .text.USART_LINBreakDetectLengthConfig
                0x00000000       0x2c ..\obj\stm32f0xx_usart.o
 .text.USART_LINCmd
                0x00000000       0x3c ..\obj\stm32f0xx_usart.o
 .text.USART_HalfDuplexCmd
                0x00000000       0x3c ..\obj\stm32f0xx_usart.o
 .text.USART_SetGuardTime
                0x00000000       0x3c ..\obj\stm32f0xx_usart.o
 .text.USART_SmartCardCmd
                0x00000000       0x3c ..\obj\stm32f0xx_usart.o
 .text.USART_SmartCardNACKCmd
                0x00000000       0x3c ..\obj\stm32f0xx_usart.o
 .text.USART_SetAutoRetryCount
                0x00000000       0x34 ..\obj\stm32f0xx_usart.o
 .text.USART_SetBlockLength
                0x00000000       0x30 ..\obj\stm32f0xx_usart.o
 .text.USART_IrDAConfig
                0x00000000       0x2c ..\obj\stm32f0xx_usart.o
 .text.USART_IrDACmd
                0x00000000       0x3c ..\obj\stm32f0xx_usart.o
 .text.USART_DECmd
                0x00000000       0x3c ..\obj\stm32f0xx_usart.o
 .text.USART_DEPolarityConfig
                0x00000000       0x2c ..\obj\stm32f0xx_usart.o
 .text.USART_SetDEAssertionTime
                0x00000000       0x30 ..\obj\stm32f0xx_usart.o
 .text.USART_SetDEDeassertionTime
                0x00000000       0x30 ..\obj\stm32f0xx_usart.o
 .text.USART_DMACmd
                0x00000000       0x38 ..\obj\stm32f0xx_usart.o
 .text.USART_DMAReceptionErrorConfig
                0x00000000       0x2c ..\obj\stm32f0xx_usart.o
 .text.USART_ITConfig
                0x00000000       0x84 ..\obj\stm32f0xx_usart.o
 .text.USART_RequestCmd
                0x00000000       0x48 ..\obj\stm32f0xx_usart.o
 .text.USART_OverrunDetectionConfig
                0x00000000       0x2c ..\obj\stm32f0xx_usart.o
 .text.USART_ClearFlag
                0x00000000       0x18 ..\obj\stm32f0xx_usart.o
 .text.USART_GetITStatus
                0x00000000       0xb4 ..\obj\stm32f0xx_usart.o
 .text.USART_ClearITPendingBit
                0x00000000       0x30 ..\obj\stm32f0xx_usart.o
 .text          0x00000000        0x0 ..\obj\stm32f0xx_misc.o
 .data          0x00000000        0x0 ..\obj\stm32f0xx_misc.o
 .bss           0x00000000        0x0 ..\obj\stm32f0xx_misc.o
 .text.NVIC_SystemLPConfig
                0x00000000       0x44 ..\obj\stm32f0xx_misc.o
 .text.SysTick_CLKSourceConfig
                0x00000000       0x34 ..\obj\stm32f0xx_misc.o
 .data          0x00000000        0x0 c:/program files/gnu tools arm embedded/4.7 2013q3/bin/../lib/gcc/arm-none-eabi/4.7.4/armv6-m\libgcc.a(_udivsi3.o)
 .bss           0x00000000        0x0 c:/program files/gnu tools arm embedded/4.7 2013q3/bin/../lib/gcc/arm-none-eabi/4.7.4/armv6-m\libgcc.a(_udivsi3.o)
 .data          0x00000000        0x0 c:/program files/gnu tools arm embedded/4.7 2013q3/bin/../lib/gcc/arm-none-eabi/4.7.4/armv6-m\libgcc.a(_dvmd_tls.o)
 .bss           0x00000000        0x0 c:/program files/gnu tools arm embedded/4.7 2013q3/bin/../lib/gcc/arm-none-eabi/4.7.4/armv6-m\libgcc.a(_dvmd_tls.o)

Memory Configuration

Name             Origin             Length             Attributes
rom              0x08000000         0x00008000         xr
ram              0x20000000         0x00001000         xrw
*default*        0x00000000         0xffffffff

Linker script and memory map

                0x20001000                _eram = 0x20001000

.text           0x08000000      0xf5c
 *(.isr_vector)
 .isr_vector    0x08000000       0xc4 ..\obj\startup_stm32f0xx.o
                0x08000000                g_pfnVectors
 *(.text*)
 .text.RCC_GetClocksFreq
                0x080000c4      0x1cc ..\obj\stm32f0xx_rcc.o
                0x080000c4                RCC_GetClocksFreq
 .text.RCC_AHBPeriphClockCmd
                0x08000290       0x3c ..\obj\stm32f0xx_rcc.o
                0x08000290                RCC_AHBPeriphClockCmd
 .text.RCC_APB2PeriphClockCmd
                0x080002cc       0x3c ..\obj\stm32f0xx_rcc.o
                0x080002cc                RCC_APB2PeriphClockCmd
 .text.RCC_APB1PeriphClockCmd
                0x08000308       0x3c ..\obj\stm32f0xx_rcc.o
                0x08000308                RCC_APB1PeriphClockCmd
 .text.Delay    0x08000344       0x24 ..\obj\main.o
                0x08000344                Delay
 .text.InitLED  0x08000368       0x48 ..\obj\main.o
                0x08000368                InitLED
 .text.I2C_Configuration
                0x080003b0       0xe8 ..\obj\main.o
                0x080003b0                I2C_Configuration
 .text.I2C1_IRQHandler
                0x08000498       0xac ..\obj\main.o
                0x08000498                I2C1_IRQHandler
 .text.usart_setup
                0x08000544       0xbc ..\obj\main.o
                0x08000544                usart_setup
 .text.Send_Char
                0x08000600       0x38 ..\obj\main.o
                0x08000600                Send_Char
 .text.main     0x08000638       0x14 ..\obj\main.o
                0x08000638                main
 .text.Reset_Handler
                0x0800064c       0x4c ..\obj\startup_stm32f0xx.o
                0x0800064c                Reset_Handler
 .text.Default_Handler
                0x08000698        0x2 ..\obj\startup_stm32f0xx.o
                0x08000698                TIM1_CC_IRQHandler
                0x08000698                HardFault_Handler
                0x08000698                ADC1_COMP_IRQHandler
                0x08000698                SysTick_Handler
                0x08000698                PVD_IRQHandler
                0x08000698                PendSV_Handler
                0x08000698                NMI_Handler
                0x08000698                SPI1_IRQHandler
                0x08000698                TIM6_DAC_IRQHandler
                0x08000698                EXTI2_3_IRQHandler
                0x08000698                I2C2_IRQHandler
                0x08000698                TIM17_IRQHandler
                0x08000698                RTC_IRQHandler
                0x08000698                TIM16_IRQHandler
                0x08000698                TIM3_IRQHandler
                0x08000698                EXTI4_15_IRQHandler
                0x08000698                RCC_IRQHandler
                0x08000698                DMA1_Channel1_IRQHandler
                0x08000698                Default_Handler
                0x08000698                CEC_IRQHandler
                0x08000698                TIM14_IRQHandler
                0x08000698                DMA1_Channel4_5_IRQHandler
                0x08000698                TIM15_IRQHandler
                0x08000698                EXTI0_1_IRQHandler
                0x08000698                SPI2_IRQHandler
                0x08000698                SVC_Handler
                0x08000698                TS_IRQHandler
                0x08000698                WWDG_IRQHandler
                0x08000698                TIM2_IRQHandler
                0x08000698                DMA1_Channel2_3_IRQHandler
                0x08000698                USART2_IRQHandler
                0x08000698                FLASH_IRQHandler
                0x08000698                USART1_IRQHandler
                0x08000698                TIM1_BRK_UP_TRG_COM_IRQHandler
 *fill*         0x0800069a        0x2 00
 .text.I2C_Init
                0x0800069c       0xd0 ..\obj\stm32f0xx_i2c.o
                0x0800069c                I2C_Init
 .text.I2C_Cmd  0x0800076c       0x3c ..\obj\stm32f0xx_i2c.o
                0x0800076c                I2C_Cmd
 .text.I2C_ITConfig
                0x080007a8       0x38 ..\obj\stm32f0xx_i2c.o
                0x080007a8                I2C_ITConfig
 .text.I2C_AcknowledgeConfig
                0x080007e0       0x3c ..\obj\stm32f0xx_i2c.o
                0x080007e0                I2C_AcknowledgeConfig
 .text.I2C_ReceiveData
                0x0800081c       0x18 ..\obj\stm32f0xx_i2c.o
                0x0800081c                I2C_ReceiveData
 .text.I2C_GetITStatus
                0x08000834       0x88 ..\obj\stm32f0xx_i2c.o
                0x08000834                I2C_GetITStatus
 .text.I2C_ClearITPendingBit
                0x080008bc       0x18 ..\obj\stm32f0xx_i2c.o
                0x080008bc                I2C_ClearITPendingBit
 .text.SystemInit1
                0x080008d4       0x8c ..\obj\system_stm32f0xx_temp.o
                0x080008d4                SystemInit
                0x080008d4                SystemInit1
 .text.SetSysClock1
                0x08000960       0xe0 ..\obj\system_stm32f0xx_temp.o
                0x08000960                SetSysClock
 .text.GPIO_Init
                0x08000a40      0x138 ..\obj\stm32f0xx_gpio.o
                0x08000a40                GPIO_Init
 .text.GPIO_PinAFConfig
                0x08000b78       0x9c ..\obj\stm32f0xx_gpio.o
                0x08000b78                GPIO_PinAFConfig
 .text.USART_Init
                0x08000c14      0x160 ..\obj\stm32f0xx_usart.o
                0x08000c14                USART_Init
 .text.USART_Cmd
                0x08000d74       0x3c ..\obj\stm32f0xx_usart.o
                0x08000d74                USART_Cmd
 .text.USART_SendData
                0x08000db0       0x24 ..\obj\stm32f0xx_usart.o
                0x08000db0                USART_SendData
 .text.USART_GetFlagStatus
                0x08000dd4       0x3c ..\obj\stm32f0xx_usart.o
                0x08000dd4                USART_GetFlagStatus
 .text.NVIC_Init
                0x08000e10       0xac ..\obj\stm32f0xx_misc.o
                0x08000e10                NVIC_Init
 .text          0x08000ebc       0x9c c:/program files/gnu tools arm embedded/4.7 2013q3/bin/../lib/gcc/arm-none-eabi/4.7.4/armv6-m\libgcc.a(_udivsi3.o)
                0x08000ebc                __aeabi_uidiv
                0x08000ebc                __udivsi3
                0x08000f44                __aeabi_uidivmod
 .text          0x08000f58        0x4 c:/program files/gnu tools arm embedded/4.7 2013q3/bin/../lib/gcc/arm-none-eabi/4.7.4/armv6-m\libgcc.a(_dvmd_tls.o)
                0x08000f58                __aeabi_idiv0
                0x08000f58                __aeabi_ldiv0
 *(.init)
 *(.fini)
 *crtbegin.o(.ctors)
 *crtbegin?.o(.ctors)
 *(EXCLUDE_FILE(*crtend.o *crtend?.o) .ctors)
 *(SORT(.ctors.*))
 *(.ctors)
 *crtbegin.o(.dtors)
 *crtbegin?.o(.dtors)
 *(EXCLUDE_FILE(*crtend.o *crtend?.o) .dtors)
 *(SORT(.dtors.*))
 *(.dtors)
 *(.rodata*)
 *(.eh_fram e*)

.glue_7         0x08000f5c        0x0
 .glue_7        0x00000000        0x0 linker stubs

.glue_7t        0x08000f5c        0x0
 .glue_7t       0x00000000        0x0 linker stubs

.vfp11_veneer   0x08000f5c        0x0
 .vfp11_veneer  0x00000000        0x0 linker stubs

.v4_bx          0x08000f5c        0x0
 .v4_bx         0x00000000        0x0 linker stubs

.iplt           0x08000f5c        0x0
 .iplt          0x00000000        0x0 ..\obj\stm32f0xx_rcc.o

.rel.dyn        0x08000f5c        0x0
 .rel.iplt      0x00000000        0x0 ..\obj\stm32f0xx_rcc.o

.ARM.extab
 *(.ARM.extab* .gnu.linkonce.armextab.*)
                0x08000f5c                __exidx_start = .

.ARM.exidx
 *(.ARM.exidx* .gnu.linkonce.armexidx.*)
                0x08000f5c                __exidx_end = .
                0x08000f5c                __etext = .
                0x08000f5c                _sidata = __etext

.data           0x20000000       0x10 load address 0x08000f5c
                0x20000000                __data_start__ = .
                0x20000000                _sdata = __data_start__
 *(vtable)
 *(.data*)
 .data          0x20000000       0x10 ..\obj\stm32f0xx_rcc.o
                0x20000010                . = ALIGN (0x4)
                0x20000010                PROVIDE (__preinit_array_start, .)
 *(.preinit_array)
                0x20000010                PROVIDE (__preinit_array_end, .)
                0x20000010                . = ALIGN (0x4)
                0x20000010                PROVIDE (__init_array_start, .)
 *(SORT(.init_array.*))
 *(.init_array)
                0x20000010                PROVIDE (__init_array_end, .)
                0x20000010                . = ALIGN (0x4)
                0x20000010                PROVIDE (__fini_array_start, .)
 *(SORT(.fini_array.*))
 *(.fini_array)
                0x20000010                PROVIDE (__fini_array_end, .)
 *(.jcr*)
                0x20000010                . = ALIGN (0x4)
                0x20000010                __data_end__ = .
                0x20000010                _edata = __data_end__

.igot.plt       0x20000010        0x0 load address 0x08000f6c
 .igot.plt      0x00000000        0x0 ..\obj\stm32f0xx_rcc.o

.bss            0x20000010       0x28 load address 0x08000f6c
                0x20000010                . = ALIGN (0x4)
                0x20000010                __bss_start__ = .
                0x20000010                _sbss = __bss_start__
 *(.bss*)
 *(COMMON)
 COMMON         0x20000010       0x27 ..\obj\main.o
                0x20000010                I2C_InitStructure
                0x2000002c                GPIO_InitStructure
                0x20000034                NVIC_InitStructure
                0x20000038                . = ALIGN (0x4)
 *fill*         0x20000037        0x1 00
                0x20000038                __bss_end__ = .
                0x20000038                _ebss = __bss_end__

.heap           0x20000038        0x0
                0x20000038                __end__ = .
                0x20000038                _end = __end__
                0x20000038                end = __end__
 *(.heap*)
                0x20000038                __HeapLimit = .

.co_stack       0x20000038        0x0
                0x20000038                . = ALIGN (0x8)
 *(.co_stack .co_stack.*)
                0x20001000                __StackTop = (ORIGIN (ram) + 0x1000)
                0x20001000                __StackLimit = (__StackTop - SIZEOF (.co_stack))
                0x20001000                PROVIDE (__stack, __StackTop)
                0x00000001                ASSERT ((__StackLimit >= __HeapLimit), region ram  overflowed with stack)
LOAD ..\obj\stm32f0xx_rcc.o
LOAD ..\obj\main.o
LOAD ..\obj\startup_stm32f0xx.o
LOAD ..\obj\stm32f0xx_i2c.o
LOAD ..\obj\system_stm32f0xx_temp.o
LOAD ..\obj\stm32f0xx_gpio.o
LOAD ..\obj\stm32f0xx_usart.o
LOAD ..\obj\stm32f0xx_misc.o
START GROUP
LOAD c:/program files/gnu tools arm embedded/4.7 2013q3/bin/../lib/gcc/arm-none-eabi/4.7.4/armv6-m\libgcc.a
LOAD c:/program files/gnu tools arm embedded/4.7 2013q3/bin/../lib/gcc/arm-none-eabi/4.7.4/../../../../arm-none-eabi/lib/armv6-m\libg.a
LOAD c:/program files/gnu tools arm embedded/4.7 2013q3/bin/../lib/gcc/arm-none-eabi/4.7.4/../../../../arm-none-eabi/lib/armv6-m\libc.a
END GROUP
OUTPUT(I2C_Slave.elf elf32-littlearm)

.debug_info     0x00000000     0x3b7f
 .debug_info    0x00000000      0xa6a ..\obj\stm32f0xx_rcc.o
 .debug_info    0x00000a6a      0x7d4 ..\obj\main.o
 .debug_info    0x0000123e       0xa7 ..\obj\startup_stm32f0xx.o
 .debug_info    0x000012e5      0xc8c ..\obj\stm32f0xx_i2c.o
 .debug_info    0x00001f71      0x310 ..\obj\system_stm32f0xx_temp.o
 .debug_info    0x00002281      0x619 ..\obj\stm32f0xx_gpio.o
 .debug_info    0x0000289a      0xf48 ..\obj\stm32f0xx_usart.o
 .debug_info    0x000037e2      0x39d ..\obj\stm32f0xx_misc.o

.debug_abbrev   0x00000000      0xa81
 .debug_abbrev  0x00000000      0x1ee ..\obj\stm32f0xx_rcc.o
 .debug_abbrev  0x000001ee      0x1a2 ..\obj\main.o
 .debug_abbrev  0x00000390       0x12 ..\obj\startup_stm32f0xx.o
 .debug_abbrev  0x000003a2      0x187 ..\obj\stm32f0xx_i2c.o
 .debug_abbrev  0x00000529      0x136 ..\obj\system_stm32f0xx_temp.o
 .debug_abbrev  0x0000065f      0x19d ..\obj\stm32f0xx_gpio.o
 .debug_abbrev  0x000007fc      0x15e ..\obj\stm32f0xx_usart.o
 .debug_abbrev  0x0000095a      0x127 ..\obj\stm32f0xx_misc.o

.debug_loc      0x00000000     0x21d8
 .debug_loc     0x00000000      0x864 ..\obj\stm32f0xx_rcc.o
 .debug_loc     0x00000864      0x170 ..\obj\main.o
 .debug_loc     0x000009d4      0x930 ..\obj\stm32f0xx_i2c.o
 .debug_loc     0x00001304       0x9c ..\obj\system_stm32f0xx_temp.o
 .debug_loc     0x000013a0      0x2d8 ..\obj\stm32f0xx_gpio.o
 .debug_loc     0x00001678      0xab8 ..\obj\stm32f0xx_usart.o
 .debug_loc     0x00002130       0xa8 ..\obj\stm32f0xx_misc.o

.debug_aranges  0x00000000      0x5b0
 .debug_aranges
                0x00000000      0x150 ..\obj\stm32f0xx_rcc.o
 .debug_aranges
                0x00000150       0x50 ..\obj\main.o
 .debug_aranges
                0x000001a0       0x28 ..\obj\startup_stm32f0xx.o
 .debug_aranges
                0x000001c8      0x168 ..\obj\stm32f0xx_i2c.o
 .debug_aranges
                0x00000330       0x30 ..\obj\system_stm32f0xx_temp.o
 .debug_aranges
                0x00000360       0x80 ..\obj\stm32f0xx_gpio.o
 .debug_aranges
                0x000003e0      0x1a0 ..\obj\stm32f0xx_usart.o
 .debug_aranges
                0x00000580       0x30 ..\obj\stm32f0xx_misc.o

.debug_ranges   0x00000000      0x538
 .debug_ranges  0x00000000      0x140 ..\obj\stm32f0xx_rcc.o
 .debug_ranges  0x00000140       0x40 ..\obj\main.o
 .debug_ranges  0x00000180       0x20 ..\obj\startup_stm32f0xx.o
 .debug_ranges  0x000001a0      0x158 ..\obj\stm32f0xx_i2c.o
 .debug_ranges  0x000002f8       0x20 ..\obj\system_stm32f0xx_temp.o
 .debug_ranges  0x00000318       0x70 ..\obj\stm32f0xx_gpio.o
 .debug_ranges  0x00000388      0x190 ..\obj\stm32f0xx_usart.o
 .debug_ranges  0x00000518       0x20 ..\obj\stm32f0xx_misc.o

.debug_line     0x00000000     0x1842
 .debug_line    0x00000000      0x4c4 ..\obj\stm32f0xx_rcc.o
 .debug_line    0x000004c4      0x25a ..\obj\main.o
 .debug_line    0x0000071e       0xac ..\obj\startup_stm32f0xx.o
 .debug_line    0x000007ca      0x4ed ..\obj\stm32f0xx_i2c.o
 .debug_line    0x00000cb7      0x178 ..\obj\system_stm32f0xx_temp.o
 .debug_line    0x00000e2f      0x29f ..\obj\stm32f0xx_gpio.o
 .debug_line    0x000010ce      0x58a ..\obj\stm32f0xx_usart.o
 .debug_line    0x00001658      0x1ea ..\obj\stm32f0xx_misc.o

.debug_str      0x00000000     0x1989
 .debug_str     0x00000000      0x64a ..\obj\stm32f0xx_rcc.o
                                0x6c9 (size before relaxing)
 .debug_str     0x0000064a      0x5ac ..\obj\main.o
                                0x6c6 (size before relaxing)
 .debug_str     0x00000bf6      0x3e1 ..\obj\stm32f0xx_i2c.o
                                0x5de (size before relaxing)
 .debug_str     0x00000fd7       0xab ..\obj\system_stm32f0xx_temp.o
                                0x240 (size before relaxing)
 .debug_str     0x00001082      0x18c ..\obj\stm32f0xx_gpio.o
                                0x430 (size before relaxing)
 .debug_str     0x0000120e      0x663 ..\obj\stm32f0xx_usart.o
                                0x8f7 (size before relaxing)
 .debug_str     0x00001871      0x118 ..\obj\stm32f0xx_misc.o
                                0x2a5 (size before relaxing)

.comment        0x00000000       0x70
 .comment       0x00000000       0x70 ..\obj\stm32f0xx_rcc.o
                                 0x71 (size before relaxing)
 .comment       0x00000000       0x71 ..\obj\main.o
 .comment       0x00000000       0x71 ..\obj\stm32f0xx_i2c.o
 .comment       0x00000000       0x71 ..\obj\system_stm32f0xx_temp.o
 .comment       0x00000000       0x71 ..\obj\stm32f0xx_gpio.o
 .comment       0x00000000       0x71 ..\obj\stm32f0xx_usart.o
 .comment       0x00000000       0x71 ..\obj\stm32f0xx_misc.o

.ARM.attributes
                0x00000000       0x2f
 .ARM.attributes
                0x00000000       0x31 ..\obj\stm32f0xx_rcc.o
 .ARM.attributes
                0x00000031       0x31 ..\obj\main.o
 .ARM.attributes
                0x00000062       0x21 ..\obj\startup_stm32f0xx.o
 .ARM.attributes
                0x00000083       0x31 ..\obj\stm32f0xx_i2c.o
 .ARM.attributes
                0x000000b4       0x31 ..\obj\system_stm32f0xx_temp.o
 .ARM.attributes
                0x000000e5       0x31 ..\obj\stm32f0xx_gpio.o
 .ARM.attributes
                0x00000116       0x31 ..\obj\stm32f0xx_usart.o
 .ARM.attributes
                0x00000147       0x31 ..\obj\stm32f0xx_misc.o
 .ARM.attributes
                0x00000178       0x1e c:/program files/gnu tools arm embedded/4.7 2013q3/bin/../lib/gcc/arm-none-eabi/4.7.4/armv6-m\libgcc.a(_udivsi3.o)
 .ARM.attributes
                0x00000196       0x1e c:/program files/gnu tools arm embedded/4.7 2013q3/bin/../lib/gcc/arm-none-eabi/4.7.4/armv6-m\libgcc.a(_dvmd_tls.o)

.debug_frame    0x00000000     0x13f8
 .debug_frame   0x00000000      0x4e4 ..\obj\stm32f0xx_rcc.o
 .debug_frame   0x000004e4       0xe8 ..\obj\main.o
 .debug_frame   0x000005cc      0x550 ..\obj\stm32f0xx_i2c.o
 .debug_frame   0x00000b1c       0x6c ..\obj\system_stm32f0xx_temp.o
 .debug_frame   0x00000b88      0x1b0 ..\obj\stm32f0xx_gpio.o
 .debug_frame   0x00000d38      0x630 ..\obj\stm32f0xx_usart.o
 .debug_frame   0x00001368       0x70 ..\obj\stm32f0xx_misc.o
 .debug_frame   0x000013d8       0x20 c:/program files/gnu tools arm embedded/4.7 2013q3/bin/../lib/gcc/arm-none-eabi/4.7.4/armv6-m\libgcc.a(_udivsi3.o)
